Archive member included because of file (symbol)

c:/program files (x86)/atmel/atmel studio 6.0/extensions/atmel/avrgcc/3.3.2.31/avrtoolchain/bin/../lib/gcc/avr/4.5.1/avr51\libgcc.a(_mulsi3.o)
                              Drv/drv_timer.o (__mulsi3)
c:/program files (x86)/atmel/atmel studio 6.0/extensions/atmel/avrgcc/3.3.2.31/avrtoolchain/bin/../lib/gcc/avr/4.5.1/avr51\libgcc.a(_udivmodqi4.o)
                              Drv/drv_timer.o (__udivmodqi4)
c:/program files (x86)/atmel/atmel studio 6.0/extensions/atmel/avrgcc/3.3.2.31/avrtoolchain/bin/../lib/gcc/avr/4.5.1/avr51\libgcc.a(_udivmodhi4.o)
                              Drv/drv_servo.o (__udivmodhi4)
c:/program files (x86)/atmel/atmel studio 6.0/extensions/atmel/avrgcc/3.3.2.31/avrtoolchain/bin/../lib/gcc/avr/4.5.1/avr51\libgcc.a(_udivmodsi4.o)
                              Drv/drv_timer.o (__udivmodsi4)
c:/program files (x86)/atmel/atmel studio 6.0/extensions/atmel/avrgcc/3.3.2.31/avrtoolchain/bin/../lib/gcc/avr/4.5.1/avr51\libgcc.a(_exit.o)
                              c:/program files (x86)/atmel/atmel studio 6.0/extensions/atmel/avrgcc/3.3.2.31/avrtoolchain/bin/../lib/gcc/avr/4.5.1/../../../../avr/lib/avr51/crtm1284p.o (exit)
c:/program files (x86)/atmel/atmel studio 6.0/extensions/atmel/avrgcc/3.3.2.31/avrtoolchain/bin/../lib/gcc/avr/4.5.1/avr51\libgcc.a(_copy_data.o)
                              Ctrl/ctrl_marche.o (__do_copy_data)
c:/program files (x86)/atmel/atmel studio 6.0/extensions/atmel/avrgcc/3.3.2.31/avrtoolchain/bin/../lib/gcc/avr/4.5.1/avr51\libgcc.a(_clear_bss.o)
                              Ctrl/ctrl_marche.o (__do_clear_bss)

Allocating common symbols
Common symbol       size              file

MesLeds             0x3c              Drv/drv_led.o
MesTimer            0x0               Drv/drv_timer.o
i_message_from_digi
                    0x32              Ctrl/ctrl_uart_protocole.o
buff_uart_1         0x32              Drv/drv_uart.o
i_message_from_head
                    0x32              Ctrl/ctrl_uart_protocole.o
in_message_1        0x32              Drv/drv_uart.o
in_message_0        0x32              Drv/drv_uart.o
buff_uart_0         0x32              Drv/drv_uart.o

Memory Configuration

Name             Origin             Length             Attributes
text             0x00000000         0x00020000         xr
data             0x00800100         0x0000ff00         rw !x
eeprom           0x00810000         0x00010000         rw !x
fuse             0x00820000         0x00000400         rw !x
lock             0x00830000         0x00000400         rw !x
signature        0x00840000         0x00000400         rw !x
*default*        0x00000000         0xffffffff

Linker script and memory map

Address of section .data set to 0x800100
LOAD c:/program files (x86)/atmel/atmel studio 6.0/extensions/atmel/avrgcc/3.3.2.31/avrtoolchain/bin/../lib/gcc/avr/4.5.1/../../../../avr/lib/avr51/crtm1284p.o
LOAD Ctrl/ctrl_marche.o
LOAD Ctrl/ctrl_patte.o
LOAD Ctrl/ctrl_tete.o
LOAD Ctrl/ctrl_uart_protocole.o
LOAD Drv/drv_event.o
LOAD Drv/drv_interrupt.o
LOAD Drv/drv_led.o
LOAD Drv/drv_servo.o
LOAD Drv/drv_timer.o
LOAD Drv/drv_uart.o
LOAD main.o
LOAD Mic/mic_adc.o
LOAD Mic/mic_interrupt.o
LOAD Mic/mic_io_ports.o
LOAD Mic/mic_power_management.o
LOAD Mic/mic_system_clock.o
LOAD Mic/mic_system_control.o
LOAD Mic/mic_timer_0.o
LOAD Mic/mic_usart.o
START GROUP
LOAD c:/program files (x86)/atmel/atmel studio 6.0/extensions/atmel/avrgcc/3.3.2.31/avrtoolchain/bin/../lib/gcc/avr/4.5.1/../../../../avr/lib/avr51\libm.a
END GROUP
                0x00004000                __stack = 0x4000
LOAD c:/program files (x86)/atmel/atmel studio 6.0/extensions/atmel/avrgcc/3.3.2.31/avrtoolchain/bin/../lib/gcc/avr/4.5.1/avr51\libgcc.a
LOAD c:/program files (x86)/atmel/atmel studio 6.0/extensions/atmel/avrgcc/3.3.2.31/avrtoolchain/bin/../lib/gcc/avr/4.5.1/../../../../avr/lib/avr51\libc.a
LOAD c:/program files (x86)/atmel/atmel studio 6.0/extensions/atmel/avrgcc/3.3.2.31/avrtoolchain/bin/../lib/gcc/avr/4.5.1/avr51\libgcc.a

.hash
 *(.hash)

.dynsym
 *(.dynsym)

.dynstr
 *(.dynstr)

.gnu.version
 *(.gnu.version)

.gnu.version_d
 *(.gnu.version_d)

.gnu.version_r
 *(.gnu.version_r)

.rel.init
 *(.rel.init)

.rela.init
 *(.rela.init)

.rel.text
 *(.rel.text)
 *(.rel.text.*)
 *(.rel.gnu.linkonce.t*)

.rela.text
 *(.rela.text)
 *(.rela.text.*)
 *(.rela.gnu.linkonce.t*)

.rel.fini
 *(.rel.fini)

.rela.fini
 *(.rela.fini)

.rel.rodata
 *(.rel.rodata)
 *(.rel.rodata.*)
 *(.rel.gnu.linkonce.r*)

.rela.rodata
 *(.rela.rodata)
 *(.rela.rodata.*)
 *(.rela.gnu.linkonce.r*)

.rel.data
 *(.rel.data)
 *(.rel.data.*)
 *(.rel.gnu.linkonce.d*)

.rela.data
 *(.rela.data)
 *(.rela.data.*)
 *(.rela.gnu.linkonce.d*)

.rel.ctors
 *(.rel.ctors)

.rela.ctors
 *(.rela.ctors)

.rel.dtors
 *(.rel.dtors)

.rela.dtors
 *(.rela.dtors)

.rel.got
 *(.rel.got)

.rela.got
 *(.rela.got)

.rel.bss
 *(.rel.bss)

.rela.bss
 *(.rela.bss)

.rel.plt
 *(.rel.plt)

.rela.plt
 *(.rela.plt)

.text           0x00000000     0x3dfe
 *(.vectors)
 .vectors       0x00000000       0x8c c:/program files (x86)/atmel/atmel studio 6.0/extensions/atmel/avrgcc/3.3.2.31/avrtoolchain/bin/../lib/gcc/avr/4.5.1/../../../../avr/lib/avr51/crtm1284p.o
                0x00000000                __vector_default
                0x00000000                __vectors
 *(.vectors)
 *(.progmem.gcc*)
 *(.progmem*)
                0x0000008c                . = ALIGN (0x2)
                0x0000008c                __trampolines_start = .
 *(.trampolines)
 .trampolines   0x0000008c        0x0 linker stubs
 *(.trampolines*)
                0x0000008c                __trampolines_end = .
 *(.jumptables)
 *(.jumptables*)
 *(.lowtext)
 *(.lowtext*)
                0x0000008c                __ctors_start = .
 *(.ctors)
                0x0000008c                __ctors_end = .
                0x0000008c                __dtors_start = .
 *(.dtors)
                0x0000008c                __dtors_end = .
 SORT(*)(.ctors)
 SORT(*)(.dtors)
 *(.init0)
 .init0         0x0000008c        0x0 c:/program files (x86)/atmel/atmel studio 6.0/extensions/atmel/avrgcc/3.3.2.31/avrtoolchain/bin/../lib/gcc/avr/4.5.1/../../../../avr/lib/avr51/crtm1284p.o
                0x0000008c                __init
 *(.init0)
 *(.init1)
 *(.init1)
 *(.init2)
 .init2         0x0000008c        0xc c:/program files (x86)/atmel/atmel studio 6.0/extensions/atmel/avrgcc/3.3.2.31/avrtoolchain/bin/../lib/gcc/avr/4.5.1/../../../../avr/lib/avr51/crtm1284p.o
 *(.init2)
 *(.init3)
 *(.init3)
 *(.init4)
 .init4         0x00000098       0x1a c:/program files (x86)/atmel/atmel studio 6.0/extensions/atmel/avrgcc/3.3.2.31/avrtoolchain/bin/../lib/gcc/avr/4.5.1/avr51\libgcc.a(_copy_data.o)
                0x00000098                __do_copy_data
 .init4         0x000000b2       0x10 c:/program files (x86)/atmel/atmel studio 6.0/extensions/atmel/avrgcc/3.3.2.31/avrtoolchain/bin/../lib/gcc/avr/4.5.1/avr51\libgcc.a(_clear_bss.o)
                0x000000b2                __do_clear_bss
 *(.init4)
 *(.init5)
 *(.init5)
 *(.init6)
 *(.init6)
 *(.init7)
 *(.init7)
 *(.init8)
 *(.init8)
 *(.init9)
 .init9         0x000000c2        0x8 c:/program files (x86)/atmel/atmel studio 6.0/extensions/atmel/avrgcc/3.3.2.31/avrtoolchain/bin/../lib/gcc/avr/4.5.1/../../../../avr/lib/avr51/crtm1284p.o
 *(.init9)
 *(.text)
 .text          0x000000ca        0x4 c:/program files (x86)/atmel/atmel studio 6.0/extensions/atmel/avrgcc/3.3.2.31/avrtoolchain/bin/../lib/gcc/avr/4.5.1/../../../../avr/lib/avr51/crtm1284p.o
                0x000000ca                __vector_22
                0x000000ca                __vector_1
                0x000000ca                __vector_32
                0x000000ca                __vector_34
                0x000000ca                __vector_24
                0x000000ca                __vector_12
                0x000000ca                __bad_interrupt
                0x000000ca                __vector_6
                0x000000ca                __vector_31
                0x000000ca                __vector_3
                0x000000ca                __vector_23
                0x000000ca                __vector_30
                0x000000ca                __vector_25
                0x000000ca                __vector_11
                0x000000ca                __vector_17
                0x000000ca                __vector_19
                0x000000ca                __vector_7
                0x000000ca                __vector_27
                0x000000ca                __vector_5
                0x000000ca                __vector_33
                0x000000ca                __vector_4
                0x000000ca                __vector_9
                0x000000ca                __vector_2
                0x000000ca                __vector_21
                0x000000ca                __vector_15
                0x000000ca                __vector_29
                0x000000ca                __vector_8
                0x000000ca                __vector_26
                0x000000ca                __vector_14
                0x000000ca                __vector_10
                0x000000ca                __vector_18
 .text          0x000000ce      0xdf8 Ctrl/ctrl_marche.o
                0x00000152                CtrlMarche
                0x00000164                CtrlMarcheDispatcher
                0x00000eb2                CtrlMarcheGetStruct
                0x00000eb8                CtrlMarcheMove
 .text          0x00000ec6      0x298 Ctrl/ctrl_patte.o
                0x00000ec6                CtrlPatte
                0x0000104e                CtrlPatteMove
                0x000010d6                CtrlPatteDirectMove
 .text          0x0000115e       0xc0 Ctrl/ctrl_tete.o
                0x0000115e                CtrlTete
                0x00001190                CtrlTeteDispatcher
                0x000011dc                CtrlTeteStartScan
                0x000011e8                CtrlTeteStopScan
                0x000011ee                CtrlTeteGetStruct
                0x000011f4                CtrlTeteMove
 .text          0x0000121e      0x1c8 Ctrl/ctrl_uart_protocole.o
                0x0000121e                CtrlUartProtocole
                0x00001220                CtrlUartProtocoleDispatcher
                0x000013a4                CtrlUartProtocoleReadHeadUs
                0x000013ae                CtrlUartProtocoleSendReadHeadUs
 .text          0x000013e6       0x76 Drv/drv_event.o
                0x000013e6                DrvEvent
                0x000013f0                DrvEventKillEvent
                0x0000140e                DrvEventGetEvent
                0x00001418                DrvEventTestEvent
                0x00001436                DrvEventAddEvent
 .text          0x0000145c        0x8 Drv/drv_interrupt.o
                0x0000145c                DrvInterruptClearAllInterrupts
                0x00001460                DrvInterruptSetAllInterrupts
 .text          0x00001464      0x672 Drv/drv_led.o
                0x00001464                DrvLedFlash_ISR
                0x0000182c                DrvLed
                0x00001a10                DrvLedOn
                0x00001a44                DrvLedOff
                0x00001a78                DrvLedToggle
                0x00001a9e                DrvLedFlash
 .text          0x00001ad6      0xc50 Drv/drv_servo.o
                0x00001ad6                DrvServo
                0x00001afa                DrvAddServo
                0x00001c3e                DrvDeleteServo
                0x00001d16                DrvServoMoveToPosition
                0x00001f90                DrvServoDirectMoveToPosition
                0x000021e2                DrvServoMoving
                0x00002204                DrvServoGetPosition
                0x00002236                DrvServoSendUartPosition
                0x000022ee                __vector_13
 .text          0x00002726      0x2ac Drv/drv_timer.o
                0x00002726                DrvTimer
                0x00002746                DrvTimerPlayTimer
                0x0000276e                DrvTimerPauseTimer
                0x00002786                DrvTimerStopTimer
                0x000027ae                DrvTimerResetTimer
                0x000027c8                DrvTimerDelayTimer
                0x000027e6                DrvTimerInitSystemTimer
                0x00002806                DrvTimerComputeOCR
                0x000028f2                __vector_16
 .text          0x000029d2      0x29a Drv/drv_uart.o
                0x000029d2                DrvUart
                0x00002a38                DrvUart0ReadMessage
                0x00002a66                DrvUart0SendMessage
                0x00002a86                DrvUart1ReadMessage
                0x00002ab4                DrvUart1SendMessage
                0x00002ad4                __vector_20
                0x00002ba0                __vector_28
 .text          0x00002c6c       0x8e main.o
                0x00002c6c                main
 .text          0x00002cfa      0x106 Mic/mic_adc.o
                0x00002cfa                micAdcSetReferenceSelectionBits
                0x00002d0c                micAdcSetLeftAdjustResult
                0x00002d1a                micAdcGetLeftAdjustResult
                0x00002d22                micAdcClearLeftAdjustResult
                0x00002d30                micAdcSetAnalogChannelandGainSelectionBits
                0x00002d42                micAdcGetAnalogChannelandGainSelectionBits
                0x00002d4a                micAdcSetAdcEnable
                0x00002d58                micAdcSetAdcDisable
                0x00002d66                micAdcSetStartConversion
                0x00002d74                micAdcSetAutoTriggerEnable
                0x00002d82                micAdcSetAutoTriggerDisable
                0x00002d90                micAdcClearConversionCompletedFlag
                0x00002da0                micAdcSetInterrupt
                0x00002dae                micAdcClearInterrupt
                0x00002dbc                micAdcSetPrescalerSelectBits
                0x00002dce                micAdcSetAutoTriggerSource
                0x00002de0                micAdcReadData8
                0x00002df4                micAdcReadData16
 .text          0x00002e00      0x1b2 Mic/mic_interrupt.o
                0x00002e00                micInterruptMasterControlUnitInterruptVectorSelect
                0x00002e18                micInterruptMasterControlUnitInterruptVectorChangeEnable
                0x00002e30                micInterruptSenseControlBits0
                0x00002e3e                micInterruptSenseControlBits1
                0x00002e4c                micInterruptSenseControlBits2
                0x00002e5a                micInterruptExternalInterruptRequestEnable0
                0x00002e6a                micInterruptExternalInterruptRequestEnable1
                0x00002e7a                micInterruptExternalInterruptRequestEnable2
                0x00002e8a                micInterruptExternalInterruptFlags0
                0x00002e9a                micInterruptExternalInterruptFlags1
                0x00002eaa                micInterruptExternalInterruptFlags2
                0x00002eba                micInterruptPinChangeInterruptEnable0
                0x00002eda                micInterruptPinChangeInterruptEnable1
                0x00002efa                micInterruptPinChangeInterruptEnable2
                0x00002f1a                micInterruptPinChangeInterruptEnable3
                0x00002f3a                micInterruptPinChangeInterruptFlag0
                0x00002f4a                micInterruptPinChangeInterruptFlag1
                0x00002f5a                micInterruptPinChangeInterruptFlag2
                0x00002f6a                micInterruptPinChangeInterruptFlag3
                0x00002f7a                micInterruptPinChangeEnableMask3
                0x00002f88                micInterruptPinChangeEnableMask2
                0x00002f96                micInterruptPinChangeEnableMask1
                0x00002fa4                micInterruptPinChangeEnableMask0
 .text          0x00002fb2      0x64a Mic/mic_io_ports.o
                0x00002fb2                micIoPortsConfigureToToggleLevel
                0x0000302a                micIoPortsMasterControlUnitPullUpDisable
                0x00003042                micIoPortsDataRegister
                0x00003120                micIoPortsConfigureToHighLevel
                0x00003134                micIoPortsConfigureToLowLevel
                0x00003148                micIoPortsDirectionRegister
                0x00003226                micIoPortsConfigureInput
                0x00003272                micIoPortsConfigureOutput
                0x00003286                micIoPortsInputPinsAddress
                0x00003364                micIoPortsDataRegisterA
                0x0000339a                micIoPortsReadDataRegisterA
                0x0000339e                micIoPortsDirectionRegisterA
                0x000033d4                micIoPortsInputPinsAddressA
                0x0000340a                micIoPortsDataRegisterB
                0x00003440                micIoPortsReadDataRegisterB
                0x00003444                micIoPortsDirectionRegisterB
                0x0000347a                micIoPortsInputPinsAddressB
                0x000034b0                micIoPortsDataRegisterC
                0x000034e6                micIoPortsReadDataRegisterC
                0x000034ea                micIoPortsDirectionRegisterC
                0x00003520                micIoPortsInputPinsAddressC
                0x00003556                micIoPortsDataRegisterD
                0x0000358c                micIoPortsReadDataRegisterD
                0x00003590                micIoPortsDirectionRegisterD
                0x000035c6                micIoPortsInputPinsAddressD
 .text          0x000035fc      0x152 Mic/mic_power_management.o
                0x000035fc                micPowerMangementSleepMode
                0x00003606                micPowerMangementSleepEnable
                0x0000361e                micPowerMangementMasterControlUnitBrownOutVoltageSleep
                0x00003636                micPowerMangementMasterControlUnitBrownOutVoltageSleepEnable
                0x0000364e                micPowerMangementPowerReductionTWI
                0x0000366e                micPowerMangementPowerReductionTimerCounter2
                0x0000368e                micPowerMangementPowerReductionTimerCounter0
                0x000036ae                micPowerMangementPowerReductionUSART1
                0x000036ce                micPowerMangementPowerReductionTimerCounter1
                0x000036ee                micPowerMangementPowerReductionSPI
                0x0000370e                micPowerMangementPowerReductionUSART0
                0x0000372e                micPowerMangementPowerReductionADC
 .text          0x0000374e       0x38 Mic/mic_system_clock.o
                0x0000374e                micSystemClockOscillatorCalibrationValue
                0x00003756                micSystemClockPrescalerChangeEnable
                0x00003776                micSystemClockPrescalerSelectBits
 .text          0x00003786       0x7c Mic/mic_system_control.o
                0x00003786                micSystemControlMasterControlUnitJtagResetFlag
                0x0000378c                micSystemControlMasterControlUnitWatchdogResetFlag
                0x00003792                micSystemControlMasterControlUnitBrownOutResetFlag
                0x00003798                micSystemControlMasterControlUnitExternalResetFlag
                0x0000379e                micSystemControlMasterControlUnitPowerOnResetFlag
                0x000037a4                micSystemControlWatchdogTimerControlWatchdogFlag
                0x000037ac                micSystemControlWatchdogTimerControlWatchdogInterruptEnable
                0x000037cc                micSystemControlWatchdogTimerControlWatchdogChangeEnable
                0x000037d4                micSystemControlWatchdogTimerControlWatchdogSystemResetEnable
                0x000037f4                micSystemControlWatchdogTimerControlWatchdogTimerPrescaler
 .text          0x00003802       0xba Mic/mic_timer_0.o
                0x00003802                micTimer0CompareMatchOutputAMode
                0x00003810                micTimer0CompareMatchOutputBMode
                0x0000381e                micTimer0WaveformGenerationMode
                0x0000385e                micTimer0ForceOutputCompareA
                0x0000386a                micTimer0SetClockDivision
                0x00003876                micTimer0SetTimerCounterRegister
                0x0000387a                micTimer0GetTimerCounterRegister
                0x0000387e                micTimer0SetOutputCompareRegisterA
                0x00003882                micTimer0GetOutputCompareRegisterA
                0x00003886                micTimer0SetOutputCompareRegisterB
                0x0000388a                micTimer0GetOutputCompareRegisterB
                0x0000388e                micTimer0SetTimerCounterInterrupt
                0x0000389c                micTimer0ClearTimerCounterInterrupt
                0x000038ac                micTimer0ClearTimerCounterInterruptFlagRegister
 .text          0x000038bc      0x47c Mic/mic_usart.o
                0x000038bc                micUsart0SetIODataRegister
                0x000038c4                micUsart1SetIODataRegister
                0x000038cc                micUsart0GetIODataRegister
                0x000038d2                micUsart1GetIODataRegister
                0x000038d8                micUsart0GetRegisterEmpty
                0x000038e0                micUsart1GetRegisterEmpty
                0x000038e8                micUsart0GetError
                0x000038f0                micUsart1GetError
                0x000038f8                micUsart0SetSpeedMode
                0x00003912                micUsart1SetSpeedMode
                0x0000392c                micUsart0GetSpeedMode
                0x00003934                micUsart1GetSpeedMode
                0x0000393c                micUsart0SetMultiProcessorMode
                0x0000394a                micUsart1SetMultiProcessorMode
                0x00003958                micUsart0GetMultiProcessorMode
                0x00003960                micUsart1GetMultiProcessorMode
                0x00003968                micUsart0GetReceiptCompleted
                0x00003970                micUsart1GetReceiptCompleted
                0x00003978                micUsart0SetTransmitCompleted
                0x00003986                micUsart1SetTransmitCompleted
                0x00003994                micUsart0GetTransmitCompleted
                0x0000399c                micUsart1GetTransmitCompleted
                0x000039a4                micUsart0GetDataRegisterEmpty
                0x000039ac                micUsart1GetDataRegisterEmpty
                0x000039b4                micUsart0SetTransmitterEnable
                0x000039c2                micUsart1SetTransmitterEnable
                0x000039d0                micUsart0SetTransmitterDisable
                0x000039de                micUsart1SetTransmitterDisable
                0x000039ec                micUsart0SetReceiverEnable
                0x000039fa                micUsart1SetReceiverEnable
                0x00003a08                micUsart0SetReceiverDisable
                0x00003a16                micUsart1SetReceiverDisable
                0x00003a24                micUsart0SetDataSize
                0x00003a48                micUsart1SetDataSize
                0x00003a6c                micUsart0SetParityMode
                0x00003a7e                micUsart1SetParityMode
                0x00003a90                micUsart0SetStopBits
                0x00003aa2                micUsart1SetStopBits
                0x00003ab4                micUsart0SetRxInterrupt
                0x00003ac2                micUsart1SetRxInterrupt
                0x00003ad0                micUsart0ClearRxInterrupt
                0x00003ade                micUsart1ClearRxInterrupt
                0x00003aec                micUsart0SetTxInterrupt
                0x00003afa                micUsart1SetTxInterrupt
                0x00003b08                micUsart0ClearTxInterrupt
                0x00003b16                micUsart1ClearTxInterrupt
                0x00003b24                micUsart0SetDataRegisterEmptyInterrupt
                0x00003b32                micUsart1SetDataRegisterEmptyInterrupt
                0x00003b40                micUsart0ClearDataRegisterEmptyInterrupt
                0x00003b4e                micUsart1ClearDataRegisterEmptyInterrupt
                0x00003b5c                micUsart0SetSynchronousClockPolarity
                0x00003b6e                micUsart1SetSynchronousClockPolarity
                0x00003b80                micUsart0SetBaudRateAsynchronousNormalMode
                0x00003bd8                micUsart1SetBaudRateAsynchronousNormalMode
                0x00003c30                micUsart0SetBaudRateAsynchronousDoubleSpeedMode
                0x00003c80                micUsart1SetBaudRateAsynchronousDoubleSpeedMode
                0x00003cd0                micUsart0SetBaudRateSynchronousMasterMode
                0x00003d04                micUsart1SetBaudRateSynchronousMasterMode
 .text          0x00003d38        0x0 c:/program files (x86)/atmel/atmel studio 6.0/extensions/atmel/avrgcc/3.3.2.31/avrtoolchain/bin/../lib/gcc/avr/4.5.1/avr51\libgcc.a(_mulsi3.o)
 .text          0x00003d38        0x0 c:/program files (x86)/atmel/atmel studio 6.0/extensions/atmel/avrgcc/3.3.2.31/avrtoolchain/bin/../lib/gcc/avr/4.5.1/avr51\libgcc.a(_udivmodqi4.o)
 .text          0x00003d38        0x0 c:/program files (x86)/atmel/atmel studio 6.0/extensions/atmel/avrgcc/3.3.2.31/avrtoolchain/bin/../lib/gcc/avr/4.5.1/avr51\libgcc.a(_udivmodhi4.o)
 .text          0x00003d38        0x0 c:/program files (x86)/atmel/atmel studio 6.0/extensions/atmel/avrgcc/3.3.2.31/avrtoolchain/bin/../lib/gcc/avr/4.5.1/avr51\libgcc.a(_udivmodsi4.o)
 .text          0x00003d38        0x0 c:/program files (x86)/atmel/atmel studio 6.0/extensions/atmel/avrgcc/3.3.2.31/avrtoolchain/bin/../lib/gcc/avr/4.5.1/avr51\libgcc.a(_exit.o)
 .text          0x00003d38        0x0 c:/program files (x86)/atmel/atmel studio 6.0/extensions/atmel/avrgcc/3.3.2.31/avrtoolchain/bin/../lib/gcc/avr/4.5.1/avr51\libgcc.a(_copy_data.o)
 .text          0x00003d38        0x0 c:/program files (x86)/atmel/atmel studio 6.0/extensions/atmel/avrgcc/3.3.2.31/avrtoolchain/bin/../lib/gcc/avr/4.5.1/avr51\libgcc.a(_clear_bss.o)
                0x00003d38                . = ALIGN (0x2)
 *(.text.*)
 .text.libgcc   0x00003d38       0x3e c:/program files (x86)/atmel/atmel studio 6.0/extensions/atmel/avrgcc/3.3.2.31/avrtoolchain/bin/../lib/gcc/avr/4.5.1/avr51\libgcc.a(_mulsi3.o)
                0x00003d38                __mulsi3
 .text.libgcc   0x00003d76       0x18 c:/program files (x86)/atmel/atmel studio 6.0/extensions/atmel/avrgcc/3.3.2.31/avrtoolchain/bin/../lib/gcc/avr/4.5.1/avr51\libgcc.a(_udivmodqi4.o)
                0x00003d76                __udivmodqi4
 .text.libgcc   0x00003d8e       0x28 c:/program files (x86)/atmel/atmel studio 6.0/extensions/atmel/avrgcc/3.3.2.31/avrtoolchain/bin/../lib/gcc/avr/4.5.1/avr51\libgcc.a(_udivmodhi4.o)
                0x00003d8e                __udivmodhi4
 .text.libgcc   0x00003db6       0x44 c:/program files (x86)/atmel/atmel studio 6.0/extensions/atmel/avrgcc/3.3.2.31/avrtoolchain/bin/../lib/gcc/avr/4.5.1/avr51\libgcc.a(_udivmodsi4.o)
                0x00003db6                __udivmodsi4
 .text.libgcc   0x00003dfa        0x0 c:/program files (x86)/atmel/atmel studio 6.0/extensions/atmel/avrgcc/3.3.2.31/avrtoolchain/bin/../lib/gcc/avr/4.5.1/avr51\libgcc.a(_exit.o)
 .text.libgcc   0x00003dfa        0x0 c:/program files (x86)/atmel/atmel studio 6.0/extensions/atmel/avrgcc/3.3.2.31/avrtoolchain/bin/../lib/gcc/avr/4.5.1/avr51\libgcc.a(_copy_data.o)
 .text.libgcc   0x00003dfa        0x0 c:/program files (x86)/atmel/atmel studio 6.0/extensions/atmel/avrgcc/3.3.2.31/avrtoolchain/bin/../lib/gcc/avr/4.5.1/avr51\libgcc.a(_clear_bss.o)
                0x00003dfa                . = ALIGN (0x2)
 *(.fini9)
 .fini9         0x00003dfa        0x0 c:/program files (x86)/atmel/atmel studio 6.0/extensions/atmel/avrgcc/3.3.2.31/avrtoolchain/bin/../lib/gcc/avr/4.5.1/avr51\libgcc.a(_exit.o)
                0x00003dfa                _exit
                0x00003dfa                exit
 *(.fini9)
 *(.fini8)
 *(.fini8)
 *(.fini7)
 *(.fini7)
 *(.fini6)
 *(.fini6)
 *(.fini5)
 *(.fini5)
 *(.fini4)
 *(.fini4)
 *(.fini3)
 *(.fini3)
 *(.fini2)
 *(.fini2)
 *(.fini1)
 *(.fini1)
 *(.fini0)
 .fini0         0x00003dfa        0x4 c:/program files (x86)/atmel/atmel studio 6.0/extensions/atmel/avrgcc/3.3.2.31/avrtoolchain/bin/../lib/gcc/avr/4.5.1/avr51\libgcc.a(_exit.o)
 *(.fini0)
                0x00003dfe                _etext = .

.data           0x00800100       0x14 load address 0x00003dfe
                0x00800100                PROVIDE (__data_start, .)
 *(.data)
 .data          0x00800100        0x0 c:/program files (x86)/atmel/atmel studio 6.0/extensions/atmel/avrgcc/3.3.2.31/avrtoolchain/bin/../lib/gcc/avr/4.5.1/../../../../avr/lib/avr51/crtm1284p.o
 .data          0x00800100        0x1 Ctrl/ctrl_marche.o
 .data          0x00800101        0x0 Ctrl/ctrl_patte.o
 .data          0x00800101        0x9 Ctrl/ctrl_tete.o
                0x00800101                scan_position
 .data          0x0080010a        0x5 Ctrl/ctrl_uart_protocole.o
 .data          0x0080010f        0x0 Drv/drv_event.o
 .data          0x0080010f        0x0 Drv/drv_interrupt.o
 .data          0x0080010f        0x4 Drv/drv_led.o
                0x0080010f                led_pin_name
 .data          0x00800113        0x1 Drv/drv_servo.o
 .data          0x00800114        0x0 Drv/drv_timer.o
 .data          0x00800114        0x0 Drv/drv_uart.o
 .data          0x00800114        0x0 main.o
 .data          0x00800114        0x0 Mic/mic_adc.o
 .data          0x00800114        0x0 Mic/mic_interrupt.o
 .data          0x00800114        0x0 Mic/mic_io_ports.o
 .data          0x00800114        0x0 Mic/mic_power_management.o
 .data          0x00800114        0x0 Mic/mic_system_clock.o
 .data          0x00800114        0x0 Mic/mic_system_control.o
 .data          0x00800114        0x0 Mic/mic_timer_0.o
 .data          0x00800114        0x0 Mic/mic_usart.o
 .data          0x00800114        0x0 c:/program files (x86)/atmel/atmel studio 6.0/extensions/atmel/avrgcc/3.3.2.31/avrtoolchain/bin/../lib/gcc/avr/4.5.1/avr51\libgcc.a(_mulsi3.o)
 .data          0x00800114        0x0 c:/program files (x86)/atmel/atmel studio 6.0/extensions/atmel/avrgcc/3.3.2.31/avrtoolchain/bin/../lib/gcc/avr/4.5.1/avr51\libgcc.a(_udivmodqi4.o)
 .data          0x00800114        0x0 c:/program files (x86)/atmel/atmel studio 6.0/extensions/atmel/avrgcc/3.3.2.31/avrtoolchain/bin/../lib/gcc/avr/4.5.1/avr51\libgcc.a(_udivmodhi4.o)
 .data          0x00800114        0x0 c:/program files (x86)/atmel/atmel studio 6.0/extensions/atmel/avrgcc/3.3.2.31/avrtoolchain/bin/../lib/gcc/avr/4.5.1/avr51\libgcc.a(_udivmodsi4.o)
 .data          0x00800114        0x0 c:/program files (x86)/atmel/atmel studio 6.0/extensions/atmel/avrgcc/3.3.2.31/avrtoolchain/bin/../lib/gcc/avr/4.5.1/avr51\libgcc.a(_exit.o)
 .data          0x00800114        0x0 c:/program files (x86)/atmel/atmel studio 6.0/extensions/atmel/avrgcc/3.3.2.31/avrtoolchain/bin/../lib/gcc/avr/4.5.1/avr51\libgcc.a(_copy_data.o)
 .data          0x00800114        0x0 c:/program files (x86)/atmel/atmel studio 6.0/extensions/atmel/avrgcc/3.3.2.31/avrtoolchain/bin/../lib/gcc/avr/4.5.1/avr51\libgcc.a(_clear_bss.o)
 *(.data*)
 *(.rodata)
 *(.rodata*)
 *(.gnu.linkonce.d*)
                0x00800114                . = ALIGN (0x2)
                0x00800114                _edata = .
                0x00800114                PROVIDE (__data_end, .)

.bss            0x00800114      0x23e
                0x00800114                PROVIDE (__bss_start, .)
 *(.bss)
 .bss           0x00800114        0x0 c:/program files (x86)/atmel/atmel studio 6.0/extensions/atmel/avrgcc/3.3.2.31/avrtoolchain/bin/../lib/gcc/avr/4.5.1/../../../../avr/lib/avr51/crtm1284p.o
 .bss           0x00800114        0x3 Ctrl/ctrl_marche.o
 .bss           0x00800117       0x30 Ctrl/ctrl_patte.o
 .bss           0x00800147        0x4 Ctrl/ctrl_tete.o
                0x00800147                index_scan_position
 .bss           0x0080014b        0x4 Ctrl/ctrl_uart_protocole.o
                0x0080014b                i_message_len_from_digi
                0x0080014c                i_message_len_from_head
                0x0080014d                ultrason_mesure
 .bss           0x0080014f        0x2 Drv/drv_event.o
 .bss           0x00800151        0x0 Drv/drv_interrupt.o
 .bss           0x00800151        0x0 Drv/drv_led.o
 .bss           0x00800151       0x8d Drv/drv_servo.o
 .bss           0x008001de        0x4 Drv/drv_timer.o
                0x008001de                timeout_ms
                0x008001df                timeout_s
                0x008001e0                timeout_5s
                0x008001e1                timeout_10s
 .bss           0x008001e2        0x6 Drv/drv_uart.o
                0x008001e2                in_message_len_0
                0x008001e3                ptr_buff_uart_0
                0x008001e4                start_frame_uart_0
                0x008001e5                in_message_len_1
                0x008001e6                ptr_buff_uart_1
                0x008001e7                start_frame_uart_1
 .bss           0x008001e8        0x2 main.o
                0x008001e8                main_event_flags
 .bss           0x008001ea        0x0 Mic/mic_adc.o
 .bss           0x008001ea        0x0 Mic/mic_interrupt.o
 .bss           0x008001ea        0x0 Mic/mic_io_ports.o
 .bss           0x008001ea        0x0 Mic/mic_power_management.o
 .bss           0x008001ea        0x0 Mic/mic_system_clock.o
 .bss           0x008001ea        0x0 Mic/mic_system_control.o
 .bss           0x008001ea        0x0 Mic/mic_timer_0.o
 .bss           0x008001ea        0x0 Mic/mic_usart.o
 .bss           0x008001ea        0x0 c:/program files (x86)/atmel/atmel studio 6.0/extensions/atmel/avrgcc/3.3.2.31/avrtoolchain/bin/../lib/gcc/avr/4.5.1/avr51\libgcc.a(_mulsi3.o)
 .bss           0x008001ea        0x0 c:/program files (x86)/atmel/atmel studio 6.0/extensions/atmel/avrgcc/3.3.2.31/avrtoolchain/bin/../lib/gcc/avr/4.5.1/avr51\libgcc.a(_udivmodqi4.o)
 .bss           0x008001ea        0x0 c:/program files (x86)/atmel/atmel studio 6.0/extensions/atmel/avrgcc/3.3.2.31/avrtoolchain/bin/../lib/gcc/avr/4.5.1/avr51\libgcc.a(_udivmodhi4.o)
 .bss           0x008001ea        0x0 c:/program files (x86)/atmel/atmel studio 6.0/extensions/atmel/avrgcc/3.3.2.31/avrtoolchain/bin/../lib/gcc/avr/4.5.1/avr51\libgcc.a(_udivmodsi4.o)
 .bss           0x008001ea        0x0 c:/program files (x86)/atmel/atmel studio 6.0/extensions/atmel/avrgcc/3.3.2.31/avrtoolchain/bin/../lib/gcc/avr/4.5.1/avr51\libgcc.a(_exit.o)
 .bss           0x008001ea        0x0 c:/program files (x86)/atmel/atmel studio 6.0/extensions/atmel/avrgcc/3.3.2.31/avrtoolchain/bin/../lib/gcc/avr/4.5.1/avr51\libgcc.a(_copy_data.o)
 .bss           0x008001ea        0x0 c:/program files (x86)/atmel/atmel studio 6.0/extensions/atmel/avrgcc/3.3.2.31/avrtoolchain/bin/../lib/gcc/avr/4.5.1/avr51\libgcc.a(_clear_bss.o)
 *(.bss*)
 *(COMMON)
 COMMON         0x008001ea       0x64 Ctrl/ctrl_uart_protocole.o
                0x008001ea                i_message_from_digi
                0x0080021c                i_message_from_head
 COMMON         0x0080024e       0x3c Drv/drv_led.o
                0x0080024e                MesLeds
 COMMON         0x0080028a        0x0 Drv/drv_timer.o
                0x0080028a                MesTimer
 COMMON         0x0080028a       0xc8 Drv/drv_uart.o
                0x0080028a                buff_uart_1
                0x008002bc                in_message_1
                0x008002ee                in_message_0
                0x00800320                buff_uart_0
                0x00800352                PROVIDE (__bss_end, .)
                0x00003dfe                __data_load_start = LOADADDR (.data)
                0x00003e12                __data_load_end = (__data_load_start + SIZEOF (.data))

.noinit         0x00800352        0x0
                0x00800352                PROVIDE (__noinit_start, .)
 *(.noinit*)
                0x00800352                PROVIDE (__noinit_end, .)
                0x00800352                _end = .
                0x00800352                PROVIDE (__heap_start, .)

.eeprom         0x00810000        0x0
 *(.eeprom*)
                0x00810000                __eeprom_end = .

.fuse
 *(.fuse)
 *(.lfuse)
 *(.hfuse)
 *(.efuse)

.lock
 *(.lock*)

.signature
 *(.signature*)

.stab           0x00000000      0x6cc
 *(.stab)
 .stab          0x00000000      0x6cc c:/program files (x86)/atmel/atmel studio 6.0/extensions/atmel/avrgcc/3.3.2.31/avrtoolchain/bin/../lib/gcc/avr/4.5.1/../../../../avr/lib/avr51/crtm1284p.o

.stabstr        0x00000000       0x97
 *(.stabstr)
 .stabstr       0x00000000       0x97 c:/program files (x86)/atmel/atmel studio 6.0/extensions/atmel/avrgcc/3.3.2.31/avrtoolchain/bin/../lib/gcc/avr/4.5.1/../../../../avr/lib/avr51/crtm1284p.o

.stab.excl
 *(.stab.excl)

.stab.exclstr
 *(.stab.exclstr)

.stab.index
 *(.stab.index)

.stab.indexstr
 *(.stab.indexstr)

.comment
 *(.comment)

.debug
 *(.debug)

.line
 *(.line)

.debug_srcinfo
 *(.debug_srcinfo)

.debug_sfnames
 *(.debug_sfnames)

.debug_aranges  0x00000000      0x260
 *(.debug_aranges)
 .debug_aranges
                0x00000000       0x20 Ctrl/ctrl_marche.o
 .debug_aranges
                0x00000020       0x20 Ctrl/ctrl_patte.o
 .debug_aranges
                0x00000040       0x20 Ctrl/ctrl_tete.o
 .debug_aranges
                0x00000060       0x20 Ctrl/ctrl_uart_protocole.o
 .debug_aranges
                0x00000080       0x20 Drv/drv_event.o
 .debug_aranges
                0x000000a0       0x20 Drv/drv_interrupt.o
 .debug_aranges
                0x000000c0       0x20 Drv/drv_led.o
 .debug_aranges
                0x000000e0       0x20 Drv/drv_servo.o
 .debug_aranges
                0x00000100       0x20 Drv/drv_timer.o
 .debug_aranges
                0x00000120       0x20 Drv/drv_uart.o
 .debug_aranges
                0x00000140       0x20 main.o
 .debug_aranges
                0x00000160       0x20 Mic/mic_adc.o
 .debug_aranges
                0x00000180       0x20 Mic/mic_interrupt.o
 .debug_aranges
                0x000001a0       0x20 Mic/mic_io_ports.o
 .debug_aranges
                0x000001c0       0x20 Mic/mic_power_management.o
 .debug_aranges
                0x000001e0       0x20 Mic/mic_system_clock.o
 .debug_aranges
                0x00000200       0x20 Mic/mic_system_control.o
 .debug_aranges
                0x00000220       0x20 Mic/mic_timer_0.o
 .debug_aranges
                0x00000240       0x20 Mic/mic_usart.o

.debug_pubnames
                0x00000000     0x1f54
 *(.debug_pubnames)
 .debug_pubnames
                0x00000000       0x65 Ctrl/ctrl_marche.o
 .debug_pubnames
                0x00000065       0x4a Ctrl/ctrl_patte.o
 .debug_pubnames
                0x000000af       0xb2 Ctrl/ctrl_tete.o
 .debug_pubnames
                0x00000161      0x108 Ctrl/ctrl_uart_protocole.o
 .debug_pubnames
                0x00000269       0x75 Drv/drv_event.o
 .debug_pubnames
                0x000002de       0x56 Drv/drv_interrupt.o
 .debug_pubnames
                0x00000334       0x8a Drv/drv_led.o
 .debug_pubnames
                0x000003be       0xd6 Drv/drv_servo.o
 .debug_pubnames
                0x00000494      0x11c Drv/drv_timer.o
 .debug_pubnames
                0x000005b0      0x160 Drv/drv_uart.o
 .debug_pubnames
                0x00000710       0x30 main.o
 .debug_pubnames
                0x00000740      0x23b Mic/mic_adc.o
 .debug_pubnames
                0x0000097b      0x3d0 Mic/mic_interrupt.o
 .debug_pubnames
                0x00000d4b      0x332 Mic/mic_io_ports.o
 .debug_pubnames
                0x0000107d      0x22a Mic/mic_power_management.o
 .debug_pubnames
                0x000012a7       0x8d Mic/mic_system_clock.o
 .debug_pubnames
                0x00001334      0x253 Mic/mic_system_control.o
 .debug_pubnames
                0x00001587      0x227 Mic/mic_timer_0.o
 .debug_pubnames
                0x000017ae      0x7a6 Mic/mic_usart.o

.debug_info     0x00000000     0x51ca
 *(.debug_info)
 .debug_info    0x00000000      0x3ca Ctrl/ctrl_marche.o
 .debug_info    0x000003ca      0x319 Ctrl/ctrl_patte.o
 .debug_info    0x000006e3      0x304 Ctrl/ctrl_tete.o
 .debug_info    0x000009e7      0x2a9 Ctrl/ctrl_uart_protocole.o
 .debug_info    0x00000c90      0x173 Drv/drv_event.o
 .debug_info    0x00000e03       0x93 Drv/drv_interrupt.o
 .debug_info    0x00000e96      0x49a Drv/drv_led.o
 .debug_info    0x00001330      0x4f2 Drv/drv_servo.o
 .debug_info    0x00001822      0x4dd Drv/drv_timer.o
 .debug_info    0x00001cff      0x3c6 Drv/drv_uart.o
 .debug_info    0x000020c5      0x18a main.o
 .debug_info    0x0000224f      0x535 Mic/mic_adc.o
 .debug_info    0x00002784      0x629 Mic/mic_interrupt.o
 .debug_info    0x00002dad      0xbfc Mic/mic_io_ports.o
 .debug_info    0x000039a9      0x36a Mic/mic_power_management.o
 .debug_info    0x00003d13      0x17b Mic/mic_system_clock.o
 .debug_info    0x00003e8e      0x2a7 Mic/mic_system_control.o
 .debug_info    0x00004135      0x42d Mic/mic_timer_0.o
 .debug_info    0x00004562      0xc68 Mic/mic_usart.o
 *(.gnu.linkonce.wi.*)

.debug_abbrev   0x00000000     0x13bf
 *(.debug_abbrev)
 .debug_abbrev  0x00000000      0x198 Ctrl/ctrl_marche.o
 .debug_abbrev  0x00000198       0xe9 Ctrl/ctrl_patte.o
 .debug_abbrev  0x00000281      0x10d Ctrl/ctrl_tete.o
 .debug_abbrev  0x0000038e      0x178 Ctrl/ctrl_uart_protocole.o
 .debug_abbrev  0x00000506       0xd1 Drv/drv_event.o
 .debug_abbrev  0x000005d7       0x41 Drv/drv_interrupt.o
 .debug_abbrev  0x00000618      0x15c Drv/drv_led.o
 .debug_abbrev  0x00000774      0x1a3 Drv/drv_servo.o
 .debug_abbrev  0x00000917      0x1b2 Drv/drv_timer.o
 .debug_abbrev  0x00000ac9       0xd8 Drv/drv_uart.o
 .debug_abbrev  0x00000ba1       0xeb main.o
 .debug_abbrev  0x00000c8c       0xce Mic/mic_adc.o
 .debug_abbrev  0x00000d5a       0xac Mic/mic_interrupt.o
 .debug_abbrev  0x00000e06      0x1b7 Mic/mic_io_ports.o
 .debug_abbrev  0x00000fbd       0x9d Mic/mic_power_management.o
 .debug_abbrev  0x0000105a       0x9d Mic/mic_system_clock.o
 .debug_abbrev  0x000010f7       0x9d Mic/mic_system_control.o
 .debug_abbrev  0x00001194       0xe9 Mic/mic_timer_0.o
 .debug_abbrev  0x0000127d      0x142 Mic/mic_usart.o

.debug_line     0x00000000     0x7511
 *(.debug_line)
 .debug_line    0x00000000     0x1001 Ctrl/ctrl_marche.o
 .debug_line    0x00001001      0x5e3 Ctrl/ctrl_patte.o
 .debug_line    0x000015e4      0x45b Ctrl/ctrl_tete.o
 .debug_line    0x00001a3f      0x62c Ctrl/ctrl_uart_protocole.o
 .debug_line    0x0000206b      0x362 Drv/drv_event.o
 .debug_line    0x000023cd      0x30b Drv/drv_interrupt.o
 .debug_line    0x000026d8      0x914 Drv/drv_led.o
 .debug_line    0x00002fec      0x69f Drv/drv_servo.o
 .debug_line    0x0000368b      0x569 Drv/drv_timer.o
 .debug_line    0x00003bf4      0x5ad Drv/drv_uart.o
 .debug_line    0x000041a1      0x537 main.o
 .debug_line    0x000046d8      0x49a Mic/mic_adc.o
 .debug_line    0x00004b72      0x683 Mic/mic_interrupt.o
 .debug_line    0x000051f5      0x85c Mic/mic_io_ports.o
 .debug_line    0x00005a51      0x511 Mic/mic_power_management.o
 .debug_line    0x00005f62      0x341 Mic/mic_system_clock.o
 .debug_line    0x000062a3      0x405 Mic/mic_system_control.o
 .debug_line    0x000066a8      0x46f Mic/mic_timer_0.o
 .debug_line    0x00006b17      0x9fa Mic/mic_usart.o

.debug_frame    0x00000000      0xef0
 *(.debug_frame)
 .debug_frame   0x00000000       0x60 Ctrl/ctrl_marche.o
 .debug_frame   0x00000060       0x40 Ctrl/ctrl_patte.o
 .debug_frame   0x000000a0       0x70 Ctrl/ctrl_tete.o
 .debug_frame   0x00000110       0x50 Ctrl/ctrl_uart_protocole.o
 .debug_frame   0x00000160       0x60 Drv/drv_event.o
 .debug_frame   0x000001c0       0x30 Drv/drv_interrupt.o
 .debug_frame   0x000001f0       0x70 Drv/drv_led.o
 .debug_frame   0x00000260       0xa0 Drv/drv_servo.o
 .debug_frame   0x00000300       0xa0 Drv/drv_timer.o
 .debug_frame   0x000003a0       0x80 Drv/drv_uart.o
 .debug_frame   0x00000420       0x20 main.o
 .debug_frame   0x00000440      0x130 Mic/mic_adc.o
 .debug_frame   0x00000570      0x180 Mic/mic_interrupt.o
 .debug_frame   0x000006f0      0x1a0 Mic/mic_io_ports.o
 .debug_frame   0x00000890       0xd0 Mic/mic_power_management.o
 .debug_frame   0x00000960       0x40 Mic/mic_system_clock.o
 .debug_frame   0x000009a0       0xb0 Mic/mic_system_control.o
 .debug_frame   0x00000a50       0xf0 Mic/mic_timer_0.o
 .debug_frame   0x00000b40      0x3b0 Mic/mic_usart.o

.debug_str      0x00000000     0x32b0
 *(.debug_str)
 .debug_str     0x00000000      0x2c0 Ctrl/ctrl_marche.o
                                0x318 (size before relaxing)
 .debug_str     0x000002c0      0x29d Ctrl/ctrl_patte.o
                                0x3f6 (size before relaxing)
 .debug_str     0x0000055d       0xdb Ctrl/ctrl_tete.o
                                0x446 (size before relaxing)
 .debug_str     0x00000638      0x159 Ctrl/ctrl_uart_protocole.o
                                0x2b4 (size before relaxing)
 .debug_str     0x00000791       0x80 Drv/drv_event.o
                                0x15e (size before relaxing)
 .debug_str     0x00000811       0x53 Drv/drv_interrupt.o
                                0x102 (size before relaxing)
 .debug_str     0x00000864      0x180 Drv/drv_led.o
                                0x47f (size before relaxing)
 .debug_str     0x000009e4      0x136 Drv/drv_servo.o
                                0x4bb (size before relaxing)
 .debug_str     0x00000b1a      0x362 Drv/drv_timer.o
                                0x48a (size before relaxing)
 .debug_str     0x00000e7c      0x12f Drv/drv_uart.o
                                0x215 (size before relaxing)
 .debug_str     0x00000fab       0x84 main.o
                                0x15a (size before relaxing)
 .debug_str     0x0000102f      0x670 Mic/mic_adc.o
                                0x78e (size before relaxing)
 .debug_str     0x0000169f      0x4fe Mic/mic_interrupt.o
                                0x5d4 (size before relaxing)
 .debug_str     0x00001b9d      0x333 Mic/mic_io_ports.o
                                0x62b (size before relaxing)
 .debug_str     0x00001ed0      0x29f Mic/mic_power_management.o
                                0x375 (size before relaxing)
 .debug_str     0x0000216f      0x12e Mic/mic_system_clock.o
                                0x204 (size before relaxing)
 .debug_str     0x0000229d      0x32b Mic/mic_system_control.o
                                0x411 (size before relaxing)
 .debug_str     0x000025c8      0x352 Mic/mic_timer_0.o
                                0x6d5 (size before relaxing)
 .debug_str     0x0000291a      0x996 Mic/mic_usart.o
                                0xae1 (size before relaxing)

.debug_loc      0x00000000     0x2653
 *(.debug_loc)
 .debug_loc     0x00000000      0x8db Ctrl/ctrl_marche.o
 .debug_loc     0x000008db      0x170 Ctrl/ctrl_patte.o
 .debug_loc     0x00000a4b       0x76 Ctrl/ctrl_tete.o
 .debug_loc     0x00000ac1       0x6e Ctrl/ctrl_uart_protocole.o
 .debug_loc     0x00000b2f       0x76 Drv/drv_event.o
 .debug_loc     0x00000ba5      0x310 Drv/drv_led.o
 .debug_loc     0x00000eb5      0x2a0 Drv/drv_servo.o
 .debug_loc     0x00001155      0x105 Drv/drv_timer.o
 .debug_loc     0x0000125a      0x174 Drv/drv_uart.o
 .debug_loc     0x000013ce       0x4c Mic/mic_adc.o
 .debug_loc     0x0000141a      0x265 Mic/mic_interrupt.o
 .debug_loc     0x0000167f      0x9b3 Mic/mic_io_ports.o
 .debug_loc     0x00002032      0x15d Mic/mic_power_management.o
 .debug_loc     0x0000218f       0x50 Mic/mic_system_clock.o
 .debug_loc     0x000021df       0x4f Mic/mic_system_control.o
 .debug_loc     0x0000222e       0xa3 Mic/mic_timer_0.o
 .debug_loc     0x000022d1      0x382 Mic/mic_usart.o

.debug_macinfo  0x00000000    0x96ead
 *(.debug_macinfo)
 .debug_macinfo
                0x00000000     0x88c0 Ctrl/ctrl_marche.o
 .debug_macinfo
                0x000088c0     0x879a Ctrl/ctrl_patte.o
 .debug_macinfo
                0x0001105a     0x84c1 Ctrl/ctrl_tete.o
 .debug_macinfo
                0x0001951b     0x89cb Ctrl/ctrl_uart_protocole.o
 .debug_macinfo
                0x00021ee6     0x8255 Drv/drv_event.o
 .debug_macinfo
                0x0002a13b     0x7668 Drv/drv_interrupt.o
 .debug_macinfo
                0x000317a3     0x82dc Drv/drv_led.o
 .debug_macinfo
                0x00039a7f     0x8470 Drv/drv_servo.o
 .debug_macinfo
                0x00041eef     0x8339 Drv/drv_timer.o
 .debug_macinfo
                0x0004a228     0x82f6 Drv/drv_uart.o
 .debug_macinfo
                0x0005251e     0x8a39 main.o
 .debug_macinfo
                0x0005af57     0x7662 Mic/mic_adc.o
 .debug_macinfo
                0x000625b9     0x7668 Mic/mic_interrupt.o
 .debug_macinfo
                0x00069c21     0x769b Mic/mic_io_ports.o
 .debug_macinfo
                0x000712bc     0x766f Mic/mic_power_management.o
 .debug_macinfo
                0x0007892b     0x766b Mic/mic_system_clock.o
 .debug_macinfo
                0x0007ff96     0x766d Mic/mic_system_control.o
 .debug_macinfo
                0x00087603     0x7666 Mic/mic_timer_0.o
 .debug_macinfo
                0x0008ec69     0x8244 Mic/mic_usart.o
OUTPUT(Robot.elf elf32-avr)
LOAD linker stubs

.debug_pubtypes
                0x00000000      0xa85
 .debug_pubtypes
                0x00000000       0x8b Ctrl/ctrl_marche.o
 .debug_pubtypes
                0x0000008b       0x81 Ctrl/ctrl_patte.o
 .debug_pubtypes
                0x0000010c       0x7b Ctrl/ctrl_tete.o
 .debug_pubtypes
                0x00000187       0x58 Ctrl/ctrl_uart_protocole.o
 .debug_pubtypes
                0x000001df       0x3f Drv/drv_event.o
 .debug_pubtypes
                0x0000021e       0x12 Drv/drv_interrupt.o
 .debug_pubtypes
                0x00000230       0x86 Drv/drv_led.o
 .debug_pubtypes
                0x000002b6       0x9e Drv/drv_servo.o
 .debug_pubtypes
                0x00000354       0xe8 Drv/drv_timer.o
 .debug_pubtypes
                0x0000043c       0x41 Drv/drv_uart.o
 .debug_pubtypes
                0x0000047d       0x3f main.o
 .debug_pubtypes
                0x000004bc       0xfb Mic/mic_adc.o
 .debug_pubtypes
                0x000005b7       0x7c Mic/mic_interrupt.o
 .debug_pubtypes
                0x00000633       0x6e Mic/mic_io_ports.o
 .debug_pubtypes
                0x000006a1       0x51 Mic/mic_power_management.o
 .debug_pubtypes
                0x000006f2       0x4d Mic/mic_system_clock.o
 .debug_pubtypes
                0x0000073f       0x51 Mic/mic_system_control.o
 .debug_pubtypes
                0x00000790      0x199 Mic/mic_timer_0.o
 .debug_pubtypes
                0x00000929      0x15c Mic/mic_usart.o

.debug_ranges   0x00000000      0x678
 .debug_ranges  0x00000000      0x2a0 Ctrl/ctrl_marche.o
 .debug_ranges  0x000002a0       0x90 Ctrl/ctrl_uart_protocole.o
 .debug_ranges  0x00000330       0xd8 Drv/drv_led.o
 .debug_ranges  0x00000408       0x30 Drv/drv_servo.o
 .debug_ranges  0x00000438      0x240 Mic/mic_io_ports.o
