Archive member included because of file (symbol)

c:/program files (x86)/atmel/atmel studio 6.0/extensions/atmel/avrgcc/3.3.2.31/avrtoolchain/bin/../lib/gcc/avr/4.5.1/avr51\libgcc.a(_mulsi3.o)
                              Drv/drv_timer.o (__mulsi3)
c:/program files (x86)/atmel/atmel studio 6.0/extensions/atmel/avrgcc/3.3.2.31/avrtoolchain/bin/../lib/gcc/avr/4.5.1/avr51\libgcc.a(_udivmodhi4.o)
                              Ctrl/ctrl_ultrason.o (__udivmodhi4)
c:/program files (x86)/atmel/atmel studio 6.0/extensions/atmel/avrgcc/3.3.2.31/avrtoolchain/bin/../lib/gcc/avr/4.5.1/avr51\libgcc.a(_udivmodsi4.o)
                              Drv/drv_timer.o (__udivmodsi4)
c:/program files (x86)/atmel/atmel studio 6.0/extensions/atmel/avrgcc/3.3.2.31/avrtoolchain/bin/../lib/gcc/avr/4.5.1/avr51\libgcc.a(_exit.o)
                              c:/program files (x86)/atmel/atmel studio 6.0/extensions/atmel/avrgcc/3.3.2.31/avrtoolchain/bin/../lib/gcc/avr/4.5.1/../../../../avr/lib/avr51/crtm1284p.o (exit)
c:/program files (x86)/atmel/atmel studio 6.0/extensions/atmel/avrgcc/3.3.2.31/avrtoolchain/bin/../lib/gcc/avr/4.5.1/avr51\libgcc.a(_copy_data.o)
                              Ctrl/ctrl_camera.o (__do_copy_data)
c:/program files (x86)/atmel/atmel studio 6.0/extensions/atmel/avrgcc/3.3.2.31/avrtoolchain/bin/../lib/gcc/avr/4.5.1/avr51\libgcc.a(_clear_bss.o)
                              Ctrl/ctrl_camera.o (__do_clear_bss)

Allocating common symbols
Common symbol       size              file

MesLeds             0x26              Drv/drv_led.o
MesTimer            0x9               Drv/drv_timer.o
cam                 0x10              Ctrl/ctrl_camera.o
i_message_from_body
                    0x32              Ctrl/ctrl_uart_protocole.o
compress_tab_mvt    0x258             Ctrl/ctrl_camera.o
in_message_0        0x32              Drv/drv_uart.o
buff_uart_0         0x32              Drv/drv_uart.o

Memory Configuration

Name             Origin             Length             Attributes
text             0x00000000         0x00020000         xr
data             0x00800100         0x0000ff00         rw !x
eeprom           0x00810000         0x00010000         rw !x
fuse             0x00820000         0x00000400         rw !x
lock             0x00830000         0x00000400         rw !x
signature        0x00840000         0x00000400         rw !x
*default*        0x00000000         0xffffffff

Linker script and memory map

Address of section .data set to 0x800100
LOAD c:/program files (x86)/atmel/atmel studio 6.0/extensions/atmel/avrgcc/3.3.2.31/avrtoolchain/bin/../lib/gcc/avr/4.5.1/../../../../avr/lib/avr51/crtm1284p.o
LOAD Ctrl/ctrl_camera.o
LOAD Ctrl/ctrl_eye.o
LOAD Ctrl/ctrl_light.o
LOAD Ctrl/ctrl_uart_protocole.o
LOAD Ctrl/ctrl_ultrason.o
LOAD Drv/drv_adc.o
LOAD Drv/drv_event.o
LOAD Drv/drv_i2c.o
LOAD Drv/drv_i2c_ultrason.o
LOAD Drv/drv_interrupt.o
LOAD Drv/drv_led.o
LOAD Drv/drv_timer.o
LOAD Drv/drv_uart.o
LOAD Mic/mic_adc.o
LOAD Mic/mic_interrupt.o
LOAD Mic/mic_io_ports.o
LOAD Mic/mic_power_management.o
LOAD Mic/mic_system_clock.o
LOAD Mic/mic_system_control.o
LOAD Mic/mic_timer_0.o
LOAD Mic/mic_usart.o
LOAD Robot_head.o
LOAD Tools/tools_string.o
START GROUP
LOAD c:/program files (x86)/atmel/atmel studio 6.0/extensions/atmel/avrgcc/3.3.2.31/avrtoolchain/bin/../lib/gcc/avr/4.5.1/../../../../avr/lib/avr51\libm.a
END GROUP
                0x00004000                __stack = 0x4000
LOAD c:/program files (x86)/atmel/atmel studio 6.0/extensions/atmel/avrgcc/3.3.2.31/avrtoolchain/bin/../lib/gcc/avr/4.5.1/avr51\libgcc.a
LOAD c:/program files (x86)/atmel/atmel studio 6.0/extensions/atmel/avrgcc/3.3.2.31/avrtoolchain/bin/../lib/gcc/avr/4.5.1/../../../../avr/lib/avr51\libc.a
LOAD c:/program files (x86)/atmel/atmel studio 6.0/extensions/atmel/avrgcc/3.3.2.31/avrtoolchain/bin/../lib/gcc/avr/4.5.1/avr51\libgcc.a

.hash
 *(.hash)

.dynsym
 *(.dynsym)

.dynstr
 *(.dynstr)

.gnu.version
 *(.gnu.version)

.gnu.version_d
 *(.gnu.version_d)

.gnu.version_r
 *(.gnu.version_r)

.rel.init
 *(.rel.init)

.rela.init
 *(.rela.init)

.rel.text
 *(.rel.text)
 *(.rel.text.*)
 *(.rel.gnu.linkonce.t*)

.rela.text
 *(.rela.text)
 *(.rela.text.*)
 *(.rela.gnu.linkonce.t*)

.rel.fini
 *(.rel.fini)

.rela.fini
 *(.rela.fini)

.rel.rodata
 *(.rel.rodata)
 *(.rel.rodata.*)
 *(.rel.gnu.linkonce.r*)

.rela.rodata
 *(.rela.rodata)
 *(.rela.rodata.*)
 *(.rela.gnu.linkonce.r*)

.rel.data
 *(.rel.data)
 *(.rel.data.*)
 *(.rel.gnu.linkonce.d*)

.rela.data
 *(.rela.data)
 *(.rela.data.*)
 *(.rela.gnu.linkonce.d*)

.rel.ctors
 *(.rel.ctors)

.rela.ctors
 *(.rela.ctors)

.rel.dtors
 *(.rel.dtors)

.rela.dtors
 *(.rela.dtors)

.rel.got
 *(.rel.got)

.rela.got
 *(.rela.got)

.rel.bss
 *(.rel.bss)

.rela.bss
 *(.rela.bss)

.rel.plt
 *(.rel.plt)

.rela.plt
 *(.rela.plt)

.text           0x00000000     0x57f8
 *(.vectors)
 .vectors       0x00000000       0x8c c:/program files (x86)/atmel/atmel studio 6.0/extensions/atmel/avrgcc/3.3.2.31/avrtoolchain/bin/../lib/gcc/avr/4.5.1/../../../../avr/lib/avr51/crtm1284p.o
                0x00000000                __vector_default
                0x00000000                __vectors
 *(.vectors)
 *(.progmem.gcc*)
 *(.progmem*)
                0x0000008c                . = ALIGN (0x2)
                0x0000008c                __trampolines_start = .
 *(.trampolines)
 .trampolines   0x0000008c        0x0 linker stubs
 *(.trampolines*)
                0x0000008c                __trampolines_end = .
 *(.jumptables)
 *(.jumptables*)
 *(.lowtext)
 *(.lowtext*)
                0x0000008c                __ctors_start = .
 *(.ctors)
                0x0000008c                __ctors_end = .
                0x0000008c                __dtors_start = .
 *(.dtors)
                0x0000008c                __dtors_end = .
 SORT(*)(.ctors)
 SORT(*)(.dtors)
 *(.init0)
 .init0         0x0000008c        0x0 c:/program files (x86)/atmel/atmel studio 6.0/extensions/atmel/avrgcc/3.3.2.31/avrtoolchain/bin/../lib/gcc/avr/4.5.1/../../../../avr/lib/avr51/crtm1284p.o
                0x0000008c                __init
 *(.init0)
 *(.init1)
 *(.init1)
 *(.init2)
 .init2         0x0000008c        0xc c:/program files (x86)/atmel/atmel studio 6.0/extensions/atmel/avrgcc/3.3.2.31/avrtoolchain/bin/../lib/gcc/avr/4.5.1/../../../../avr/lib/avr51/crtm1284p.o
 *(.init2)
 *(.init3)
 *(.init3)
 *(.init4)
 .init4         0x00000098       0x1a c:/program files (x86)/atmel/atmel studio 6.0/extensions/atmel/avrgcc/3.3.2.31/avrtoolchain/bin/../lib/gcc/avr/4.5.1/avr51\libgcc.a(_copy_data.o)
                0x00000098                __do_copy_data
 .init4         0x000000b2       0x10 c:/program files (x86)/atmel/atmel studio 6.0/extensions/atmel/avrgcc/3.3.2.31/avrtoolchain/bin/../lib/gcc/avr/4.5.1/avr51\libgcc.a(_clear_bss.o)
                0x000000b2                __do_clear_bss
 *(.init4)
 *(.init5)
 *(.init5)
 *(.init6)
 *(.init6)
 *(.init7)
 *(.init7)
 *(.init8)
 *(.init8)
 *(.init9)
 .init9         0x000000c2        0x8 c:/program files (x86)/atmel/atmel studio 6.0/extensions/atmel/avrgcc/3.3.2.31/avrtoolchain/bin/../lib/gcc/avr/4.5.1/../../../../avr/lib/avr51/crtm1284p.o
 *(.init9)
 *(.text)
 .text          0x000000ca        0x4 c:/program files (x86)/atmel/atmel studio 6.0/extensions/atmel/avrgcc/3.3.2.31/avrtoolchain/bin/../lib/gcc/avr/4.5.1/../../../../avr/lib/avr51/crtm1284p.o
                0x000000ca                __vector_22
                0x000000ca                __vector_1
                0x000000ca                __vector_32
                0x000000ca                __vector_34
                0x000000ca                __vector_24
                0x000000ca                __vector_12
                0x000000ca                __bad_interrupt
                0x000000ca                __vector_6
                0x000000ca                __vector_31
                0x000000ca                __vector_3
                0x000000ca                __vector_23
                0x000000ca                __vector_30
                0x000000ca                __vector_25
                0x000000ca                __vector_11
                0x000000ca                __vector_13
                0x000000ca                __vector_17
                0x000000ca                __vector_19
                0x000000ca                __vector_7
                0x000000ca                __vector_27
                0x000000ca                __vector_5
                0x000000ca                __vector_33
                0x000000ca                __vector_4
                0x000000ca                __vector_9
                0x000000ca                __vector_2
                0x000000ca                __vector_21
                0x000000ca                __vector_15
                0x000000ca                __vector_29
                0x000000ca                __vector_8
                0x000000ca                __vector_26
                0x000000ca                __vector_14
                0x000000ca                __vector_10
                0x000000ca                __vector_18
 .text          0x000000ce        0x0 Ctrl/ctrl_camera.o
 .text          0x000000ce        0x0 Ctrl/ctrl_eye.o
 .text          0x000000ce        0x0 Ctrl/ctrl_light.o
 .text          0x000000ce        0x0 Ctrl/ctrl_uart_protocole.o
 .text          0x000000ce        0x0 Ctrl/ctrl_ultrason.o
 .text          0x000000ce        0x0 Drv/drv_adc.o
 .text          0x000000ce        0x0 Drv/drv_event.o
 .text          0x000000ce        0x0 Drv/drv_i2c.o
 .text          0x000000ce        0x0 Drv/drv_i2c_ultrason.o
 .text          0x000000ce        0x0 Drv/drv_interrupt.o
 .text          0x000000ce        0x0 Drv/drv_led.o
 .text          0x000000ce        0x0 Drv/drv_timer.o
 .text          0x000000ce        0x0 Drv/drv_uart.o
 .text          0x000000ce        0x0 Mic/mic_adc.o
 .text          0x000000ce        0x0 Mic/mic_interrupt.o
 .text          0x000000ce        0x0 Mic/mic_io_ports.o
 .text          0x000000ce        0x0 Mic/mic_power_management.o
 .text          0x000000ce        0x0 Mic/mic_system_clock.o
 .text          0x000000ce        0x0 Mic/mic_system_control.o
 .text          0x000000ce        0x0 Mic/mic_timer_0.o
 .text          0x000000ce        0x0 Mic/mic_usart.o
 .text          0x000000ce        0x0 Robot_head.o
 .text          0x000000ce        0x0 Tools/tools_string.o
 .text          0x000000ce        0x0 c:/program files (x86)/atmel/atmel studio 6.0/extensions/atmel/avrgcc/3.3.2.31/avrtoolchain/bin/../lib/gcc/avr/4.5.1/avr51\libgcc.a(_mulsi3.o)
 .text          0x000000ce        0x0 c:/program files (x86)/atmel/atmel studio 6.0/extensions/atmel/avrgcc/3.3.2.31/avrtoolchain/bin/../lib/gcc/avr/4.5.1/avr51\libgcc.a(_udivmodhi4.o)
 .text          0x000000ce        0x0 c:/program files (x86)/atmel/atmel studio 6.0/extensions/atmel/avrgcc/3.3.2.31/avrtoolchain/bin/../lib/gcc/avr/4.5.1/avr51\libgcc.a(_udivmodsi4.o)
 .text          0x000000ce        0x0 c:/program files (x86)/atmel/atmel studio 6.0/extensions/atmel/avrgcc/3.3.2.31/avrtoolchain/bin/../lib/gcc/avr/4.5.1/avr51\libgcc.a(_exit.o)
 .text          0x000000ce        0x0 c:/program files (x86)/atmel/atmel studio 6.0/extensions/atmel/avrgcc/3.3.2.31/avrtoolchain/bin/../lib/gcc/avr/4.5.1/avr51\libgcc.a(_copy_data.o)
 .text          0x000000ce        0x0 c:/program files (x86)/atmel/atmel studio 6.0/extensions/atmel/avrgcc/3.3.2.31/avrtoolchain/bin/../lib/gcc/avr/4.5.1/avr51\libgcc.a(_clear_bss.o)
                0x000000ce                . = ALIGN (0x2)
 *(.text.*)
 .text.CtrlCamera
                0x000000ce       0x76 Ctrl/ctrl_camera.o
                0x000000ce                CtrlCamera
 .text.CtrlCameraGetPicture
                0x00000144       0x14 Ctrl/ctrl_camera.o
                0x00000144                CtrlCameraGetPicture
 .text.CtrlCameraEnable
                0x00000158       0x1a Ctrl/ctrl_camera.o
 .text.CtrlCameraSetStructPicture
                0x00000172       0x24 Ctrl/ctrl_camera.o
 .text.CtrlCameraDispatcher
                0x00000196      0x146 Ctrl/ctrl_camera.o
                0x00000196                CtrlCameraDispatcher
 .text.CtrlCameraSeuillage
                0x000002dc      0x364 Ctrl/ctrl_camera.o
 .text.CtrlCameraExecuteSendUartMovement
                0x00000640       0xf8 Ctrl/ctrl_camera.o
 .text.CtrlCameraStateMachine
                0x00000738       0xe0 Ctrl/ctrl_camera.o
 .text.__vector_28
                0x00000818      0x1fc Ctrl/ctrl_camera.o
                0x00000818                __vector_28
 .text.CtrlCameraCmdReset
                0x00000a14       0x1c Ctrl/ctrl_camera.o
 .text.CtrlCameraCmdAck
                0x00000a30       0x28 Ctrl/ctrl_camera.o
 .text.CtrlCameraCmdSynchro
                0x00000a58       0x2a Ctrl/ctrl_camera.o
 .text.CtrlCameraCmdSettings
                0x00000a82       0x20 Ctrl/ctrl_camera.o
 .text.CtrlCameraCmdGetPicture
                0x00000aa2       0x20 Ctrl/ctrl_camera.o
 .text.CtrlEye  0x00000ac2       0x12 Ctrl/ctrl_eye.o
                0x00000ac2                CtrlEye
 .text.CtrlEyeState
                0x00000ad4       0x58 Ctrl/ctrl_eye.o
                0x00000ad4                CtrlEyeState
 .text.CtrlEyeToggle
                0x00000b2c       0x2e Ctrl/ctrl_eye.o
                0x00000b2c                CtrlEyeToggle
 .text.CtrlEyeLeftBlink
                0x00000b5a       0x24 Ctrl/ctrl_eye.o
                0x00000b5a                CtrlEyeLeftBlink
 .text.CtrlEyeRightBlink
                0x00000b7e       0x24 Ctrl/ctrl_eye.o
                0x00000b7e                CtrlEyeRightBlink
 .text.CtrlEyeBlink
                0x00000ba2       0x34 Ctrl/ctrl_eye.o
                0x00000ba2                CtrlEyeBlink
 .text.CtrlEyeBlinkSpeed
                0x00000bd6       0x60 Ctrl/ctrl_eye.o
                0x00000bd6                CtrlEyeBlinkSpeed
 .text.CtrlLight
                0x00000c36       0x36 Ctrl/ctrl_light.o
                0x00000c36                CtrlLight
 .text.CtrlLightDispatcher
                0x00000c6c       0xd8 Ctrl/ctrl_light.o
                0x00000c6c                CtrlLightDispatcher
 .text.CtrlLightSendUartLightMesure
                0x00000d44       0x78 Ctrl/ctrl_light.o
                0x00000d44                CtrlLightSendUartLightMesure
 .text.CtrlUartProtocole
                0x00000dbc        0xe Ctrl/ctrl_uart_protocole.o
                0x00000dbc                CtrlUartProtocole
 .text.CtrlUartProtocoleDispatcher
                0x00000dca       0xd4 Ctrl/ctrl_uart_protocole.o
                0x00000dca                CtrlUartProtocoleDispatcher
 .text.CtrlUartProtocoleValidAscii
                0x00000e9e       0xe2 Ctrl/ctrl_uart_protocole.o
                0x00000e9e                CtrlUartProtocoleValidAscii
 .text.CtrlUltraSon
                0x00000f80       0x1e Ctrl/ctrl_ultrason.o
                0x00000f80                CtrlUltraSon
 .text.CtrlUltraSonDispatcher
                0x00000f9e       0x42 Ctrl/ctrl_ultrason.o
                0x00000f9e                CtrlUltraSonDispatcher
 .text.CtrlUltraSonReadMesure
                0x00000fe0       0x16 Ctrl/ctrl_ultrason.o
                0x00000fe0                CtrlUltraSonReadMesure
 .text.CtrlUltraSonReadSensorMesure
                0x00000ff6      0x19a Ctrl/ctrl_ultrason.o
 .text.CtrlUltraSonSendPulse
                0x00001190       0x18 Ctrl/ctrl_ultrason.o
 .text.CtrlUltraSendUartProximity
                0x000011a8       0x5e Ctrl/ctrl_ultrason.o
                0x000011a8                CtrlUltraSendUartProximity
 .text.DrvAdc   0x00001206       0x1a Drv/drv_adc.o
                0x00001206                DrvAdc
 .text.DrvAdcReadChannel
                0x00001220       0x54 Drv/drv_adc.o
                0x00001220                DrvAdcReadChannel
 .text.DrvEvent
                0x00001274       0x16 Drv/drv_event.o
                0x00001274                DrvEvent
 .text.DrvEventKillEvent
                0x0000128a       0x3e Drv/drv_event.o
                0x0000128a                DrvEventKillEvent
 .text.DrvEventGetEvent
                0x000012c8       0x16 Drv/drv_event.o
                0x000012c8                DrvEventGetEvent
 .text.DrvEventTestEvent
                0x000012de       0x36 Drv/drv_event.o
                0x000012de                DrvEventTestEvent
 .text.DrvEventAddEvent
                0x00001314       0x40 Drv/drv_event.o
                0x00001314                DrvEventAddEvent
 .text.DrvI2C   0x00001354       0x3a Drv/drv_i2c.o
                0x00001354                DrvI2C
 .text.DrvI2CUltraSon
                0x0000138e        0xe Drv/drv_i2c_ultrason.o
                0x0000138e                DrvI2CUltraSon
 .text.DrvI2CUltraSonTransmit
                0x0000139c      0x156 Drv/drv_i2c_ultrason.o
                0x0000139c                DrvI2CUltraSonTransmit
 .text.DrvI2CUltraSonRead
                0x000014f2      0x1ee Drv/drv_i2c_ultrason.o
                0x000014f2                DrvI2CUltraSonRead
 .text.DrvInterruptClearAllInterrupts
                0x000016e0       0x10 Drv/drv_interrupt.o
                0x000016e0                DrvInterruptClearAllInterrupts
 .text.DrvInterruptSetAllInterrupts
                0x000016f0       0x10 Drv/drv_interrupt.o
                0x000016f0                DrvInterruptSetAllInterrupts
 .text.DrvLed   0x00001700      0x2a2 Drv/drv_led.o
                0x00001700                DrvLed
 .text.DrvLedOn
                0x000019a2       0xa8 Drv/drv_led.o
                0x000019a2                DrvLedOn
 .text.DrvLedOff
                0x00001a4a       0xa8 Drv/drv_led.o
                0x00001a4a                DrvLedOff
 .text.DrvLedToggle
                0x00001af2       0x44 Drv/drv_led.o
                0x00001af2                DrvLedToggle
 .text.DrvLedFlash
                0x00001b36      0x196 Drv/drv_led.o
                0x00001b36                DrvLedFlash
 .text.DrvLedDirectFlash
                0x00001ccc      0x166 Drv/drv_led.o
                0x00001ccc                DrvLedDirectFlash
 .text.DrvLedFlash_ISR
                0x00001e32      0x496 Drv/drv_led.o
 .text.DrvTimer
                0x000022c8       0x68 Drv/drv_timer.o
                0x000022c8                DrvTimer
 .text.DrvTimerPlayTimer
                0x00002330       0xea Drv/drv_timer.o
                0x00002330                DrvTimerPlayTimer
 .text.DrvTimerPauseTimer
                0x0000241a       0x34 Drv/drv_timer.o
                0x0000241a                DrvTimerPauseTimer
 .text.DrvTimerStopTimer
                0x0000244e       0xc0 Drv/drv_timer.o
                0x0000244e                DrvTimerStopTimer
 .text.DrvTimerResetTimer
                0x0000250e       0x36 Drv/drv_timer.o
                0x0000250e                DrvTimerResetTimer
 .text.DrvTimerDelayTimer
                0x00002544       0x66 Drv/drv_timer.o
                0x00002544                DrvTimerDelayTimer
 .text.DrvTimerInitSystemTimer
                0x000025aa       0x4e Drv/drv_timer.o
                0x000025aa                DrvTimerInitSystemTimer
 .text.DrvTimerComputeOCR
                0x000025f8      0x1a4 Drv/drv_timer.o
                0x000025f8                DrvTimerComputeOCR
 .text.__vector_16
                0x0000279c      0x232 Drv/drv_timer.o
                0x0000279c                __vector_16
 .text.DrvUart  0x000029ce       0x72 Drv/drv_uart.o
                0x000029ce                DrvUart
 .text.DrvUartDirectSendBytes
                0x00002a40       0xc4 Drv/drv_uart.o
                0x00002a40                DrvUartDirectSendBytes
 .text.DrvUartSendByte
                0x00002b04       0x76 Drv/drv_uart.o
                0x00002b04                DrvUartSendByte
 .text.DrvUart0ReadMessage
                0x00002b7a       0x66 Drv/drv_uart.o
                0x00002b7a                DrvUart0ReadMessage
 .text.DrvUartSetPtrfctReceiveComplete
                0x00002be0       0x42 Drv/drv_uart.o
                0x00002be0                DrvUartSetPtrfctReceiveComplete
 .text.__vector_20
                0x00002c22      0x11e Drv/drv_uart.o
                0x00002c22                __vector_20
 .text.micAdcSetReferenceSelectionBits
                0x00002d40       0x3c Mic/mic_adc.o
                0x00002d40                micAdcSetReferenceSelectionBits
 .text.micAdcSetLeftAdjustResult
                0x00002d7c       0x2a Mic/mic_adc.o
                0x00002d7c                micAdcSetLeftAdjustResult
 .text.micAdcGetLeftAdjustResult
                0x00002da6       0x18 Mic/mic_adc.o
                0x00002da6                micAdcGetLeftAdjustResult
 .text.micAdcClearLeftAdjustResult
                0x00002dbe       0x2a Mic/mic_adc.o
                0x00002dbe                micAdcClearLeftAdjustResult
 .text.micAdcSetAnalogChannelandGainSelectionBits
                0x00002de8       0x3c Mic/mic_adc.o
                0x00002de8                micAdcSetAnalogChannelandGainSelectionBits
 .text.micAdcGetAnalogChannelandGainSelectionBits
                0x00002e24       0x1e Mic/mic_adc.o
                0x00002e24                micAdcGetAnalogChannelandGainSelectionBits
 .text.micAdcSetAdcEnable
                0x00002e42       0x2a Mic/mic_adc.o
                0x00002e42                micAdcSetAdcEnable
 .text.micAdcSetAdcDisable
                0x00002e6c       0x2a Mic/mic_adc.o
                0x00002e6c                micAdcSetAdcDisable
 .text.micAdcSetStartConversion
                0x00002e96       0x2a Mic/mic_adc.o
                0x00002e96                micAdcSetStartConversion
 .text.micAdcSetAutoTriggerEnable
                0x00002ec0       0x2a Mic/mic_adc.o
                0x00002ec0                micAdcSetAutoTriggerEnable
 .text.micAdcSetAutoTriggerDisable
                0x00002eea       0x2a Mic/mic_adc.o
                0x00002eea                micAdcSetAutoTriggerDisable
 .text.micAdcClearConversionCompletedFlag
                0x00002f14       0x2c Mic/mic_adc.o
                0x00002f14                micAdcClearConversionCompletedFlag
 .text.micAdcSetInterrupt
                0x00002f40       0x2a Mic/mic_adc.o
                0x00002f40                micAdcSetInterrupt
 .text.micAdcClearInterrupt
                0x00002f6a       0x2a Mic/mic_adc.o
                0x00002f6a                micAdcClearInterrupt
 .text.micAdcSetPrescalerSelectBits
                0x00002f94       0x3c Mic/mic_adc.o
                0x00002f94                micAdcSetPrescalerSelectBits
 .text.micAdcSetAutoTriggerSource
                0x00002fd0       0x3c Mic/mic_adc.o
                0x00002fd0                micAdcSetAutoTriggerSource
 .text.micAdcReadData8
                0x0000300c       0x28 Mic/mic_adc.o
                0x0000300c                micAdcReadData8
 .text.micAdcReadData16
                0x00003034       0x18 Mic/mic_adc.o
                0x00003034                micAdcReadData16
 .text.micInterruptMasterControlUnitInterruptVectorSelect
                0x0000304c       0x48 Mic/mic_interrupt.o
                0x0000304c                micInterruptMasterControlUnitInterruptVectorSelect
 .text.micInterruptMasterControlUnitInterruptVectorChangeEnable
                0x00003094       0x48 Mic/mic_interrupt.o
                0x00003094                micInterruptMasterControlUnitInterruptVectorChangeEnable
 .text.micInterruptSenseControlBits0
                0x000030dc       0x36 Mic/mic_interrupt.o
                0x000030dc                micInterruptSenseControlBits0
 .text.micInterruptSenseControlBits1
                0x00003112       0x36 Mic/mic_interrupt.o
                0x00003112                micInterruptSenseControlBits1
 .text.micInterruptSenseControlBits2
                0x00003148       0x36 Mic/mic_interrupt.o
                0x00003148                micInterruptSenseControlBits2
 .text.micInterruptExternalInterruptRequestEnable0
                0x0000317e       0x48 Mic/mic_interrupt.o
                0x0000317e                micInterruptExternalInterruptRequestEnable0
 .text.micInterruptExternalInterruptRequestEnable1
                0x000031c6       0x48 Mic/mic_interrupt.o
                0x000031c6                micInterruptExternalInterruptRequestEnable1
 .text.micInterruptExternalInterruptRequestEnable2
                0x0000320e       0x48 Mic/mic_interrupt.o
                0x0000320e                micInterruptExternalInterruptRequestEnable2
 .text.micInterruptExternalInterruptFlags0
                0x00003256       0x48 Mic/mic_interrupt.o
                0x00003256                micInterruptExternalInterruptFlags0
 .text.micInterruptExternalInterruptFlags1
                0x0000329e       0x48 Mic/mic_interrupt.o
                0x0000329e                micInterruptExternalInterruptFlags1
 .text.micInterruptExternalInterruptFlags2
                0x000032e6       0x48 Mic/mic_interrupt.o
                0x000032e6                micInterruptExternalInterruptFlags2
 .text.micInterruptPinChangeInterruptEnable0
                0x0000332e       0x48 Mic/mic_interrupt.o
                0x0000332e                micInterruptPinChangeInterruptEnable0
 .text.micInterruptPinChangeInterruptEnable1
                0x00003376       0x48 Mic/mic_interrupt.o
                0x00003376                micInterruptPinChangeInterruptEnable1
 .text.micInterruptPinChangeInterruptEnable2
                0x000033be       0x48 Mic/mic_interrupt.o
                0x000033be                micInterruptPinChangeInterruptEnable2
 .text.micInterruptPinChangeInterruptEnable3
                0x00003406       0x48 Mic/mic_interrupt.o
                0x00003406                micInterruptPinChangeInterruptEnable3
 .text.micInterruptPinChangeInterruptFlag0
                0x0000344e       0x48 Mic/mic_interrupt.o
                0x0000344e                micInterruptPinChangeInterruptFlag0
 .text.micInterruptPinChangeInterruptFlag1
                0x00003496       0x48 Mic/mic_interrupt.o
                0x00003496                micInterruptPinChangeInterruptFlag1
 .text.micInterruptPinChangeInterruptFlag2
                0x000034de       0x48 Mic/mic_interrupt.o
                0x000034de                micInterruptPinChangeInterruptFlag2
 .text.micInterruptPinChangeInterruptFlag3
                0x00003526       0x48 Mic/mic_interrupt.o
                0x00003526                micInterruptPinChangeInterruptFlag3
 .text.micInterruptPinChangeEnableMask3
                0x0000356e       0x30 Mic/mic_interrupt.o
                0x0000356e                micInterruptPinChangeEnableMask3
 .text.micInterruptPinChangeEnableMask2
                0x0000359e       0x30 Mic/mic_interrupt.o
                0x0000359e                micInterruptPinChangeEnableMask2
 .text.micInterruptPinChangeEnableMask1
                0x000035ce       0x30 Mic/mic_interrupt.o
                0x000035ce                micInterruptPinChangeEnableMask1
 .text.micInterruptPinChangeEnableMask0
                0x000035fe       0x30 Mic/mic_interrupt.o
                0x000035fe                micInterruptPinChangeEnableMask0
 .text.micIoPortsConfigureOutput
                0x0000362e       0x4a Mic/mic_io_ports.o
                0x0000362e                micIoPortsConfigureOutput
 .text.micIoPortsConfigureToLowLevel
                0x00003678       0x4a Mic/mic_io_ports.o
                0x00003678                micIoPortsConfigureToLowLevel
 .text.micIoPortsConfigureToHighLevel
                0x000036c2       0x4a Mic/mic_io_ports.o
                0x000036c2                micIoPortsConfigureToHighLevel
 .text.micIoPortsConfigureToToggleLevel
                0x0000370c       0xfe Mic/mic_io_ports.o
                0x0000370c                micIoPortsConfigureToToggleLevel
 .text.micIoPortsConfigureInput
                0x0000380a       0x76 Mic/mic_io_ports.o
                0x0000380a                micIoPortsConfigureInput
 .text.micIoPortsMasterControlUnitPullUpDisable
                0x00003880       0x48 Mic/mic_io_ports.o
                0x00003880                micIoPortsMasterControlUnitPullUpDisable
 .text.micIoPortsDataRegister
                0x000038c8       0x64 Mic/mic_io_ports.o
                0x000038c8                micIoPortsDataRegister
 .text.micIoPortsDirectionRegister
                0x0000392c       0x64 Mic/mic_io_ports.o
                0x0000392c                micIoPortsDirectionRegister
 .text.micIoPortsInputPinsAddress
                0x00003990       0x64 Mic/mic_io_ports.o
                0x00003990                micIoPortsInputPinsAddress
 .text.micIoPortsDataRegisterA
                0x000039f4       0x7c Mic/mic_io_ports.o
                0x000039f4                micIoPortsDataRegisterA
 .text.micIoPortsReadDataRegisterA
                0x00003a70       0x16 Mic/mic_io_ports.o
                0x00003a70                micIoPortsReadDataRegisterA
 .text.micIoPortsDirectionRegisterA
                0x00003a86       0x7c Mic/mic_io_ports.o
                0x00003a86                micIoPortsDirectionRegisterA
 .text.micIoPortsInputPinsAddressA
                0x00003b02       0x7c Mic/mic_io_ports.o
                0x00003b02                micIoPortsInputPinsAddressA
 .text.micIoPortsDataRegisterB
                0x00003b7e       0x7c Mic/mic_io_ports.o
                0x00003b7e                micIoPortsDataRegisterB
 .text.micIoPortsReadDataRegisterB
                0x00003bfa       0x16 Mic/mic_io_ports.o
                0x00003bfa                micIoPortsReadDataRegisterB
 .text.micIoPortsDirectionRegisterB
                0x00003c10       0x7c Mic/mic_io_ports.o
                0x00003c10                micIoPortsDirectionRegisterB
 .text.micIoPortsInputPinsAddressB
                0x00003c8c       0x7c Mic/mic_io_ports.o
                0x00003c8c                micIoPortsInputPinsAddressB
 .text.micIoPortsDataRegisterC
                0x00003d08       0x7c Mic/mic_io_ports.o
                0x00003d08                micIoPortsDataRegisterC
 .text.micIoPortsReadDataRegisterC
                0x00003d84       0x16 Mic/mic_io_ports.o
                0x00003d84                micIoPortsReadDataRegisterC
 .text.micIoPortsDirectionRegisterC
                0x00003d9a       0x7c Mic/mic_io_ports.o
                0x00003d9a                micIoPortsDirectionRegisterC
 .text.micIoPortsInputPinsAddressC
                0x00003e16       0x7c Mic/mic_io_ports.o
                0x00003e16                micIoPortsInputPinsAddressC
 .text.micIoPortsDataRegisterD
                0x00003e92       0x7c Mic/mic_io_ports.o
                0x00003e92                micIoPortsDataRegisterD
 .text.micIoPortsReadDataRegisterD
                0x00003f0e       0x16 Mic/mic_io_ports.o
                0x00003f0e                micIoPortsReadDataRegisterD
 .text.micIoPortsDirectionRegisterD
                0x00003f24       0x7c Mic/mic_io_ports.o
                0x00003f24                micIoPortsDirectionRegisterD
 .text.micIoPortsInputPinsAddressD
                0x00003fa0       0x7c Mic/mic_io_ports.o
                0x00003fa0                micIoPortsInputPinsAddressD
 .text.micPowerMangementSleepMode
                0x0000401c       0x36 Mic/mic_power_management.o
                0x0000401c                micPowerMangementSleepMode
 .text.micPowerMangementSleepEnable
                0x00004052       0x48 Mic/mic_power_management.o
                0x00004052                micPowerMangementSleepEnable
 .text.micPowerMangementMasterControlUnitBrownOutVoltageSleep
                0x0000409a       0x48 Mic/mic_power_management.o
                0x0000409a                micPowerMangementMasterControlUnitBrownOutVoltageSleep
 .text.micPowerMangementMasterControlUnitBrownOutVoltageSleepEnable
                0x000040e2       0x48 Mic/mic_power_management.o
                0x000040e2                micPowerMangementMasterControlUnitBrownOutVoltageSleepEnable
 .text.micPowerMangementPowerReductionTWI
                0x0000412a       0x48 Mic/mic_power_management.o
                0x0000412a                micPowerMangementPowerReductionTWI
 .text.micPowerMangementPowerReductionTimerCounter2
                0x00004172       0x48 Mic/mic_power_management.o
                0x00004172                micPowerMangementPowerReductionTimerCounter2
 .text.micPowerMangementPowerReductionTimerCounter0
                0x000041ba       0x48 Mic/mic_power_management.o
                0x000041ba                micPowerMangementPowerReductionTimerCounter0
 .text.micPowerMangementPowerReductionUSART1
                0x00004202       0x48 Mic/mic_power_management.o
                0x00004202                micPowerMangementPowerReductionUSART1
 .text.micPowerMangementPowerReductionTimerCounter1
                0x0000424a       0x48 Mic/mic_power_management.o
                0x0000424a                micPowerMangementPowerReductionTimerCounter1
 .text.micPowerMangementPowerReductionSPI
                0x00004292       0x48 Mic/mic_power_management.o
                0x00004292                micPowerMangementPowerReductionSPI
 .text.micPowerMangementPowerReductionUSART0
                0x000042da       0x48 Mic/mic_power_management.o
                0x000042da                micPowerMangementPowerReductionUSART0
 .text.micPowerMangementPowerReductionADC
                0x00004322       0x48 Mic/mic_power_management.o
                0x00004322                micPowerMangementPowerReductionADC
 .text.micSystemClockOscillatorCalibrationValue
                0x0000436a       0x26 Mic/mic_system_clock.o
                0x0000436a                micSystemClockOscillatorCalibrationValue
 .text.micSystemClockPrescalerChangeEnable
                0x00004390       0x48 Mic/mic_system_clock.o
                0x00004390                micSystemClockPrescalerChangeEnable
 .text.micSystemClockPrescalerSelectBits
                0x000043d8       0x38 Mic/mic_system_clock.o
                0x000043d8                micSystemClockPrescalerSelectBits
 .text.micSystemControlMasterControlUnitJtagResetFlag
                0x00004410       0x1e Mic/mic_system_control.o
                0x00004410                micSystemControlMasterControlUnitJtagResetFlag
 .text.micSystemControlMasterControlUnitWatchdogResetFlag
                0x0000442e       0x1e Mic/mic_system_control.o
                0x0000442e                micSystemControlMasterControlUnitWatchdogResetFlag
 .text.micSystemControlMasterControlUnitBrownOutResetFlag
                0x0000444c       0x1e Mic/mic_system_control.o
                0x0000444c                micSystemControlMasterControlUnitBrownOutResetFlag
 .text.micSystemControlMasterControlUnitExternalResetFlag
                0x0000446a       0x1e Mic/mic_system_control.o
                0x0000446a                micSystemControlMasterControlUnitExternalResetFlag
 .text.micSystemControlMasterControlUnitPowerOnResetFlag
                0x00004488       0x1e Mic/mic_system_control.o
                0x00004488                micSystemControlMasterControlUnitPowerOnResetFlag
 .text.micSystemControlWatchdogTimerControlWatchdogFlag
                0x000044a6       0x1e Mic/mic_system_control.o
                0x000044a6                micSystemControlWatchdogTimerControlWatchdogFlag
 .text.micSystemControlWatchdogTimerControlWatchdogInterruptEnable
                0x000044c4       0x48 Mic/mic_system_control.o
                0x000044c4                micSystemControlWatchdogTimerControlWatchdogInterruptEnable
 .text.micSystemControlWatchdogTimerControlWatchdogChangeEnable
                0x0000450c       0x1e Mic/mic_system_control.o
                0x0000450c                micSystemControlWatchdogTimerControlWatchdogChangeEnable
 .text.micSystemControlWatchdogTimerControlWatchdogSystemResetEnable
                0x0000452a       0x48 Mic/mic_system_control.o
                0x0000452a                micSystemControlWatchdogTimerControlWatchdogSystemResetEnable
 .text.micSystemControlWatchdogTimerControlWatchdogTimerPrescaler
                0x00004572       0x36 Mic/mic_system_control.o
                0x00004572                micSystemControlWatchdogTimerControlWatchdogTimerPrescaler
 .text.micTimer0CompareMatchOutputAMode
                0x000045a8       0x3c Mic/mic_timer_0.o
                0x000045a8                micTimer0CompareMatchOutputAMode
 .text.micTimer0CompareMatchOutputBMode
                0x000045e4       0x3c Mic/mic_timer_0.o
                0x000045e4                micTimer0CompareMatchOutputBMode
 .text.micTimer0WaveformGenerationMode
                0x00004620       0xc4 Mic/mic_timer_0.o
                0x00004620                micTimer0WaveformGenerationMode
 .text.micTimer0ForceOutputCompareA
                0x000046e4       0x38 Mic/mic_timer_0.o
                0x000046e4                micTimer0ForceOutputCompareA
 .text.micTimer0SetClockDivision
                0x0000471c       0x32 Mic/mic_timer_0.o
                0x0000471c                micTimer0SetClockDivision
 .text.micTimer0SetTimerCounterRegister
                0x0000474e       0x1e Mic/mic_timer_0.o
                0x0000474e                micTimer0SetTimerCounterRegister
 .text.micTimer0GetTimerCounterRegister
                0x0000476c       0x16 Mic/mic_timer_0.o
                0x0000476c                micTimer0GetTimerCounterRegister
 .text.micTimer0SetOutputCompareRegisterA
                0x00004782       0x1e Mic/mic_timer_0.o
                0x00004782                micTimer0SetOutputCompareRegisterA
 .text.micTimer0GetOutputCompareRegisterA
                0x000047a0       0x16 Mic/mic_timer_0.o
                0x000047a0                micTimer0GetOutputCompareRegisterA
 .text.micTimer0SetOutputCompareRegisterB
                0x000047b6       0x1e Mic/mic_timer_0.o
                0x000047b6                micTimer0SetOutputCompareRegisterB
 .text.micTimer0GetOutputCompareRegisterB
                0x000047d4       0x16 Mic/mic_timer_0.o
                0x000047d4                micTimer0GetOutputCompareRegisterB
 .text.micTimer0SetTimerCounterInterrupt
                0x000047ea       0x2e Mic/mic_timer_0.o
                0x000047ea                micTimer0SetTimerCounterInterrupt
 .text.micTimer0ClearTimerCounterInterrupt
                0x00004818       0x30 Mic/mic_timer_0.o
                0x00004818                micTimer0ClearTimerCounterInterrupt
 .text.micTimer0ClearTimerCounterInterruptFlagRegister
                0x00004848       0x30 Mic/mic_timer_0.o
                0x00004848                micTimer0ClearTimerCounterInterruptFlagRegister
 .text.micUsart0SetIODataRegister
                0x00004878       0x26 Mic/mic_usart.o
                0x00004878                micUsart0SetIODataRegister
 .text.micUsart1SetIODataRegister
                0x0000489e       0x26 Mic/mic_usart.o
                0x0000489e                micUsart1SetIODataRegister
 .text.micUsart0GetIODataRegister
                0x000048c4       0x16 Mic/mic_usart.o
                0x000048c4                micUsart0GetIODataRegister
 .text.micUsart1GetIODataRegister
                0x000048da       0x16 Mic/mic_usart.o
                0x000048da                micUsart1GetIODataRegister
 .text.micUsart0GetRegisterEmpty
                0x000048f0       0x18 Mic/mic_usart.o
                0x000048f0                micUsart0GetRegisterEmpty
 .text.micUsart1GetRegisterEmpty
                0x00004908       0x18 Mic/mic_usart.o
                0x00004908                micUsart1GetRegisterEmpty
 .text.micUsart0GetError
                0x00004920       0x1e Mic/mic_usart.o
                0x00004920                micUsart0GetError
 .text.micUsart1GetError
                0x0000493e       0x1e Mic/mic_usart.o
                0x0000493e                micUsart1GetError
 .text.micUsart0SetSpeedMode
                0x0000495c       0x4c Mic/mic_usart.o
                0x0000495c                micUsart0SetSpeedMode
 .text.micUsart1SetSpeedMode
                0x000049a8       0x4c Mic/mic_usart.o
                0x000049a8                micUsart1SetSpeedMode
 .text.micUsart0GetSpeedMode
                0x000049f4       0x1e Mic/mic_usart.o
                0x000049f4                micUsart0GetSpeedMode
 .text.micUsart1GetSpeedMode
                0x00004a12       0x1e Mic/mic_usart.o
                0x00004a12                micUsart1GetSpeedMode
 .text.micUsart0SetMultiProcessorMode
                0x00004a30       0x2a Mic/mic_usart.o
                0x00004a30                micUsart0SetMultiProcessorMode
 .text.micUsart1SetMultiProcessorMode
                0x00004a5a       0x2a Mic/mic_usart.o
                0x00004a5a                micUsart1SetMultiProcessorMode
 .text.micUsart0GetMultiProcessorMode
                0x00004a84       0x18 Mic/mic_usart.o
                0x00004a84                micUsart0GetMultiProcessorMode
 .text.micUsart1GetMultiProcessorMode
                0x00004a9c       0x18 Mic/mic_usart.o
                0x00004a9c                micUsart1GetMultiProcessorMode
 .text.micUsart0GetReceiptCompleted
                0x00004ab4       0x18 Mic/mic_usart.o
                0x00004ab4                micUsart0GetReceiptCompleted
 .text.micUsart1GetReceiptCompleted
                0x00004acc       0x18 Mic/mic_usart.o
                0x00004acc                micUsart1GetReceiptCompleted
 .text.micUsart0SetTransmitCompleted
                0x00004ae4       0x2a Mic/mic_usart.o
                0x00004ae4                micUsart0SetTransmitCompleted
 .text.micUsart1SetTransmitCompleted
                0x00004b0e       0x2a Mic/mic_usart.o
                0x00004b0e                micUsart1SetTransmitCompleted
 .text.micUsart0GetTransmitCompleted
                0x00004b38       0x18 Mic/mic_usart.o
                0x00004b38                micUsart0GetTransmitCompleted
 .text.micUsart1GetTransmitCompleted
                0x00004b50       0x18 Mic/mic_usart.o
                0x00004b50                micUsart1GetTransmitCompleted
 .text.micUsart0GetDataRegisterEmpty
                0x00004b68       0x18 Mic/mic_usart.o
                0x00004b68                micUsart0GetDataRegisterEmpty
 .text.micUsart1GetDataRegisterEmpty
                0x00004b80       0x18 Mic/mic_usart.o
                0x00004b80                micUsart1GetDataRegisterEmpty
 .text.micUsart0SetTransmitterEnable
                0x00004b98       0x2a Mic/mic_usart.o
                0x00004b98                micUsart0SetTransmitterEnable
 .text.micUsart1SetTransmitterEnable
                0x00004bc2       0x2a Mic/mic_usart.o
                0x00004bc2                micUsart1SetTransmitterEnable
 .text.micUsart0SetTransmitterDisable
                0x00004bec       0x2a Mic/mic_usart.o
                0x00004bec                micUsart0SetTransmitterDisable
 .text.micUsart1SetTransmitterDisable
                0x00004c16       0x2a Mic/mic_usart.o
                0x00004c16                micUsart1SetTransmitterDisable
 .text.micUsart0SetReceiverEnable
                0x00004c40       0x2a Mic/mic_usart.o
                0x00004c40                micUsart0SetReceiverEnable
 .text.micUsart1SetReceiverEnable
                0x00004c6a       0x2a Mic/mic_usart.o
                0x00004c6a                micUsart1SetReceiverEnable
 .text.micUsart0SetReceiverDisable
                0x00004c94       0x2a Mic/mic_usart.o
                0x00004c94                micUsart0SetReceiverDisable
 .text.micUsart1SetReceiverDisable
                0x00004cbe       0x2a Mic/mic_usart.o
                0x00004cbe                micUsart1SetReceiverDisable
 .text.micUsart0SetDataSize
                0x00004ce8       0x58 Mic/mic_usart.o
                0x00004ce8                micUsart0SetDataSize
 .text.micUsart1SetDataSize
                0x00004d40       0x58 Mic/mic_usart.o
                0x00004d40                micUsart1SetDataSize
 .text.micUsart0SetParityMode
                0x00004d98       0x3c Mic/mic_usart.o
                0x00004d98                micUsart0SetParityMode
 .text.micUsart1SetParityMode
                0x00004dd4       0x3c Mic/mic_usart.o
                0x00004dd4                micUsart1SetParityMode
 .text.micUsart0SetStopBits
                0x00004e10       0x3c Mic/mic_usart.o
                0x00004e10                micUsart0SetStopBits
 .text.micUsart1SetStopBits
                0x00004e4c       0x3c Mic/mic_usart.o
                0x00004e4c                micUsart1SetStopBits
 .text.micUsart0SetRxInterrupt
                0x00004e88       0x2a Mic/mic_usart.o
                0x00004e88                micUsart0SetRxInterrupt
 .text.micUsart1SetRxInterrupt
                0x00004eb2       0x2a Mic/mic_usart.o
                0x00004eb2                micUsart1SetRxInterrupt
 .text.micUsart0ClearRxInterrupt
                0x00004edc       0x2a Mic/mic_usart.o
                0x00004edc                micUsart0ClearRxInterrupt
 .text.micUsart1ClearRxInterrupt
                0x00004f06       0x2a Mic/mic_usart.o
                0x00004f06                micUsart1ClearRxInterrupt
 .text.micUsart0SetTxInterrupt
                0x00004f30       0x2a Mic/mic_usart.o
                0x00004f30                micUsart0SetTxInterrupt
 .text.micUsart1SetTxInterrupt
                0x00004f5a       0x2a Mic/mic_usart.o
                0x00004f5a                micUsart1SetTxInterrupt
 .text.micUsart0ClearTxInterrupt
                0x00004f84       0x2a Mic/mic_usart.o
                0x00004f84                micUsart0ClearTxInterrupt
 .text.micUsart1ClearTxInterrupt
                0x00004fae       0x2a Mic/mic_usart.o
                0x00004fae                micUsart1ClearTxInterrupt
 .text.micUsart0SetDataRegisterEmptyInterrupt
                0x00004fd8       0x2a Mic/mic_usart.o
                0x00004fd8                micUsart0SetDataRegisterEmptyInterrupt
 .text.micUsart1SetDataRegisterEmptyInterrupt
                0x00005002       0x2a Mic/mic_usart.o
                0x00005002                micUsart1SetDataRegisterEmptyInterrupt
 .text.micUsart0ClearDataRegisterEmptyInterrupt
                0x0000502c       0x2a Mic/mic_usart.o
                0x0000502c                micUsart0ClearDataRegisterEmptyInterrupt
 .text.micUsart1ClearDataRegisterEmptyInterrupt
                0x00005056       0x2a Mic/mic_usart.o
                0x00005056                micUsart1ClearDataRegisterEmptyInterrupt
 .text.micUsart0SetSynchronousClockPolarity
                0x00005080       0x3c Mic/mic_usart.o
                0x00005080                micUsart0SetSynchronousClockPolarity
 .text.micUsart1SetSynchronousClockPolarity
                0x000050bc       0x3c Mic/mic_usart.o
                0x000050bc                micUsart1SetSynchronousClockPolarity
 .text.micUsart0SetBaudRateAsynchronousNormalMode
                0x000050f8       0x92 Mic/mic_usart.o
                0x000050f8                micUsart0SetBaudRateAsynchronousNormalMode
 .text.micUsart1SetBaudRateAsynchronousNormalMode
                0x0000518a       0x92 Mic/mic_usart.o
                0x0000518a                micUsart1SetBaudRateAsynchronousNormalMode
 .text.micUsart0SetBaudRateAsynchronousDoubleSpeedMode
                0x0000521c       0x8c Mic/mic_usart.o
                0x0000521c                micUsart0SetBaudRateAsynchronousDoubleSpeedMode
 .text.micUsart1SetBaudRateAsynchronousDoubleSpeedMode
                0x000052a8       0x8c Mic/mic_usart.o
                0x000052a8                micUsart1SetBaudRateAsynchronousDoubleSpeedMode
 .text.micUsart0SetBaudRateSynchronousMasterMode
                0x00005334       0x72 Mic/mic_usart.o
                0x00005334                micUsart0SetBaudRateSynchronousMasterMode
 .text.micUsart1SetBaudRateSynchronousMasterMode
                0x000053a6       0x72 Mic/mic_usart.o
                0x000053a6                micUsart1SetBaudRateSynchronousMasterMode
 .text.main     0x00005418       0x38 Robot_head.o
                0x00005418                main
 .text.MainInitSystemDrivers
                0x00005450       0x4c Robot_head.o
 .text.MainInitSystemControl
                0x0000549c       0x2c Robot_head.o
 .text.MainSystemControlDispatcher
                0x000054c8       0x4a Robot_head.o
 .text.TlsStringSearchChar
                0x00005512       0x5c Tools/tools_string.o
                0x00005512                TlsStringSearchChar
 .text.TlsStringConvertByteToAscii
                0x0000556e       0x38 Tools/tools_string.o
                0x0000556e                TlsStringConvertByteToAscii
 .text.TlsStringConvertBytesToAscii
                0x000055a6      0x128 Tools/tools_string.o
                0x000055a6                TlsStringConvertBytesToAscii
 .text.TlsStringConvertAsciiToByte
                0x000056ce       0x7c Tools/tools_string.o
                0x000056ce                TlsStringConvertAsciiToByte
 .text.libgcc   0x0000574a       0x3e c:/program files (x86)/atmel/atmel studio 6.0/extensions/atmel/avrgcc/3.3.2.31/avrtoolchain/bin/../lib/gcc/avr/4.5.1/avr51\libgcc.a(_mulsi3.o)
                0x0000574a                __mulsi3
 .text.libgcc   0x00005788       0x28 c:/program files (x86)/atmel/atmel studio 6.0/extensions/atmel/avrgcc/3.3.2.31/avrtoolchain/bin/../lib/gcc/avr/4.5.1/avr51\libgcc.a(_udivmodhi4.o)
                0x00005788                __udivmodhi4
 .text.libgcc   0x000057b0       0x44 c:/program files (x86)/atmel/atmel studio 6.0/extensions/atmel/avrgcc/3.3.2.31/avrtoolchain/bin/../lib/gcc/avr/4.5.1/avr51\libgcc.a(_udivmodsi4.o)
                0x000057b0                __udivmodsi4
 .text.libgcc   0x000057f4        0x0 c:/program files (x86)/atmel/atmel studio 6.0/extensions/atmel/avrgcc/3.3.2.31/avrtoolchain/bin/../lib/gcc/avr/4.5.1/avr51\libgcc.a(_exit.o)
 .text.libgcc   0x000057f4        0x0 c:/program files (x86)/atmel/atmel studio 6.0/extensions/atmel/avrgcc/3.3.2.31/avrtoolchain/bin/../lib/gcc/avr/4.5.1/avr51\libgcc.a(_copy_data.o)
 .text.libgcc   0x000057f4        0x0 c:/program files (x86)/atmel/atmel studio 6.0/extensions/atmel/avrgcc/3.3.2.31/avrtoolchain/bin/../lib/gcc/avr/4.5.1/avr51\libgcc.a(_clear_bss.o)
                0x000057f4                . = ALIGN (0x2)
 *(.fini9)
 .fini9         0x000057f4        0x0 c:/program files (x86)/atmel/atmel studio 6.0/extensions/atmel/avrgcc/3.3.2.31/avrtoolchain/bin/../lib/gcc/avr/4.5.1/avr51\libgcc.a(_exit.o)
                0x000057f4                _exit
                0x000057f4                exit
 *(.fini9)
 *(.fini8)
 *(.fini8)
 *(.fini7)
 *(.fini7)
 *(.fini6)
 *(.fini6)
 *(.fini5)
 *(.fini5)
 *(.fini4)
 *(.fini4)
 *(.fini3)
 *(.fini3)
 *(.fini2)
 *(.fini2)
 *(.fini1)
 *(.fini1)
 *(.fini0)
 .fini0         0x000057f4        0x4 c:/program files (x86)/atmel/atmel studio 6.0/extensions/atmel/avrgcc/3.3.2.31/avrtoolchain/bin/../lib/gcc/avr/4.5.1/avr51\libgcc.a(_exit.o)
 *(.fini0)
                0x000057f8                _etext = .

.data           0x00800100       0x22 load address 0x000057f8
                0x00800100                PROVIDE (__data_start, .)
 *(.data)
 .data          0x00800100        0x0 c:/program files (x86)/atmel/atmel studio 6.0/extensions/atmel/avrgcc/3.3.2.31/avrtoolchain/bin/../lib/gcc/avr/4.5.1/../../../../avr/lib/avr51/crtm1284p.o
 .data          0x00800100       0x1e Ctrl/ctrl_camera.o
                0x00800100                camera_ack
                0x00800106                camera_sync
                0x0080010c                camera_initial
                0x00800112                camera_get_picture
                0x00800118                camera_reset
 .data          0x0080011e        0x0 Ctrl/ctrl_eye.o
 .data          0x0080011e        0x0 Ctrl/ctrl_light.o
 .data          0x0080011e        0x0 Ctrl/ctrl_uart_protocole.o
 .data          0x0080011e        0x0 Ctrl/ctrl_ultrason.o
 .data          0x0080011e        0x0 Drv/drv_adc.o
 .data          0x0080011e        0x0 Drv/drv_event.o
 .data          0x0080011e        0x0 Drv/drv_i2c.o
 .data          0x0080011e        0x0 Drv/drv_i2c_ultrason.o
 .data          0x0080011e        0x0 Drv/drv_interrupt.o
 .data          0x0080011e        0x4 Drv/drv_led.o
                0x0080011e                led_pin_name
 .data          0x00800122        0x0 Drv/drv_timer.o
 .data          0x00800122        0x0 Drv/drv_uart.o
 .data          0x00800122        0x0 Mic/mic_adc.o
 .data          0x00800122        0x0 Mic/mic_interrupt.o
 .data          0x00800122        0x0 Mic/mic_io_ports.o
 .data          0x00800122        0x0 Mic/mic_power_management.o
 .data          0x00800122        0x0 Mic/mic_system_clock.o
 .data          0x00800122        0x0 Mic/mic_system_control.o
 .data          0x00800122        0x0 Mic/mic_timer_0.o
 .data          0x00800122        0x0 Mic/mic_usart.o
 .data          0x00800122        0x0 Robot_head.o
 .data          0x00800122        0x0 Tools/tools_string.o
 .data          0x00800122        0x0 c:/program files (x86)/atmel/atmel studio 6.0/extensions/atmel/avrgcc/3.3.2.31/avrtoolchain/bin/../lib/gcc/avr/4.5.1/avr51\libgcc.a(_mulsi3.o)
 .data          0x00800122        0x0 c:/program files (x86)/atmel/atmel studio 6.0/extensions/atmel/avrgcc/3.3.2.31/avrtoolchain/bin/../lib/gcc/avr/4.5.1/avr51\libgcc.a(_udivmodhi4.o)
 .data          0x00800122        0x0 c:/program files (x86)/atmel/atmel studio 6.0/extensions/atmel/avrgcc/3.3.2.31/avrtoolchain/bin/../lib/gcc/avr/4.5.1/avr51\libgcc.a(_udivmodsi4.o)
 .data          0x00800122        0x0 c:/program files (x86)/atmel/atmel studio 6.0/extensions/atmel/avrgcc/3.3.2.31/avrtoolchain/bin/../lib/gcc/avr/4.5.1/avr51\libgcc.a(_exit.o)
 .data          0x00800122        0x0 c:/program files (x86)/atmel/atmel studio 6.0/extensions/atmel/avrgcc/3.3.2.31/avrtoolchain/bin/../lib/gcc/avr/4.5.1/avr51\libgcc.a(_copy_data.o)
 .data          0x00800122        0x0 c:/program files (x86)/atmel/atmel studio 6.0/extensions/atmel/avrgcc/3.3.2.31/avrtoolchain/bin/../lib/gcc/avr/4.5.1/avr51\libgcc.a(_clear_bss.o)
 *(.data*)
 *(.rodata)
 *(.rodata*)
 *(.gnu.linkonce.d*)
                0x00800122                . = ALIGN (0x2)
                0x00800122                _edata = .
                0x00800122                PROVIDE (__data_end, .)

.bss            0x00800122      0xcc3
                0x00800122                PROVIDE (__bss_start, .)
 *(.bss)
 .bss           0x00800122        0x0 c:/program files (x86)/atmel/atmel studio 6.0/extensions/atmel/avrgcc/3.3.2.31/avrtoolchain/bin/../lib/gcc/avr/4.5.1/../../../../avr/lib/avr51/crtm1284p.o
 .bss           0x00800122      0x979 Ctrl/ctrl_camera.o
                0x00800122                start_trame
                0x00800123                index_cam_uart
 .bss           0x00800a9b        0x0 Ctrl/ctrl_eye.o
 .bss           0x00800a9b        0xa Ctrl/ctrl_light.o
                0x00800a9b                mesure_ldr_gauche
                0x00800a9d                mesure_ldr_droite
                0x00800a9f                mesure_ldr_gauche_moy
                0x00800aa1                mesure_ldr_droite_moy
                0x00800aa3                nb_ldr_mesures
 .bss           0x00800aa5        0x1 Ctrl/ctrl_uart_protocole.o
                0x00800aa5                i_message_len_from_body
 .bss           0x00800aa6        0x3 Ctrl/ctrl_ultrason.o
                0x00800aa6                send_pulse
                0x00800aa7                us_mesure
 .bss           0x00800aa9        0x0 Drv/drv_adc.o
 .bss           0x00800aa9        0x2 Drv/drv_event.o
 .bss           0x00800aab        0x0 Drv/drv_i2c.o
 .bss           0x00800aab        0x2 Drv/drv_i2c_ultrason.o
 .bss           0x00800aad        0x0 Drv/drv_interrupt.o
 .bss           0x00800aad        0x0 Drv/drv_led.o
 .bss           0x00800aad        0x2 Drv/drv_timer.o
                0x00800aad                timeout_ms
                0x00800aae                timeout_s
 .bss           0x00800aaf        0x7 Drv/drv_uart.o
                0x00800aaf                loc_ptrfct_Isr_Callback_Uart0_RX
                0x00800ab1                loc_ptrfct_Isr_Callback_Uart1_RX
                0x00800ab3                in_message_len_0
                0x00800ab4                ptr_buff_uart_0
                0x00800ab5                start_frame_uart_0
 .bss           0x00800ab6        0x0 Mic/mic_adc.o
 .bss           0x00800ab6        0x0 Mic/mic_interrupt.o
 .bss           0x00800ab6        0x0 Mic/mic_io_ports.o
 .bss           0x00800ab6        0x0 Mic/mic_power_management.o
 .bss           0x00800ab6        0x0 Mic/mic_system_clock.o
 .bss           0x00800ab6        0x0 Mic/mic_system_control.o
 .bss           0x00800ab6        0x0 Mic/mic_timer_0.o
 .bss           0x00800ab6        0x0 Mic/mic_usart.o
 .bss           0x00800ab6        0x2 Robot_head.o
 .bss           0x00800ab8        0x0 Tools/tools_string.o
 .bss           0x00800ab8        0x0 c:/program files (x86)/atmel/atmel studio 6.0/extensions/atmel/avrgcc/3.3.2.31/avrtoolchain/bin/../lib/gcc/avr/4.5.1/avr51\libgcc.a(_mulsi3.o)
 .bss           0x00800ab8        0x0 c:/program files (x86)/atmel/atmel studio 6.0/extensions/atmel/avrgcc/3.3.2.31/avrtoolchain/bin/../lib/gcc/avr/4.5.1/avr51\libgcc.a(_udivmodhi4.o)
 .bss           0x00800ab8        0x0 c:/program files (x86)/atmel/atmel studio 6.0/extensions/atmel/avrgcc/3.3.2.31/avrtoolchain/bin/../lib/gcc/avr/4.5.1/avr51\libgcc.a(_udivmodsi4.o)
 .bss           0x00800ab8        0x0 c:/program files (x86)/atmel/atmel studio 6.0/extensions/atmel/avrgcc/3.3.2.31/avrtoolchain/bin/../lib/gcc/avr/4.5.1/avr51\libgcc.a(_exit.o)
 .bss           0x00800ab8        0x0 c:/program files (x86)/atmel/atmel studio 6.0/extensions/atmel/avrgcc/3.3.2.31/avrtoolchain/bin/../lib/gcc/avr/4.5.1/avr51\libgcc.a(_copy_data.o)
 .bss           0x00800ab8        0x0 c:/program files (x86)/atmel/atmel studio 6.0/extensions/atmel/avrgcc/3.3.2.31/avrtoolchain/bin/../lib/gcc/avr/4.5.1/avr51\libgcc.a(_clear_bss.o)
 *(.bss*)
 *(COMMON)
 COMMON         0x00800ab8      0x268 Ctrl/ctrl_camera.o
                0x00800ab8                cam
                0x00800ac8                compress_tab_mvt
 COMMON         0x00800d20       0x32 Ctrl/ctrl_uart_protocole.o
                0x00800d20                i_message_from_body
 COMMON         0x00800d52       0x26 Drv/drv_led.o
                0x00800d52                MesLeds
 COMMON         0x00800d78        0x9 Drv/drv_timer.o
                0x00800d78                MesTimer
 COMMON         0x00800d81       0x64 Drv/drv_uart.o
                0x00800d81                in_message_0
                0x00800db3                buff_uart_0
                0x00800de5                PROVIDE (__bss_end, .)
                0x000057f8                __data_load_start = LOADADDR (.data)
                0x0000581a                __data_load_end = (__data_load_start + SIZEOF (.data))

.noinit         0x00800de5        0x0
                0x00800de5                PROVIDE (__noinit_start, .)
 *(.noinit*)
                0x00800de5                PROVIDE (__noinit_end, .)
                0x00800de5                _end = .
                0x00800de5                PROVIDE (__heap_start, .)

.eeprom         0x00810000        0x0
 *(.eeprom*)
                0x00810000                __eeprom_end = .

.fuse
 *(.fuse)
 *(.lfuse)
 *(.hfuse)
 *(.efuse)

.lock
 *(.lock*)

.signature
 *(.signature*)

.stab           0x00000000      0x6cc
 *(.stab)
 .stab          0x00000000      0x6cc c:/program files (x86)/atmel/atmel studio 6.0/extensions/atmel/avrgcc/3.3.2.31/avrtoolchain/bin/../lib/gcc/avr/4.5.1/../../../../avr/lib/avr51/crtm1284p.o

.stabstr        0x00000000       0x97
 *(.stabstr)
 .stabstr       0x00000000       0x97 c:/program files (x86)/atmel/atmel studio 6.0/extensions/atmel/avrgcc/3.3.2.31/avrtoolchain/bin/../lib/gcc/avr/4.5.1/../../../../avr/lib/avr51/crtm1284p.o

.stab.excl
 *(.stab.excl)

.stab.exclstr
 *(.stab.exclstr)

.stab.index
 *(.stab.index)

.stab.indexstr
 *(.stab.indexstr)

.comment
 *(.comment)

.debug
 *(.debug)

.line
 *(.line)

.debug_srcinfo
 *(.debug_srcinfo)

.debug_sfnames
 *(.debug_sfnames)

.debug_aranges  0x00000000      0x9a0
 *(.debug_aranges)
 .debug_aranges
                0x00000000       0x88 Ctrl/ctrl_camera.o
 .debug_aranges
                0x00000088       0x50 Ctrl/ctrl_eye.o
 .debug_aranges
                0x000000d8       0x30 Ctrl/ctrl_light.o
 .debug_aranges
                0x00000108       0x30 Ctrl/ctrl_uart_protocole.o
 .debug_aranges
                0x00000138       0x48 Ctrl/ctrl_ultrason.o
 .debug_aranges
                0x00000180       0x28 Drv/drv_adc.o
 .debug_aranges
                0x000001a8       0x40 Drv/drv_event.o
 .debug_aranges
                0x000001e8       0x20 Drv/drv_i2c.o
 .debug_aranges
                0x00000208       0x30 Drv/drv_i2c_ultrason.o
 .debug_aranges
                0x00000238       0x28 Drv/drv_interrupt.o
 .debug_aranges
                0x00000260       0x50 Drv/drv_led.o
 .debug_aranges
                0x000002b0       0x60 Drv/drv_timer.o
 .debug_aranges
                0x00000310       0x48 Drv/drv_uart.o
 .debug_aranges
                0x00000358       0xa8 Mic/mic_adc.o
 .debug_aranges
                0x00000400       0xd0 Mic/mic_interrupt.o
 .debug_aranges
                0x000004d0       0xe0 Mic/mic_io_ports.o
 .debug_aranges
                0x000005b0       0x78 Mic/mic_power_management.o
 .debug_aranges
                0x00000628       0x30 Mic/mic_system_clock.o
 .debug_aranges
                0x00000658       0x68 Mic/mic_system_control.o
 .debug_aranges
                0x000006c0       0x88 Mic/mic_timer_0.o
 .debug_aranges
                0x00000748      0x1e8 Mic/mic_usart.o
 .debug_aranges
                0x00000930       0x38 Robot_head.o
 .debug_aranges
                0x00000968       0x38 Tools/tools_string.o

.debug_pubnames
                0x00000000     0x2086
 *(.debug_pubnames)
 .debug_pubnames
                0x00000000       0xfd Ctrl/ctrl_camera.o
 .debug_pubnames
                0x000000fd       0x93 Ctrl/ctrl_eye.o
 .debug_pubnames
                0x00000190       0xcc Ctrl/ctrl_light.o
 .debug_pubnames
                0x0000025c       0x9c Ctrl/ctrl_uart_protocole.o
 .debug_pubnames
                0x000002f8       0x95 Ctrl/ctrl_ultrason.o
 .debug_pubnames
                0x0000038d       0x33 Drv/drv_adc.o
 .debug_pubnames
                0x000003c0       0x75 Drv/drv_event.o
 .debug_pubnames
                0x00000435       0x1d Drv/drv_i2c.o
 .debug_pubnames
                0x00000452       0x57 Drv/drv_i2c_ultrason.o
 .debug_pubnames
                0x000004a9       0x56 Drv/drv_interrupt.o
 .debug_pubnames
                0x000004ff       0x8c Drv/drv_led.o
 .debug_pubnames
                0x0000058b       0xfd Drv/drv_timer.o
 .debug_pubnames
                0x00000688      0x144 Drv/drv_uart.o
 .debug_pubnames
                0x000007cc      0x23b Mic/mic_adc.o
 .debug_pubnames
                0x00000a07      0x3d0 Mic/mic_interrupt.o
 .debug_pubnames
                0x00000dd7      0x332 Mic/mic_io_ports.o
 .debug_pubnames
                0x00001109      0x22a Mic/mic_power_management.o
 .debug_pubnames
                0x00001333       0x8d Mic/mic_system_clock.o
 .debug_pubnames
                0x000013c0      0x253 Mic/mic_system_control.o
 .debug_pubnames
                0x00001613      0x227 Mic/mic_timer_0.o
 .debug_pubnames
                0x0000183a      0x7a6 Mic/mic_usart.o
 .debug_pubnames
                0x00001fe0       0x1b Robot_head.o
 .debug_pubnames
                0x00001ffb       0x8b Tools/tools_string.o

.debug_info     0x00000000     0x518e
 *(.debug_info)
 .debug_info    0x00000000      0x6e4 Ctrl/ctrl_camera.o
 .debug_info    0x000006e4      0x1b5 Ctrl/ctrl_eye.o
 .debug_info    0x00000899      0x270 Ctrl/ctrl_light.o
 .debug_info    0x00000b09      0x1b8 Ctrl/ctrl_uart_protocole.o
 .debug_info    0x00000cc1      0x1d3 Ctrl/ctrl_ultrason.o
 .debug_info    0x00000e94      0x1d3 Drv/drv_adc.o
 .debug_info    0x00001067      0x174 Drv/drv_event.o
 .debug_info    0x000011db      0x173 Drv/drv_i2c.o
 .debug_info    0x0000134e      0x140 Drv/drv_i2c_ultrason.o
 .debug_info    0x0000148e       0x97 Drv/drv_interrupt.o
 .debug_info    0x00001525      0x45a Drv/drv_led.o
 .debug_info    0x0000197f      0x469 Drv/drv_timer.o
 .debug_info    0x00001de8      0x3d4 Drv/drv_uart.o
 .debug_info    0x000021bc      0x537 Mic/mic_adc.o
 .debug_info    0x000026f3      0x644 Mic/mic_interrupt.o
 .debug_info    0x00002d37      0x86c Mic/mic_io_ports.o
 .debug_info    0x000035a3      0x37a Mic/mic_power_management.o
 .debug_info    0x0000391d      0x182 Mic/mic_system_clock.o
 .debug_info    0x00003a9f      0x2bc Mic/mic_system_control.o
 .debug_info    0x00003d5b      0x434 Mic/mic_timer_0.o
 .debug_info    0x0000418f      0xbe0 Mic/mic_usart.o
 .debug_info    0x00004d6f      0x1fa Robot_head.o
 .debug_info    0x00004f69      0x225 Tools/tools_string.o
 *(.gnu.linkonce.wi.*)

.debug_abbrev   0x00000000     0x12e5
 *(.debug_abbrev)
 .debug_abbrev  0x00000000      0x1d2 Ctrl/ctrl_camera.o
 .debug_abbrev  0x000001d2       0xb0 Ctrl/ctrl_eye.o
 .debug_abbrev  0x00000282       0xd1 Ctrl/ctrl_light.o
 .debug_abbrev  0x00000353       0xfa Ctrl/ctrl_uart_protocole.o
 .debug_abbrev  0x0000044d      0x101 Ctrl/ctrl_ultrason.o
 .debug_abbrev  0x0000054e       0x9d Drv/drv_adc.o
 .debug_abbrev  0x000005eb       0xb5 Drv/drv_event.o
 .debug_abbrev  0x000006a0       0x68 Drv/drv_i2c.o
 .debug_abbrev  0x00000708       0xad Drv/drv_i2c_ultrason.o
 .debug_abbrev  0x000007b5       0x43 Drv/drv_interrupt.o
 .debug_abbrev  0x000007f8      0x105 Drv/drv_led.o
 .debug_abbrev  0x000008fd      0x12f Drv/drv_timer.o
 .debug_abbrev  0x00000a2c      0x12b Drv/drv_uart.o
 .debug_abbrev  0x00000b57       0xa1 Mic/mic_adc.o
 .debug_abbrev  0x00000bf8       0xae Mic/mic_interrupt.o
 .debug_abbrev  0x00000ca6      0x124 Mic/mic_io_ports.o
 .debug_abbrev  0x00000dca       0x9f Mic/mic_power_management.o
 .debug_abbrev  0x00000e69       0x9f Mic/mic_system_clock.o
 .debug_abbrev  0x00000f08       0x9f Mic/mic_system_control.o
 .debug_abbrev  0x00000fa7       0xdc Mic/mic_timer_0.o
 .debug_abbrev  0x00001083      0x106 Mic/mic_usart.o
 .debug_abbrev  0x00001189       0xa3 Robot_head.o
 .debug_abbrev  0x0000122c       0xb9 Tools/tools_string.o

.debug_line     0x00000000     0x90e2
 *(.debug_line)
 .debug_line    0x00000000      0xb5d Ctrl/ctrl_camera.o
 .debug_line    0x00000b5d      0x496 Ctrl/ctrl_eye.o
 .debug_line    0x00000ff3      0x4c6 Ctrl/ctrl_light.o
 .debug_line    0x000014b9      0x6ed Ctrl/ctrl_uart_protocole.o
 .debug_line    0x00001ba6      0x6aa Ctrl/ctrl_ultrason.o
 .debug_line    0x00002250      0x3ab Drv/drv_adc.o
 .debug_line    0x000025fb      0x3d7 Drv/drv_event.o
 .debug_line    0x000029d2      0x4a0 Drv/drv_i2c.o
 .debug_line    0x00002e72      0x70b Drv/drv_i2c_ultrason.o
 .debug_line    0x0000357d      0x31f Drv/drv_interrupt.o
 .debug_line    0x0000389c      0x613 Drv/drv_led.o
 .debug_line    0x00003eaf      0x642 Drv/drv_timer.o
 .debug_line    0x000044f1      0x619 Drv/drv_uart.o
 .debug_line    0x00004b0a      0x623 Mic/mic_adc.o
 .debug_line    0x0000512d      0x859 Mic/mic_interrupt.o
 .debug_line    0x00005986      0x9c3 Mic/mic_io_ports.o
 .debug_line    0x00006349      0x5f1 Mic/mic_power_management.o
 .debug_line    0x0000693a      0x387 Mic/mic_system_clock.o
 .debug_line    0x00006cc1      0x4c1 Mic/mic_system_control.o
 .debug_line    0x00007182      0x533 Mic/mic_timer_0.o
 .debug_line    0x000076b5      0xe5c Mic/mic_usart.o
 .debug_line    0x00008511      0x74d Robot_head.o
 .debug_line    0x00008c5e      0x484 Tools/tools_string.o

.debug_frame    0x00000000     0x1060
 *(.debug_frame)
 .debug_frame   0x00000000       0xf0 Ctrl/ctrl_camera.o
 .debug_frame   0x000000f0       0x80 Ctrl/ctrl_eye.o
 .debug_frame   0x00000170       0x40 Ctrl/ctrl_light.o
 .debug_frame   0x000001b0       0x40 Ctrl/ctrl_uart_protocole.o
 .debug_frame   0x000001f0       0x70 Ctrl/ctrl_ultrason.o
 .debug_frame   0x00000260       0x30 Drv/drv_adc.o
 .debug_frame   0x00000290       0x60 Drv/drv_event.o
 .debug_frame   0x000002f0       0x20 Drv/drv_i2c.o
 .debug_frame   0x00000310       0x40 Drv/drv_i2c_ultrason.o
 .debug_frame   0x00000350       0x30 Drv/drv_interrupt.o
 .debug_frame   0x00000380       0x80 Drv/drv_led.o
 .debug_frame   0x00000400       0xa0 Drv/drv_timer.o
 .debug_frame   0x000004a0       0x70 Drv/drv_uart.o
 .debug_frame   0x00000510      0x130 Mic/mic_adc.o
 .debug_frame   0x00000640      0x180 Mic/mic_interrupt.o
 .debug_frame   0x000007c0      0x1a0 Mic/mic_io_ports.o
 .debug_frame   0x00000960       0xd0 Mic/mic_power_management.o
 .debug_frame   0x00000a30       0x40 Mic/mic_system_clock.o
 .debug_frame   0x00000a70       0xb0 Mic/mic_system_control.o
 .debug_frame   0x00000b20       0xf0 Mic/mic_timer_0.o
 .debug_frame   0x00000c10      0x3b0 Mic/mic_usart.o
 .debug_frame   0x00000fc0       0x50 Robot_head.o
 .debug_frame   0x00001010       0x50 Tools/tools_string.o

.debug_str      0x00000000     0x3452
 *(.debug_str)
 .debug_str     0x00000000      0x5c4 Ctrl/ctrl_camera.o
                                0x63d (size before relaxing)
 .debug_str     0x000005c4       0xac Ctrl/ctrl_eye.o
                                0x171 (size before relaxing)
 .debug_str     0x00000670      0x34a Ctrl/ctrl_light.o
                                0x42a (size before relaxing)
 .debug_str     0x000009ba       0xb2 Ctrl/ctrl_uart_protocole.o
                                0x1be (size before relaxing)
 .debug_str     0x00000a6c       0xd3 Ctrl/ctrl_ultrason.o
                                0x1bb (size before relaxing)
 .debug_str     0x00000b3f       0xc8 Drv/drv_adc.o
                                0x448 (size before relaxing)
 .debug_str     0x00000c07       0x76 Drv/drv_event.o
                                0x168 (size before relaxing)
 .debug_str     0x00000c7d       0x43 Drv/drv_i2c.o
                                0x30c (size before relaxing)
 .debug_str     0x00000cc0       0x70 Drv/drv_i2c_ultrason.o
                                0x143 (size before relaxing)
 .debug_str     0x00000d30       0x53 Drv/drv_interrupt.o
                                0x10c (size before relaxing)
 .debug_str     0x00000d83      0x16d Drv/drv_led.o
                                0x49b (size before relaxing)
 .debug_str     0x00000ef0      0x34b Drv/drv_timer.o
                                0x490 (size before relaxing)
 .debug_str     0x0000123b      0x27f Drv/drv_uart.o
                                0x392 (size before relaxing)
 .debug_str     0x000014ba      0x34c Mic/mic_adc.o
                                0x798 (size before relaxing)
 .debug_str     0x00001806      0x4fe Mic/mic_interrupt.o
                                0x5de (size before relaxing)
 .debug_str     0x00001d04      0x308 Mic/mic_io_ports.o
                                0x635 (size before relaxing)
 .debug_str     0x0000200c      0x29f Mic/mic_power_management.o
                                0x37f (size before relaxing)
 .debug_str     0x000022ab      0x12e Mic/mic_system_clock.o
                                0x20e (size before relaxing)
 .debug_str     0x000023d9      0x32b Mic/mic_system_control.o
                                0x41b (size before relaxing)
 .debug_str     0x00002704      0x352 Mic/mic_timer_0.o
                                0x6df (size before relaxing)
 .debug_str     0x00002a56      0x8b5 Mic/mic_usart.o
                                0xaeb (size before relaxing)
 .debug_str     0x0000330b       0x70 Robot_head.o
                                0x358 (size before relaxing)
 .debug_str     0x0000337b       0xd7 Tools/tools_string.o
                                0x1bb (size before relaxing)

.debug_loc
 *(.debug_loc)

.debug_macinfo  0x00000000    0xb5b06
 *(.debug_macinfo)
 .debug_macinfo
                0x00000000     0x8832 Ctrl/ctrl_camera.o
 .debug_macinfo
                0x00008832     0x81ff Ctrl/ctrl_eye.o
 .debug_macinfo
                0x00010a31     0x826b Ctrl/ctrl_light.o
 .debug_macinfo
                0x00018c9c     0x869a Ctrl/ctrl_uart_protocole.o
 .debug_macinfo
                0x00021336     0x862f Ctrl/ctrl_ultrason.o
 .debug_macinfo
                0x00029965     0x81b1 Drv/drv_adc.o
 .debug_macinfo
                0x00031b16     0x8167 Drv/drv_event.o
 .debug_macinfo
                0x00039c7d     0x8516 Drv/drv_i2c.o
 .debug_macinfo
                0x00042193     0x8531 Drv/drv_i2c_ultrason.o
 .debug_macinfo
                0x0004a6c4     0x75fd Drv/drv_interrupt.o
 .debug_macinfo
                0x00051cc1     0x81ee Drv/drv_led.o
 .debug_macinfo
                0x00059eaf     0x824b Drv/drv_timer.o
 .debug_macinfo
                0x000620fa     0x81e3 Drv/drv_uart.o
 .debug_macinfo
                0x0006a2dd     0x75f7 Mic/mic_adc.o
 .debug_macinfo
                0x000718d4     0x75fd Mic/mic_interrupt.o
 .debug_macinfo
                0x00078ed1     0x7630 Mic/mic_io_ports.o
 .debug_macinfo
                0x00080501     0x7604 Mic/mic_power_management.o
 .debug_macinfo
                0x00087b05     0x7600 Mic/mic_system_clock.o
 .debug_macinfo
                0x0008f105     0x7602 Mic/mic_system_control.o
 .debug_macinfo
                0x00096707     0x75fb Mic/mic_timer_0.o
 .debug_macinfo
                0x0009dd02     0x8156 Mic/mic_usart.o
 .debug_macinfo
                0x000a5e58     0x86b2 Robot_head.o
 .debug_macinfo
                0x000ae50a     0x75fc Tools/tools_string.o
OUTPUT(Robot_head.elf elf32-avr)
LOAD linker stubs

.debug_pubtypes
                0x00000000      0xb7d
 .debug_pubtypes
                0x00000000       0xaa Ctrl/ctrl_camera.o
 .debug_pubtypes
                0x000000aa       0x2a Ctrl/ctrl_eye.o
 .debug_pubtypes
                0x000000d4       0x56 Ctrl/ctrl_light.o
 .debug_pubtypes
                0x0000012a       0x48 Ctrl/ctrl_uart_protocole.o
 .debug_pubtypes
                0x00000172       0x48 Ctrl/ctrl_ultrason.o
 .debug_pubtypes
                0x000001ba       0x89 Drv/drv_adc.o
 .debug_pubtypes
                0x00000243       0x3f Drv/drv_event.o
 .debug_pubtypes
                0x00000282       0x3c Drv/drv_i2c.o
 .debug_pubtypes
                0x000002be       0x33 Drv/drv_i2c_ultrason.o
 .debug_pubtypes
                0x000002f1       0x12 Drv/drv_interrupt.o
 .debug_pubtypes
                0x00000303       0x86 Drv/drv_led.o
 .debug_pubtypes
                0x00000389       0xf4 Drv/drv_timer.o
 .debug_pubtypes
                0x0000047d       0xb0 Drv/drv_uart.o
 .debug_pubtypes
                0x0000052d       0xfb Mic/mic_adc.o
 .debug_pubtypes
                0x00000628       0x7c Mic/mic_interrupt.o
 .debug_pubtypes
                0x000006a4       0x6e Mic/mic_io_ports.o
 .debug_pubtypes
                0x00000712       0x51 Mic/mic_power_management.o
 .debug_pubtypes
                0x00000763       0x4d Mic/mic_system_clock.o
 .debug_pubtypes
                0x000007b0       0x51 Mic/mic_system_control.o
 .debug_pubtypes
                0x00000801      0x199 Mic/mic_timer_0.o
 .debug_pubtypes
                0x0000099a      0x15c Mic/mic_usart.o
 .debug_pubtypes
                0x00000af6       0x4b Robot_head.o
 .debug_pubtypes
                0x00000b41       0x3c Tools/tools_string.o

.debug_ranges   0x00000000      0x830
 .debug_ranges  0x00000000       0x78 Ctrl/ctrl_camera.o
 .debug_ranges  0x00000078       0x40 Ctrl/ctrl_eye.o
 .debug_ranges  0x000000b8       0x20 Ctrl/ctrl_light.o
 .debug_ranges  0x000000d8       0x20 Ctrl/ctrl_uart_protocole.o
 .debug_ranges  0x000000f8       0x38 Ctrl/ctrl_ultrason.o
 .debug_ranges  0x00000130       0x18 Drv/drv_adc.o
 .debug_ranges  0x00000148       0x30 Drv/drv_event.o
 .debug_ranges  0x00000178       0x10 Drv/drv_i2c.o
 .debug_ranges  0x00000188       0x20 Drv/drv_i2c_ultrason.o
 .debug_ranges  0x000001a8       0x18 Drv/drv_interrupt.o
 .debug_ranges  0x000001c0       0x40 Drv/drv_led.o
 .debug_ranges  0x00000200       0x50 Drv/drv_timer.o
 .debug_ranges  0x00000250       0x38 Drv/drv_uart.o
 .debug_ranges  0x00000288       0x98 Mic/mic_adc.o
 .debug_ranges  0x00000320       0xc0 Mic/mic_interrupt.o
 .debug_ranges  0x000003e0       0xd0 Mic/mic_io_ports.o
 .debug_ranges  0x000004b0       0x68 Mic/mic_power_management.o
 .debug_ranges  0x00000518       0x20 Mic/mic_system_clock.o
 .debug_ranges  0x00000538       0x58 Mic/mic_system_control.o
 .debug_ranges  0x00000590       0x78 Mic/mic_timer_0.o
 .debug_ranges  0x00000608      0x1d8 Mic/mic_usart.o
 .debug_ranges  0x000007e0       0x28 Robot_head.o
 .debug_ranges  0x00000808       0x28 Tools/tools_string.o
