Archive member included because of file (symbol)

c:/program files (x86)/atmel/atmel studio 6.0/extensions/atmel/avrgcc/3.3.2.31/avrtoolchain/bin/../lib/gcc/avr/4.5.1/avr51\libgcc.a(_mulsi3.o)
                              Drv/drv_timer.o (__mulsi3)
c:/program files (x86)/atmel/atmel studio 6.0/extensions/atmel/avrgcc/3.3.2.31/avrtoolchain/bin/../lib/gcc/avr/4.5.1/avr51\libgcc.a(_udivmodhi4.o)
                              Ctrl/ctrl_ultrason.o (__udivmodhi4)
c:/program files (x86)/atmel/atmel studio 6.0/extensions/atmel/avrgcc/3.3.2.31/avrtoolchain/bin/../lib/gcc/avr/4.5.1/avr51\libgcc.a(_udivmodsi4.o)
                              Drv/drv_timer.o (__udivmodsi4)
c:/program files (x86)/atmel/atmel studio 6.0/extensions/atmel/avrgcc/3.3.2.31/avrtoolchain/bin/../lib/gcc/avr/4.5.1/avr51\libgcc.a(_exit.o)
                              c:/program files (x86)/atmel/atmel studio 6.0/extensions/atmel/avrgcc/3.3.2.31/avrtoolchain/bin/../lib/gcc/avr/4.5.1/../../../../avr/lib/avr51/crtm1284p.o (exit)
c:/program files (x86)/atmel/atmel studio 6.0/extensions/atmel/avrgcc/3.3.2.31/avrtoolchain/bin/../lib/gcc/avr/4.5.1/avr51\libgcc.a(_copy_data.o)
                              Ctrl/ctrl_camera.o (__do_copy_data)
c:/program files (x86)/atmel/atmel studio 6.0/extensions/atmel/avrgcc/3.3.2.31/avrtoolchain/bin/../lib/gcc/avr/4.5.1/avr51\libgcc.a(_clear_bss.o)
                              Ctrl/ctrl_camera.o (__do_clear_bss)

Allocating common symbols
Common symbol       size              file

MesLeds             0x26              Drv/drv_led.o
MesTimer            0x9               Drv/drv_timer.o
cam                 0x10              Ctrl/ctrl_camera.o
i_message_from_body
                    0x32              Ctrl/ctrl_uart_protocole.o
compress_tab_mvt    0x258             Ctrl/ctrl_camera.o
in_message_0        0x32              Drv/drv_uart.o
buff_uart_0         0x32              Drv/drv_uart.o

Memory Configuration

Name             Origin             Length             Attributes
text             0x00000000         0x00020000         xr
data             0x00800100         0x0000ff00         rw !x
eeprom           0x00810000         0x00010000         rw !x
fuse             0x00820000         0x00000400         rw !x
lock             0x00830000         0x00000400         rw !x
signature        0x00840000         0x00000400         rw !x
*default*        0x00000000         0xffffffff

Linker script and memory map

Address of section .data set to 0x800100
LOAD c:/program files (x86)/atmel/atmel studio 6.0/extensions/atmel/avrgcc/3.3.2.31/avrtoolchain/bin/../lib/gcc/avr/4.5.1/../../../../avr/lib/avr51/crtm1284p.o
LOAD Ctrl/ctrl_camera.o
LOAD Ctrl/ctrl_eye.o
LOAD Ctrl/ctrl_light.o
LOAD Ctrl/ctrl_uart_protocole.o
LOAD Ctrl/ctrl_ultrason.o
LOAD Drv/drv_adc.o
LOAD Drv/drv_event.o
LOAD Drv/drv_i2c.o
LOAD Drv/drv_i2c_ultrason.o
LOAD Drv/drv_interrupt.o
LOAD Drv/drv_led.o
LOAD Drv/drv_timer.o
LOAD Drv/drv_uart.o
LOAD Mic/mic_adc.o
LOAD Mic/mic_interrupt.o
LOAD Mic/mic_io_ports.o
LOAD Mic/mic_power_management.o
LOAD Mic/mic_system_clock.o
LOAD Mic/mic_system_control.o
LOAD Mic/mic_timer_0.o
LOAD Mic/mic_usart.o
LOAD Robot_head.o
LOAD Tools/tools_string.o
START GROUP
LOAD c:/program files (x86)/atmel/atmel studio 6.0/extensions/atmel/avrgcc/3.3.2.31/avrtoolchain/bin/../lib/gcc/avr/4.5.1/../../../../avr/lib/avr51\libm.a
END GROUP
                0x00004000                __stack = 0x4000
LOAD c:/program files (x86)/atmel/atmel studio 6.0/extensions/atmel/avrgcc/3.3.2.31/avrtoolchain/bin/../lib/gcc/avr/4.5.1/avr51\libgcc.a
LOAD c:/program files (x86)/atmel/atmel studio 6.0/extensions/atmel/avrgcc/3.3.2.31/avrtoolchain/bin/../lib/gcc/avr/4.5.1/../../../../avr/lib/avr51\libc.a
LOAD c:/program files (x86)/atmel/atmel studio 6.0/extensions/atmel/avrgcc/3.3.2.31/avrtoolchain/bin/../lib/gcc/avr/4.5.1/avr51\libgcc.a

.hash
 *(.hash)

.dynsym
 *(.dynsym)

.dynstr
 *(.dynstr)

.gnu.version
 *(.gnu.version)

.gnu.version_d
 *(.gnu.version_d)

.gnu.version_r
 *(.gnu.version_r)

.rel.init
 *(.rel.init)

.rela.init
 *(.rela.init)

.rel.text
 *(.rel.text)
 *(.rel.text.*)
 *(.rel.gnu.linkonce.t*)

.rela.text
 *(.rela.text)
 *(.rela.text.*)
 *(.rela.gnu.linkonce.t*)

.rel.fini
 *(.rel.fini)

.rela.fini
 *(.rela.fini)

.rel.rodata
 *(.rel.rodata)
 *(.rel.rodata.*)
 *(.rel.gnu.linkonce.r*)

.rela.rodata
 *(.rela.rodata)
 *(.rela.rodata.*)
 *(.rela.gnu.linkonce.r*)

.rel.data
 *(.rel.data)
 *(.rel.data.*)
 *(.rel.gnu.linkonce.d*)

.rela.data
 *(.rela.data)
 *(.rela.data.*)
 *(.rela.gnu.linkonce.d*)

.rel.ctors
 *(.rel.ctors)

.rela.ctors
 *(.rela.ctors)

.rel.dtors
 *(.rel.dtors)

.rela.dtors
 *(.rela.dtors)

.rel.got
 *(.rel.got)

.rela.got
 *(.rela.got)

.rel.bss
 *(.rel.bss)

.rela.bss
 *(.rela.bss)

.rel.plt
 *(.rel.plt)

.rela.plt
 *(.rela.plt)

.text           0x00000000     0x583a
 *(.vectors)
 .vectors       0x00000000       0x8c c:/program files (x86)/atmel/atmel studio 6.0/extensions/atmel/avrgcc/3.3.2.31/avrtoolchain/bin/../lib/gcc/avr/4.5.1/../../../../avr/lib/avr51/crtm1284p.o
                0x00000000                __vector_default
                0x00000000                __vectors
 *(.vectors)
 *(.progmem.gcc*)
 *(.progmem*)
                0x0000008c                . = ALIGN (0x2)
                0x0000008c                __trampolines_start = .
 *(.trampolines)
 .trampolines   0x0000008c        0x0 linker stubs
 *(.trampolines*)
                0x0000008c                __trampolines_end = .
 *(.jumptables)
 *(.jumptables*)
 *(.lowtext)
 *(.lowtext*)
                0x0000008c                __ctors_start = .
 *(.ctors)
                0x0000008c                __ctors_end = .
                0x0000008c                __dtors_start = .
 *(.dtors)
                0x0000008c                __dtors_end = .
 SORT(*)(.ctors)
 SORT(*)(.dtors)
 *(.init0)
 .init0         0x0000008c        0x0 c:/program files (x86)/atmel/atmel studio 6.0/extensions/atmel/avrgcc/3.3.2.31/avrtoolchain/bin/../lib/gcc/avr/4.5.1/../../../../avr/lib/avr51/crtm1284p.o
                0x0000008c                __init
 *(.init0)
 *(.init1)
 *(.init1)
 *(.init2)
 .init2         0x0000008c        0xc c:/program files (x86)/atmel/atmel studio 6.0/extensions/atmel/avrgcc/3.3.2.31/avrtoolchain/bin/../lib/gcc/avr/4.5.1/../../../../avr/lib/avr51/crtm1284p.o
 *(.init2)
 *(.init3)
 *(.init3)
 *(.init4)
 .init4         0x00000098       0x1a c:/program files (x86)/atmel/atmel studio 6.0/extensions/atmel/avrgcc/3.3.2.31/avrtoolchain/bin/../lib/gcc/avr/4.5.1/avr51\libgcc.a(_copy_data.o)
                0x00000098                __do_copy_data
 .init4         0x000000b2       0x10 c:/program files (x86)/atmel/atmel studio 6.0/extensions/atmel/avrgcc/3.3.2.31/avrtoolchain/bin/../lib/gcc/avr/4.5.1/avr51\libgcc.a(_clear_bss.o)
                0x000000b2                __do_clear_bss
 *(.init4)
 *(.init5)
 *(.init5)
 *(.init6)
 *(.init6)
 *(.init7)
 *(.init7)
 *(.init8)
 *(.init8)
 *(.init9)
 .init9         0x000000c2        0x8 c:/program files (x86)/atmel/atmel studio 6.0/extensions/atmel/avrgcc/3.3.2.31/avrtoolchain/bin/../lib/gcc/avr/4.5.1/../../../../avr/lib/avr51/crtm1284p.o
 *(.init9)
 *(.text)
 .text          0x000000ca        0x4 c:/program files (x86)/atmel/atmel studio 6.0/extensions/atmel/avrgcc/3.3.2.31/avrtoolchain/bin/../lib/gcc/avr/4.5.1/../../../../avr/lib/avr51/crtm1284p.o
                0x000000ca                __vector_22
                0x000000ca                __vector_1
                0x000000ca                __vector_32
                0x000000ca                __vector_34
                0x000000ca                __vector_24
                0x000000ca                __vector_12
                0x000000ca                __bad_interrupt
                0x000000ca                __vector_6
                0x000000ca                __vector_31
                0x000000ca                __vector_3
                0x000000ca                __vector_23
                0x000000ca                __vector_30
                0x000000ca                __vector_25
                0x000000ca                __vector_11
                0x000000ca                __vector_13
                0x000000ca                __vector_17
                0x000000ca                __vector_19
                0x000000ca                __vector_7
                0x000000ca                __vector_27
                0x000000ca                __vector_5
                0x000000ca                __vector_33
                0x000000ca                __vector_4
                0x000000ca                __vector_9
                0x000000ca                __vector_2
                0x000000ca                __vector_21
                0x000000ca                __vector_15
                0x000000ca                __vector_29
                0x000000ca                __vector_8
                0x000000ca                __vector_26
                0x000000ca                __vector_14
                0x000000ca                __vector_10
                0x000000ca                __vector_18
 .text          0x000000ce        0x0 Ctrl/ctrl_camera.o
 .text          0x000000ce        0x0 Ctrl/ctrl_eye.o
 .text          0x000000ce        0x0 Ctrl/ctrl_light.o
 .text          0x000000ce        0x0 Ctrl/ctrl_uart_protocole.o
 .text          0x000000ce        0x0 Ctrl/ctrl_ultrason.o
 .text          0x000000ce        0x0 Drv/drv_adc.o
 .text          0x000000ce        0x0 Drv/drv_event.o
 .text          0x000000ce        0x0 Drv/drv_i2c.o
 .text          0x000000ce        0x0 Drv/drv_i2c_ultrason.o
 .text          0x000000ce        0x0 Drv/drv_interrupt.o
 .text          0x000000ce        0x0 Drv/drv_led.o
 .text          0x000000ce        0x0 Drv/drv_timer.o
 .text          0x000000ce        0x0 Drv/drv_uart.o
 .text          0x000000ce        0x0 Mic/mic_adc.o
 .text          0x000000ce        0x0 Mic/mic_interrupt.o
 .text          0x000000ce        0x0 Mic/mic_io_ports.o
 .text          0x000000ce        0x0 Mic/mic_power_management.o
 .text          0x000000ce        0x0 Mic/mic_system_clock.o
 .text          0x000000ce        0x0 Mic/mic_system_control.o
 .text          0x000000ce        0x0 Mic/mic_timer_0.o
 .text          0x000000ce        0x0 Mic/mic_usart.o
 .text          0x000000ce        0x0 Robot_head.o
 .text          0x000000ce        0x0 Tools/tools_string.o
 .text          0x000000ce        0x0 c:/program files (x86)/atmel/atmel studio 6.0/extensions/atmel/avrgcc/3.3.2.31/avrtoolchain/bin/../lib/gcc/avr/4.5.1/avr51\libgcc.a(_mulsi3.o)
 .text          0x000000ce        0x0 c:/program files (x86)/atmel/atmel studio 6.0/extensions/atmel/avrgcc/3.3.2.31/avrtoolchain/bin/../lib/gcc/avr/4.5.1/avr51\libgcc.a(_udivmodhi4.o)
 .text          0x000000ce        0x0 c:/program files (x86)/atmel/atmel studio 6.0/extensions/atmel/avrgcc/3.3.2.31/avrtoolchain/bin/../lib/gcc/avr/4.5.1/avr51\libgcc.a(_udivmodsi4.o)
 .text          0x000000ce        0x0 c:/program files (x86)/atmel/atmel studio 6.0/extensions/atmel/avrgcc/3.3.2.31/avrtoolchain/bin/../lib/gcc/avr/4.5.1/avr51\libgcc.a(_exit.o)
 .text          0x000000ce        0x0 c:/program files (x86)/atmel/atmel studio 6.0/extensions/atmel/avrgcc/3.3.2.31/avrtoolchain/bin/../lib/gcc/avr/4.5.1/avr51\libgcc.a(_copy_data.o)
 .text          0x000000ce        0x0 c:/program files (x86)/atmel/atmel studio 6.0/extensions/atmel/avrgcc/3.3.2.31/avrtoolchain/bin/../lib/gcc/avr/4.5.1/avr51\libgcc.a(_clear_bss.o)
                0x000000ce                . = ALIGN (0x2)
 *(.text.*)
 .text.CtrlCamera
                0x000000ce       0x76 Ctrl/ctrl_camera.o
                0x000000ce                CtrlCamera
 .text.CtrlCameraGetPicture
                0x00000144       0x14 Ctrl/ctrl_camera.o
                0x00000144                CtrlCameraGetPicture
 .text.CtrlCameraEnable
                0x00000158       0x1a Ctrl/ctrl_camera.o
 .text.CtrlCameraSetStructPicture
                0x00000172       0x24 Ctrl/ctrl_camera.o
 .text.CtrlCameraDispatcher
                0x00000196      0x198 Ctrl/ctrl_camera.o
                0x00000196                CtrlCameraDispatcher
 .text.CtrlCameraSeuillage
                0x0000032e      0x364 Ctrl/ctrl_camera.o
 .text.CtrlCameraExecuteSendUartMovement
                0x00000692       0xec Ctrl/ctrl_camera.o
 .text.CtrlCameraStateMachine
                0x0000077e       0xe0 Ctrl/ctrl_camera.o
 .text.__vector_28
                0x0000085e      0x1fc Ctrl/ctrl_camera.o
                0x0000085e                __vector_28
 .text.CtrlCameraCmdReset
                0x00000a5a       0x1c Ctrl/ctrl_camera.o
 .text.CtrlCameraCmdAck
                0x00000a76       0x28 Ctrl/ctrl_camera.o
 .text.CtrlCameraCmdSynchro
                0x00000a9e       0x2a Ctrl/ctrl_camera.o
 .text.CtrlCameraCmdSettings
                0x00000ac8       0x20 Ctrl/ctrl_camera.o
 .text.CtrlCameraCmdGetPicture
                0x00000ae8       0x20 Ctrl/ctrl_camera.o
 .text.CtrlEye  0x00000b08       0x12 Ctrl/ctrl_eye.o
                0x00000b08                CtrlEye
 .text.CtrlEyeState
                0x00000b1a       0x58 Ctrl/ctrl_eye.o
                0x00000b1a                CtrlEyeState
 .text.CtrlEyeToggle
                0x00000b72       0x2e Ctrl/ctrl_eye.o
                0x00000b72                CtrlEyeToggle
 .text.CtrlEyeLeftBlink
                0x00000ba0       0x24 Ctrl/ctrl_eye.o
                0x00000ba0                CtrlEyeLeftBlink
 .text.CtrlEyeRightBlink
                0x00000bc4       0x24 Ctrl/ctrl_eye.o
                0x00000bc4                CtrlEyeRightBlink
 .text.CtrlEyeBlink
                0x00000be8       0x34 Ctrl/ctrl_eye.o
                0x00000be8                CtrlEyeBlink
 .text.CtrlEyeBlinkSpeed
                0x00000c1c       0x60 Ctrl/ctrl_eye.o
                0x00000c1c                CtrlEyeBlinkSpeed
 .text.CtrlLight
                0x00000c7c       0x36 Ctrl/ctrl_light.o
                0x00000c7c                CtrlLight
 .text.CtrlLightDispatcher
                0x00000cb2       0xd4 Ctrl/ctrl_light.o
                0x00000cb2                CtrlLightDispatcher
 .text.CtrlLightSendUartLightMesure
                0x00000d86       0x78 Ctrl/ctrl_light.o
                0x00000d86                CtrlLightSendUartLightMesure
 .text.CtrlUartProtocole
                0x00000dfe        0xe Ctrl/ctrl_uart_protocole.o
                0x00000dfe                CtrlUartProtocole
 .text.CtrlUartProtocoleDispatcher
                0x00000e0c       0xd4 Ctrl/ctrl_uart_protocole.o
                0x00000e0c                CtrlUartProtocoleDispatcher
 .text.CtrlUartProtocoleValidAscii
                0x00000ee0       0xe2 Ctrl/ctrl_uart_protocole.o
                0x00000ee0                CtrlUartProtocoleValidAscii
 .text.CtrlUltraSon
                0x00000fc2       0x1e Ctrl/ctrl_ultrason.o
                0x00000fc2                CtrlUltraSon
 .text.CtrlUltraSonDispatcher
                0x00000fe0       0x42 Ctrl/ctrl_ultrason.o
                0x00000fe0                CtrlUltraSonDispatcher
 .text.CtrlUltraSonReadMesure
                0x00001022       0x16 Ctrl/ctrl_ultrason.o
                0x00001022                CtrlUltraSonReadMesure
 .text.CtrlUltraSonReadSensorMesure
                0x00001038      0x19a Ctrl/ctrl_ultrason.o
 .text.CtrlUltraSonSendPulse
                0x000011d2       0x18 Ctrl/ctrl_ultrason.o
 .text.CtrlUltraSendUartProximity
                0x000011ea       0x5e Ctrl/ctrl_ultrason.o
                0x000011ea                CtrlUltraSendUartProximity
 .text.DrvAdc   0x00001248       0x1a Drv/drv_adc.o
                0x00001248                DrvAdc
 .text.DrvAdcReadChannel
                0x00001262       0x54 Drv/drv_adc.o
                0x00001262                DrvAdcReadChannel
 .text.DrvEvent
                0x000012b6       0x16 Drv/drv_event.o
                0x000012b6                DrvEvent
 .text.DrvEventKillEvent
                0x000012cc       0x3e Drv/drv_event.o
                0x000012cc                DrvEventKillEvent
 .text.DrvEventGetEvent
                0x0000130a       0x16 Drv/drv_event.o
                0x0000130a                DrvEventGetEvent
 .text.DrvEventTestEvent
                0x00001320       0x36 Drv/drv_event.o
                0x00001320                DrvEventTestEvent
 .text.DrvEventAddEvent
                0x00001356       0x40 Drv/drv_event.o
                0x00001356                DrvEventAddEvent
 .text.DrvI2C   0x00001396       0x3a Drv/drv_i2c.o
                0x00001396                DrvI2C
 .text.DrvI2CUltraSon
                0x000013d0        0xe Drv/drv_i2c_ultrason.o
                0x000013d0                DrvI2CUltraSon
 .text.DrvI2CUltraSonTransmit
                0x000013de      0x156 Drv/drv_i2c_ultrason.o
                0x000013de                DrvI2CUltraSonTransmit
 .text.DrvI2CUltraSonRead
                0x00001534      0x1ee Drv/drv_i2c_ultrason.o
                0x00001534                DrvI2CUltraSonRead
 .text.DrvInterruptClearAllInterrupts
                0x00001722       0x10 Drv/drv_interrupt.o
                0x00001722                DrvInterruptClearAllInterrupts
 .text.DrvInterruptSetAllInterrupts
                0x00001732       0x10 Drv/drv_interrupt.o
                0x00001732                DrvInterruptSetAllInterrupts
 .text.DrvLed   0x00001742      0x2a2 Drv/drv_led.o
                0x00001742                DrvLed
 .text.DrvLedOn
                0x000019e4       0xa8 Drv/drv_led.o
                0x000019e4                DrvLedOn
 .text.DrvLedOff
                0x00001a8c       0xa8 Drv/drv_led.o
                0x00001a8c                DrvLedOff
 .text.DrvLedToggle
                0x00001b34       0x44 Drv/drv_led.o
                0x00001b34                DrvLedToggle
 .text.DrvLedFlash
                0x00001b78      0x196 Drv/drv_led.o
                0x00001b78                DrvLedFlash
 .text.DrvLedDirectFlash
                0x00001d0e      0x166 Drv/drv_led.o
                0x00001d0e                DrvLedDirectFlash
 .text.DrvLedFlash_ISR
                0x00001e74      0x496 Drv/drv_led.o
 .text.DrvTimer
                0x0000230a       0x68 Drv/drv_timer.o
                0x0000230a                DrvTimer
 .text.DrvTimerPlayTimer
                0x00002372       0xea Drv/drv_timer.o
                0x00002372                DrvTimerPlayTimer
 .text.DrvTimerPauseTimer
                0x0000245c       0x34 Drv/drv_timer.o
                0x0000245c                DrvTimerPauseTimer
 .text.DrvTimerStopTimer
                0x00002490       0xc0 Drv/drv_timer.o
                0x00002490                DrvTimerStopTimer
 .text.DrvTimerResetTimer
                0x00002550       0x36 Drv/drv_timer.o
                0x00002550                DrvTimerResetTimer
 .text.DrvTimerDelayTimer
                0x00002586       0x66 Drv/drv_timer.o
                0x00002586                DrvTimerDelayTimer
 .text.DrvTimerInitSystemTimer
                0x000025ec       0x4e Drv/drv_timer.o
                0x000025ec                DrvTimerInitSystemTimer
 .text.DrvTimerComputeOCR
                0x0000263a      0x1a4 Drv/drv_timer.o
                0x0000263a                DrvTimerComputeOCR
 .text.__vector_16
                0x000027de      0x232 Drv/drv_timer.o
                0x000027de                __vector_16
 .text.DrvUart  0x00002a10       0x72 Drv/drv_uart.o
                0x00002a10                DrvUart
 .text.DrvUartDirectSendBytes
                0x00002a82       0xc4 Drv/drv_uart.o
                0x00002a82                DrvUartDirectSendBytes
 .text.DrvUartSendByte
                0x00002b46       0x76 Drv/drv_uart.o
                0x00002b46                DrvUartSendByte
 .text.DrvUart0ReadMessage
                0x00002bbc       0x66 Drv/drv_uart.o
                0x00002bbc                DrvUart0ReadMessage
 .text.DrvUartSetPtrfctReceiveComplete
                0x00002c22       0x42 Drv/drv_uart.o
                0x00002c22                DrvUartSetPtrfctReceiveComplete
 .text.__vector_20
                0x00002c64      0x11e Drv/drv_uart.o
                0x00002c64                __vector_20
 .text.micAdcSetReferenceSelectionBits
                0x00002d82       0x3c Mic/mic_adc.o
                0x00002d82                micAdcSetReferenceSelectionBits
 .text.micAdcSetLeftAdjustResult
                0x00002dbe       0x2a Mic/mic_adc.o
                0x00002dbe                micAdcSetLeftAdjustResult
 .text.micAdcGetLeftAdjustResult
                0x00002de8       0x18 Mic/mic_adc.o
                0x00002de8                micAdcGetLeftAdjustResult
 .text.micAdcClearLeftAdjustResult
                0x00002e00       0x2a Mic/mic_adc.o
                0x00002e00                micAdcClearLeftAdjustResult
 .text.micAdcSetAnalogChannelandGainSelectionBits
                0x00002e2a       0x3c Mic/mic_adc.o
                0x00002e2a                micAdcSetAnalogChannelandGainSelectionBits
 .text.micAdcGetAnalogChannelandGainSelectionBits
                0x00002e66       0x1e Mic/mic_adc.o
                0x00002e66                micAdcGetAnalogChannelandGainSelectionBits
 .text.micAdcSetAdcEnable
                0x00002e84       0x2a Mic/mic_adc.o
                0x00002e84                micAdcSetAdcEnable
 .text.micAdcSetAdcDisable
                0x00002eae       0x2a Mic/mic_adc.o
                0x00002eae                micAdcSetAdcDisable
 .text.micAdcSetStartConversion
                0x00002ed8       0x2a Mic/mic_adc.o
                0x00002ed8                micAdcSetStartConversion
 .text.micAdcSetAutoTriggerEnable
                0x00002f02       0x2a Mic/mic_adc.o
                0x00002f02                micAdcSetAutoTriggerEnable
 .text.micAdcSetAutoTriggerDisable
                0x00002f2c       0x2a Mic/mic_adc.o
                0x00002f2c                micAdcSetAutoTriggerDisable
 .text.micAdcClearConversionCompletedFlag
                0x00002f56       0x2c Mic/mic_adc.o
                0x00002f56                micAdcClearConversionCompletedFlag
 .text.micAdcSetInterrupt
                0x00002f82       0x2a Mic/mic_adc.o
                0x00002f82                micAdcSetInterrupt
 .text.micAdcClearInterrupt
                0x00002fac       0x2a Mic/mic_adc.o
                0x00002fac                micAdcClearInterrupt
 .text.micAdcSetPrescalerSelectBits
                0x00002fd6       0x3c Mic/mic_adc.o
                0x00002fd6                micAdcSetPrescalerSelectBits
 .text.micAdcSetAutoTriggerSource
                0x00003012       0x3c Mic/mic_adc.o
                0x00003012                micAdcSetAutoTriggerSource
 .text.micAdcReadData8
                0x0000304e       0x28 Mic/mic_adc.o
                0x0000304e                micAdcReadData8
 .text.micAdcReadData16
                0x00003076       0x18 Mic/mic_adc.o
                0x00003076                micAdcReadData16
 .text.micInterruptMasterControlUnitInterruptVectorSelect
                0x0000308e       0x48 Mic/mic_interrupt.o
                0x0000308e                micInterruptMasterControlUnitInterruptVectorSelect
 .text.micInterruptMasterControlUnitInterruptVectorChangeEnable
                0x000030d6       0x48 Mic/mic_interrupt.o
                0x000030d6                micInterruptMasterControlUnitInterruptVectorChangeEnable
 .text.micInterruptSenseControlBits0
                0x0000311e       0x36 Mic/mic_interrupt.o
                0x0000311e                micInterruptSenseControlBits0
 .text.micInterruptSenseControlBits1
                0x00003154       0x36 Mic/mic_interrupt.o
                0x00003154                micInterruptSenseControlBits1
 .text.micInterruptSenseControlBits2
                0x0000318a       0x36 Mic/mic_interrupt.o
                0x0000318a                micInterruptSenseControlBits2
 .text.micInterruptExternalInterruptRequestEnable0
                0x000031c0       0x48 Mic/mic_interrupt.o
                0x000031c0                micInterruptExternalInterruptRequestEnable0
 .text.micInterruptExternalInterruptRequestEnable1
                0x00003208       0x48 Mic/mic_interrupt.o
                0x00003208                micInterruptExternalInterruptRequestEnable1
 .text.micInterruptExternalInterruptRequestEnable2
                0x00003250       0x48 Mic/mic_interrupt.o
                0x00003250                micInterruptExternalInterruptRequestEnable2
 .text.micInterruptExternalInterruptFlags0
                0x00003298       0x48 Mic/mic_interrupt.o
                0x00003298                micInterruptExternalInterruptFlags0
 .text.micInterruptExternalInterruptFlags1
                0x000032e0       0x48 Mic/mic_interrupt.o
                0x000032e0                micInterruptExternalInterruptFlags1
 .text.micInterruptExternalInterruptFlags2
                0x00003328       0x48 Mic/mic_interrupt.o
                0x00003328                micInterruptExternalInterruptFlags2
 .text.micInterruptPinChangeInterruptEnable0
                0x00003370       0x48 Mic/mic_interrupt.o
                0x00003370                micInterruptPinChangeInterruptEnable0
 .text.micInterruptPinChangeInterruptEnable1
                0x000033b8       0x48 Mic/mic_interrupt.o
                0x000033b8                micInterruptPinChangeInterruptEnable1
 .text.micInterruptPinChangeInterruptEnable2
                0x00003400       0x48 Mic/mic_interrupt.o
                0x00003400                micInterruptPinChangeInterruptEnable2
 .text.micInterruptPinChangeInterruptEnable3
                0x00003448       0x48 Mic/mic_interrupt.o
                0x00003448                micInterruptPinChangeInterruptEnable3
 .text.micInterruptPinChangeInterruptFlag0
                0x00003490       0x48 Mic/mic_interrupt.o
                0x00003490                micInterruptPinChangeInterruptFlag0
 .text.micInterruptPinChangeInterruptFlag1
                0x000034d8       0x48 Mic/mic_interrupt.o
                0x000034d8                micInterruptPinChangeInterruptFlag1
 .text.micInterruptPinChangeInterruptFlag2
                0x00003520       0x48 Mic/mic_interrupt.o
                0x00003520                micInterruptPinChangeInterruptFlag2
 .text.micInterruptPinChangeInterruptFlag3
                0x00003568       0x48 Mic/mic_interrupt.o
                0x00003568                micInterruptPinChangeInterruptFlag3
 .text.micInterruptPinChangeEnableMask3
                0x000035b0       0x30 Mic/mic_interrupt.o
                0x000035b0                micInterruptPinChangeEnableMask3
 .text.micInterruptPinChangeEnableMask2
                0x000035e0       0x30 Mic/mic_interrupt.o
                0x000035e0                micInterruptPinChangeEnableMask2
 .text.micInterruptPinChangeEnableMask1
                0x00003610       0x30 Mic/mic_interrupt.o
                0x00003610                micInterruptPinChangeEnableMask1
 .text.micInterruptPinChangeEnableMask0
                0x00003640       0x30 Mic/mic_interrupt.o
                0x00003640                micInterruptPinChangeEnableMask0
 .text.micIoPortsConfigureOutput
                0x00003670       0x4a Mic/mic_io_ports.o
                0x00003670                micIoPortsConfigureOutput
 .text.micIoPortsConfigureToLowLevel
                0x000036ba       0x4a Mic/mic_io_ports.o
                0x000036ba                micIoPortsConfigureToLowLevel
 .text.micIoPortsConfigureToHighLevel
                0x00003704       0x4a Mic/mic_io_ports.o
                0x00003704                micIoPortsConfigureToHighLevel
 .text.micIoPortsConfigureToToggleLevel
                0x0000374e       0xfe Mic/mic_io_ports.o
                0x0000374e                micIoPortsConfigureToToggleLevel
 .text.micIoPortsConfigureInput
                0x0000384c       0x76 Mic/mic_io_ports.o
                0x0000384c                micIoPortsConfigureInput
 .text.micIoPortsMasterControlUnitPullUpDisable
                0x000038c2       0x48 Mic/mic_io_ports.o
                0x000038c2                micIoPortsMasterControlUnitPullUpDisable
 .text.micIoPortsDataRegister
                0x0000390a       0x64 Mic/mic_io_ports.o
                0x0000390a                micIoPortsDataRegister
 .text.micIoPortsDirectionRegister
                0x0000396e       0x64 Mic/mic_io_ports.o
                0x0000396e                micIoPortsDirectionRegister
 .text.micIoPortsInputPinsAddress
                0x000039d2       0x64 Mic/mic_io_ports.o
                0x000039d2                micIoPortsInputPinsAddress
 .text.micIoPortsDataRegisterA
                0x00003a36       0x7c Mic/mic_io_ports.o
                0x00003a36                micIoPortsDataRegisterA
 .text.micIoPortsReadDataRegisterA
                0x00003ab2       0x16 Mic/mic_io_ports.o
                0x00003ab2                micIoPortsReadDataRegisterA
 .text.micIoPortsDirectionRegisterA
                0x00003ac8       0x7c Mic/mic_io_ports.o
                0x00003ac8                micIoPortsDirectionRegisterA
 .text.micIoPortsInputPinsAddressA
                0x00003b44       0x7c Mic/mic_io_ports.o
                0x00003b44                micIoPortsInputPinsAddressA
 .text.micIoPortsDataRegisterB
                0x00003bc0       0x7c Mic/mic_io_ports.o
                0x00003bc0                micIoPortsDataRegisterB
 .text.micIoPortsReadDataRegisterB
                0x00003c3c       0x16 Mic/mic_io_ports.o
                0x00003c3c                micIoPortsReadDataRegisterB
 .text.micIoPortsDirectionRegisterB
                0x00003c52       0x7c Mic/mic_io_ports.o
                0x00003c52                micIoPortsDirectionRegisterB
 .text.micIoPortsInputPinsAddressB
                0x00003cce       0x7c Mic/mic_io_ports.o
                0x00003cce                micIoPortsInputPinsAddressB
 .text.micIoPortsDataRegisterC
                0x00003d4a       0x7c Mic/mic_io_ports.o
                0x00003d4a                micIoPortsDataRegisterC
 .text.micIoPortsReadDataRegisterC
                0x00003dc6       0x16 Mic/mic_io_ports.o
                0x00003dc6                micIoPortsReadDataRegisterC
 .text.micIoPortsDirectionRegisterC
                0x00003ddc       0x7c Mic/mic_io_ports.o
                0x00003ddc                micIoPortsDirectionRegisterC
 .text.micIoPortsInputPinsAddressC
                0x00003e58       0x7c Mic/mic_io_ports.o
                0x00003e58                micIoPortsInputPinsAddressC
 .text.micIoPortsDataRegisterD
                0x00003ed4       0x7c Mic/mic_io_ports.o
                0x00003ed4                micIoPortsDataRegisterD
 .text.micIoPortsReadDataRegisterD
                0x00003f50       0x16 Mic/mic_io_ports.o
                0x00003f50                micIoPortsReadDataRegisterD
 .text.micIoPortsDirectionRegisterD
                0x00003f66       0x7c Mic/mic_io_ports.o
                0x00003f66                micIoPortsDirectionRegisterD
 .text.micIoPortsInputPinsAddressD
                0x00003fe2       0x7c Mic/mic_io_ports.o
                0x00003fe2                micIoPortsInputPinsAddressD
 .text.micPowerMangementSleepMode
                0x0000405e       0x36 Mic/mic_power_management.o
                0x0000405e                micPowerMangementSleepMode
 .text.micPowerMangementSleepEnable
                0x00004094       0x48 Mic/mic_power_management.o
                0x00004094                micPowerMangementSleepEnable
 .text.micPowerMangementMasterControlUnitBrownOutVoltageSleep
                0x000040dc       0x48 Mic/mic_power_management.o
                0x000040dc                micPowerMangementMasterControlUnitBrownOutVoltageSleep
 .text.micPowerMangementMasterControlUnitBrownOutVoltageSleepEnable
                0x00004124       0x48 Mic/mic_power_management.o
                0x00004124                micPowerMangementMasterControlUnitBrownOutVoltageSleepEnable
 .text.micPowerMangementPowerReductionTWI
                0x0000416c       0x48 Mic/mic_power_management.o
                0x0000416c                micPowerMangementPowerReductionTWI
 .text.micPowerMangementPowerReductionTimerCounter2
                0x000041b4       0x48 Mic/mic_power_management.o
                0x000041b4                micPowerMangementPowerReductionTimerCounter2
 .text.micPowerMangementPowerReductionTimerCounter0
                0x000041fc       0x48 Mic/mic_power_management.o
                0x000041fc                micPowerMangementPowerReductionTimerCounter0
 .text.micPowerMangementPowerReductionUSART1
                0x00004244       0x48 Mic/mic_power_management.o
                0x00004244                micPowerMangementPowerReductionUSART1
 .text.micPowerMangementPowerReductionTimerCounter1
                0x0000428c       0x48 Mic/mic_power_management.o
                0x0000428c                micPowerMangementPowerReductionTimerCounter1
 .text.micPowerMangementPowerReductionSPI
                0x000042d4       0x48 Mic/mic_power_management.o
                0x000042d4                micPowerMangementPowerReductionSPI
 .text.micPowerMangementPowerReductionUSART0
                0x0000431c       0x48 Mic/mic_power_management.o
                0x0000431c                micPowerMangementPowerReductionUSART0
 .text.micPowerMangementPowerReductionADC
                0x00004364       0x48 Mic/mic_power_management.o
                0x00004364                micPowerMangementPowerReductionADC
 .text.micSystemClockOscillatorCalibrationValue
                0x000043ac       0x26 Mic/mic_system_clock.o
                0x000043ac                micSystemClockOscillatorCalibrationValue
 .text.micSystemClockPrescalerChangeEnable
                0x000043d2       0x48 Mic/mic_system_clock.o
                0x000043d2                micSystemClockPrescalerChangeEnable
 .text.micSystemClockPrescalerSelectBits
                0x0000441a       0x38 Mic/mic_system_clock.o
                0x0000441a                micSystemClockPrescalerSelectBits
 .text.micSystemControlMasterControlUnitJtagResetFlag
                0x00004452       0x1e Mic/mic_system_control.o
                0x00004452                micSystemControlMasterControlUnitJtagResetFlag
 .text.micSystemControlMasterControlUnitWatchdogResetFlag
                0x00004470       0x1e Mic/mic_system_control.o
                0x00004470                micSystemControlMasterControlUnitWatchdogResetFlag
 .text.micSystemControlMasterControlUnitBrownOutResetFlag
                0x0000448e       0x1e Mic/mic_system_control.o
                0x0000448e                micSystemControlMasterControlUnitBrownOutResetFlag
 .text.micSystemControlMasterControlUnitExternalResetFlag
                0x000044ac       0x1e Mic/mic_system_control.o
                0x000044ac                micSystemControlMasterControlUnitExternalResetFlag
 .text.micSystemControlMasterControlUnitPowerOnResetFlag
                0x000044ca       0x1e Mic/mic_system_control.o
                0x000044ca                micSystemControlMasterControlUnitPowerOnResetFlag
 .text.micSystemControlWatchdogTimerControlWatchdogFlag
                0x000044e8       0x1e Mic/mic_system_control.o
                0x000044e8                micSystemControlWatchdogTimerControlWatchdogFlag
 .text.micSystemControlWatchdogTimerControlWatchdogInterruptEnable
                0x00004506       0x48 Mic/mic_system_control.o
                0x00004506                micSystemControlWatchdogTimerControlWatchdogInterruptEnable
 .text.micSystemControlWatchdogTimerControlWatchdogChangeEnable
                0x0000454e       0x1e Mic/mic_system_control.o
                0x0000454e                micSystemControlWatchdogTimerControlWatchdogChangeEnable
 .text.micSystemControlWatchdogTimerControlWatchdogSystemResetEnable
                0x0000456c       0x48 Mic/mic_system_control.o
                0x0000456c                micSystemControlWatchdogTimerControlWatchdogSystemResetEnable
 .text.micSystemControlWatchdogTimerControlWatchdogTimerPrescaler
                0x000045b4       0x36 Mic/mic_system_control.o
                0x000045b4                micSystemControlWatchdogTimerControlWatchdogTimerPrescaler
 .text.micTimer0CompareMatchOutputAMode
                0x000045ea       0x3c Mic/mic_timer_0.o
                0x000045ea                micTimer0CompareMatchOutputAMode
 .text.micTimer0CompareMatchOutputBMode
                0x00004626       0x3c Mic/mic_timer_0.o
                0x00004626                micTimer0CompareMatchOutputBMode
 .text.micTimer0WaveformGenerationMode
                0x00004662       0xc4 Mic/mic_timer_0.o
                0x00004662                micTimer0WaveformGenerationMode
 .text.micTimer0ForceOutputCompareA
                0x00004726       0x38 Mic/mic_timer_0.o
                0x00004726                micTimer0ForceOutputCompareA
 .text.micTimer0SetClockDivision
                0x0000475e       0x32 Mic/mic_timer_0.o
                0x0000475e                micTimer0SetClockDivision
 .text.micTimer0SetTimerCounterRegister
                0x00004790       0x1e Mic/mic_timer_0.o
                0x00004790                micTimer0SetTimerCounterRegister
 .text.micTimer0GetTimerCounterRegister
                0x000047ae       0x16 Mic/mic_timer_0.o
                0x000047ae                micTimer0GetTimerCounterRegister
 .text.micTimer0SetOutputCompareRegisterA
                0x000047c4       0x1e Mic/mic_timer_0.o
                0x000047c4                micTimer0SetOutputCompareRegisterA
 .text.micTimer0GetOutputCompareRegisterA
                0x000047e2       0x16 Mic/mic_timer_0.o
                0x000047e2                micTimer0GetOutputCompareRegisterA
 .text.micTimer0SetOutputCompareRegisterB
                0x000047f8       0x1e Mic/mic_timer_0.o
                0x000047f8                micTimer0SetOutputCompareRegisterB
 .text.micTimer0GetOutputCompareRegisterB
                0x00004816       0x16 Mic/mic_timer_0.o
                0x00004816                micTimer0GetOutputCompareRegisterB
 .text.micTimer0SetTimerCounterInterrupt
                0x0000482c       0x2e Mic/mic_timer_0.o
                0x0000482c                micTimer0SetTimerCounterInterrupt
 .text.micTimer0ClearTimerCounterInterrupt
                0x0000485a       0x30 Mic/mic_timer_0.o
                0x0000485a                micTimer0ClearTimerCounterInterrupt
 .text.micTimer0ClearTimerCounterInterruptFlagRegister
                0x0000488a       0x30 Mic/mic_timer_0.o
                0x0000488a                micTimer0ClearTimerCounterInterruptFlagRegister
 .text.micUsart0SetIODataRegister
                0x000048ba       0x26 Mic/mic_usart.o
                0x000048ba                micUsart0SetIODataRegister
 .text.micUsart1SetIODataRegister
                0x000048e0       0x26 Mic/mic_usart.o
                0x000048e0                micUsart1SetIODataRegister
 .text.micUsart0GetIODataRegister
                0x00004906       0x16 Mic/mic_usart.o
                0x00004906                micUsart0GetIODataRegister
 .text.micUsart1GetIODataRegister
                0x0000491c       0x16 Mic/mic_usart.o
                0x0000491c                micUsart1GetIODataRegister
 .text.micUsart0GetRegisterEmpty
                0x00004932       0x18 Mic/mic_usart.o
                0x00004932                micUsart0GetRegisterEmpty
 .text.micUsart1GetRegisterEmpty
                0x0000494a       0x18 Mic/mic_usart.o
                0x0000494a                micUsart1GetRegisterEmpty
 .text.micUsart0GetError
                0x00004962       0x1e Mic/mic_usart.o
                0x00004962                micUsart0GetError
 .text.micUsart1GetError
                0x00004980       0x1e Mic/mic_usart.o
                0x00004980                micUsart1GetError
 .text.micUsart0SetSpeedMode
                0x0000499e       0x4c Mic/mic_usart.o
                0x0000499e                micUsart0SetSpeedMode
 .text.micUsart1SetSpeedMode
                0x000049ea       0x4c Mic/mic_usart.o
                0x000049ea                micUsart1SetSpeedMode
 .text.micUsart0GetSpeedMode
                0x00004a36       0x1e Mic/mic_usart.o
                0x00004a36                micUsart0GetSpeedMode
 .text.micUsart1GetSpeedMode
                0x00004a54       0x1e Mic/mic_usart.o
                0x00004a54                micUsart1GetSpeedMode
 .text.micUsart0SetMultiProcessorMode
                0x00004a72       0x2a Mic/mic_usart.o
                0x00004a72                micUsart0SetMultiProcessorMode
 .text.micUsart1SetMultiProcessorMode
                0x00004a9c       0x2a Mic/mic_usart.o
                0x00004a9c                micUsart1SetMultiProcessorMode
 .text.micUsart0GetMultiProcessorMode
                0x00004ac6       0x18 Mic/mic_usart.o
                0x00004ac6                micUsart0GetMultiProcessorMode
 .text.micUsart1GetMultiProcessorMode
                0x00004ade       0x18 Mic/mic_usart.o
                0x00004ade                micUsart1GetMultiProcessorMode
 .text.micUsart0GetReceiptCompleted
                0x00004af6       0x18 Mic/mic_usart.o
                0x00004af6                micUsart0GetReceiptCompleted
 .text.micUsart1GetReceiptCompleted
                0x00004b0e       0x18 Mic/mic_usart.o
                0x00004b0e                micUsart1GetReceiptCompleted
 .text.micUsart0SetTransmitCompleted
                0x00004b26       0x2a Mic/mic_usart.o
                0x00004b26                micUsart0SetTransmitCompleted
 .text.micUsart1SetTransmitCompleted
                0x00004b50       0x2a Mic/mic_usart.o
                0x00004b50                micUsart1SetTransmitCompleted
 .text.micUsart0GetTransmitCompleted
                0x00004b7a       0x18 Mic/mic_usart.o
                0x00004b7a                micUsart0GetTransmitCompleted
 .text.micUsart1GetTransmitCompleted
                0x00004b92       0x18 Mic/mic_usart.o
                0x00004b92                micUsart1GetTransmitCompleted
 .text.micUsart0GetDataRegisterEmpty
                0x00004baa       0x18 Mic/mic_usart.o
                0x00004baa                micUsart0GetDataRegisterEmpty
 .text.micUsart1GetDataRegisterEmpty
                0x00004bc2       0x18 Mic/mic_usart.o
                0x00004bc2                micUsart1GetDataRegisterEmpty
 .text.micUsart0SetTransmitterEnable
                0x00004bda       0x2a Mic/mic_usart.o
                0x00004bda                micUsart0SetTransmitterEnable
 .text.micUsart1SetTransmitterEnable
                0x00004c04       0x2a Mic/mic_usart.o
                0x00004c04                micUsart1SetTransmitterEnable
 .text.micUsart0SetTransmitterDisable
                0x00004c2e       0x2a Mic/mic_usart.o
                0x00004c2e                micUsart0SetTransmitterDisable
 .text.micUsart1SetTransmitterDisable
                0x00004c58       0x2a Mic/mic_usart.o
                0x00004c58                micUsart1SetTransmitterDisable
 .text.micUsart0SetReceiverEnable
                0x00004c82       0x2a Mic/mic_usart.o
                0x00004c82                micUsart0SetReceiverEnable
 .text.micUsart1SetReceiverEnable
                0x00004cac       0x2a Mic/mic_usart.o
                0x00004cac                micUsart1SetReceiverEnable
 .text.micUsart0SetReceiverDisable
                0x00004cd6       0x2a Mic/mic_usart.o
                0x00004cd6                micUsart0SetReceiverDisable
 .text.micUsart1SetReceiverDisable
                0x00004d00       0x2a Mic/mic_usart.o
                0x00004d00                micUsart1SetReceiverDisable
 .text.micUsart0SetDataSize
                0x00004d2a       0x58 Mic/mic_usart.o
                0x00004d2a                micUsart0SetDataSize
 .text.micUsart1SetDataSize
                0x00004d82       0x58 Mic/mic_usart.o
                0x00004d82                micUsart1SetDataSize
 .text.micUsart0SetParityMode
                0x00004dda       0x3c Mic/mic_usart.o
                0x00004dda                micUsart0SetParityMode
 .text.micUsart1SetParityMode
                0x00004e16       0x3c Mic/mic_usart.o
                0x00004e16                micUsart1SetParityMode
 .text.micUsart0SetStopBits
                0x00004e52       0x3c Mic/mic_usart.o
                0x00004e52                micUsart0SetStopBits
 .text.micUsart1SetStopBits
                0x00004e8e       0x3c Mic/mic_usart.o
                0x00004e8e                micUsart1SetStopBits
 .text.micUsart0SetRxInterrupt
                0x00004eca       0x2a Mic/mic_usart.o
                0x00004eca                micUsart0SetRxInterrupt
 .text.micUsart1SetRxInterrupt
                0x00004ef4       0x2a Mic/mic_usart.o
                0x00004ef4                micUsart1SetRxInterrupt
 .text.micUsart0ClearRxInterrupt
                0x00004f1e       0x2a Mic/mic_usart.o
                0x00004f1e                micUsart0ClearRxInterrupt
 .text.micUsart1ClearRxInterrupt
                0x00004f48       0x2a Mic/mic_usart.o
                0x00004f48                micUsart1ClearRxInterrupt
 .text.micUsart0SetTxInterrupt
                0x00004f72       0x2a Mic/mic_usart.o
                0x00004f72                micUsart0SetTxInterrupt
 .text.micUsart1SetTxInterrupt
                0x00004f9c       0x2a Mic/mic_usart.o
                0x00004f9c                micUsart1SetTxInterrupt
 .text.micUsart0ClearTxInterrupt
                0x00004fc6       0x2a Mic/mic_usart.o
                0x00004fc6                micUsart0ClearTxInterrupt
 .text.micUsart1ClearTxInterrupt
                0x00004ff0       0x2a Mic/mic_usart.o
                0x00004ff0                micUsart1ClearTxInterrupt
 .text.micUsart0SetDataRegisterEmptyInterrupt
                0x0000501a       0x2a Mic/mic_usart.o
                0x0000501a                micUsart0SetDataRegisterEmptyInterrupt
 .text.micUsart1SetDataRegisterEmptyInterrupt
                0x00005044       0x2a Mic/mic_usart.o
                0x00005044                micUsart1SetDataRegisterEmptyInterrupt
 .text.micUsart0ClearDataRegisterEmptyInterrupt
                0x0000506e       0x2a Mic/mic_usart.o
                0x0000506e                micUsart0ClearDataRegisterEmptyInterrupt
 .text.micUsart1ClearDataRegisterEmptyInterrupt
                0x00005098       0x2a Mic/mic_usart.o
                0x00005098                micUsart1ClearDataRegisterEmptyInterrupt
 .text.micUsart0SetSynchronousClockPolarity
                0x000050c2       0x3c Mic/mic_usart.o
                0x000050c2                micUsart0SetSynchronousClockPolarity
 .text.micUsart1SetSynchronousClockPolarity
                0x000050fe       0x3c Mic/mic_usart.o
                0x000050fe                micUsart1SetSynchronousClockPolarity
 .text.micUsart0SetBaudRateAsynchronousNormalMode
                0x0000513a       0x92 Mic/mic_usart.o
                0x0000513a                micUsart0SetBaudRateAsynchronousNormalMode
 .text.micUsart1SetBaudRateAsynchronousNormalMode
                0x000051cc       0x92 Mic/mic_usart.o
                0x000051cc                micUsart1SetBaudRateAsynchronousNormalMode
 .text.micUsart0SetBaudRateAsynchronousDoubleSpeedMode
                0x0000525e       0x8c Mic/mic_usart.o
                0x0000525e                micUsart0SetBaudRateAsynchronousDoubleSpeedMode
 .text.micUsart1SetBaudRateAsynchronousDoubleSpeedMode
                0x000052ea       0x8c Mic/mic_usart.o
                0x000052ea                micUsart1SetBaudRateAsynchronousDoubleSpeedMode
 .text.micUsart0SetBaudRateSynchronousMasterMode
                0x00005376       0x72 Mic/mic_usart.o
                0x00005376                micUsart0SetBaudRateSynchronousMasterMode
 .text.micUsart1SetBaudRateSynchronousMasterMode
                0x000053e8       0x72 Mic/mic_usart.o
                0x000053e8                micUsart1SetBaudRateSynchronousMasterMode
 .text.main     0x0000545a       0x38 Robot_head.o
                0x0000545a                main
 .text.MainInitSystemDrivers
                0x00005492       0x4c Robot_head.o
 .text.MainInitSystemControl
                0x000054de       0x2c Robot_head.o
 .text.MainSystemControlDispatcher
                0x0000550a       0x4a Robot_head.o
 .text.TlsStringSearchChar
                0x00005554       0x5c Tools/tools_string.o
                0x00005554                TlsStringSearchChar
 .text.TlsStringConvertByteToAscii
                0x000055b0       0x38 Tools/tools_string.o
                0x000055b0                TlsStringConvertByteToAscii
 .text.TlsStringConvertBytesToAscii
                0x000055e8      0x128 Tools/tools_string.o
                0x000055e8                TlsStringConvertBytesToAscii
 .text.TlsStringConvertAsciiToByte
                0x00005710       0x7c Tools/tools_string.o
                0x00005710                TlsStringConvertAsciiToByte
 .text.libgcc   0x0000578c       0x3e c:/program files (x86)/atmel/atmel studio 6.0/extensions/atmel/avrgcc/3.3.2.31/avrtoolchain/bin/../lib/gcc/avr/4.5.1/avr51\libgcc.a(_mulsi3.o)
                0x0000578c                __mulsi3
 .text.libgcc   0x000057ca       0x28 c:/program files (x86)/atmel/atmel studio 6.0/extensions/atmel/avrgcc/3.3.2.31/avrtoolchain/bin/../lib/gcc/avr/4.5.1/avr51\libgcc.a(_udivmodhi4.o)
                0x000057ca                __udivmodhi4
 .text.libgcc   0x000057f2       0x44 c:/program files (x86)/atmel/atmel studio 6.0/extensions/atmel/avrgcc/3.3.2.31/avrtoolchain/bin/../lib/gcc/avr/4.5.1/avr51\libgcc.a(_udivmodsi4.o)
                0x000057f2                __udivmodsi4
 .text.libgcc   0x00005836        0x0 c:/program files (x86)/atmel/atmel studio 6.0/extensions/atmel/avrgcc/3.3.2.31/avrtoolchain/bin/../lib/gcc/avr/4.5.1/avr51\libgcc.a(_exit.o)
 .text.libgcc   0x00005836        0x0 c:/program files (x86)/atmel/atmel studio 6.0/extensions/atmel/avrgcc/3.3.2.31/avrtoolchain/bin/../lib/gcc/avr/4.5.1/avr51\libgcc.a(_copy_data.o)
 .text.libgcc   0x00005836        0x0 c:/program files (x86)/atmel/atmel studio 6.0/extensions/atmel/avrgcc/3.3.2.31/avrtoolchain/bin/../lib/gcc/avr/4.5.1/avr51\libgcc.a(_clear_bss.o)
                0x00005836                . = ALIGN (0x2)
 *(.fini9)
 .fini9         0x00005836        0x0 c:/program files (x86)/atmel/atmel studio 6.0/extensions/atmel/avrgcc/3.3.2.31/avrtoolchain/bin/../lib/gcc/avr/4.5.1/avr51\libgcc.a(_exit.o)
                0x00005836                _exit
                0x00005836                exit
 *(.fini9)
 *(.fini8)
 *(.fini8)
 *(.fini7)
 *(.fini7)
 *(.fini6)
 *(.fini6)
 *(.fini5)
 *(.fini5)
 *(.fini4)
 *(.fini4)
 *(.fini3)
 *(.fini3)
 *(.fini2)
 *(.fini2)
 *(.fini1)
 *(.fini1)
 *(.fini0)
 .fini0         0x00005836        0x4 c:/program files (x86)/atmel/atmel studio 6.0/extensions/atmel/avrgcc/3.3.2.31/avrtoolchain/bin/../lib/gcc/avr/4.5.1/avr51\libgcc.a(_exit.o)
 *(.fini0)
                0x0000583a                _etext = .

.data           0x00800100       0x22 load address 0x0000583a
                0x00800100                PROVIDE (__data_start, .)
 *(.data)
 .data          0x00800100        0x0 c:/program files (x86)/atmel/atmel studio 6.0/extensions/atmel/avrgcc/3.3.2.31/avrtoolchain/bin/../lib/gcc/avr/4.5.1/../../../../avr/lib/avr51/crtm1284p.o
 .data          0x00800100       0x1e Ctrl/ctrl_camera.o
                0x00800100                camera_ack
                0x00800106                camera_sync
                0x0080010c                camera_initial
                0x00800112                camera_get_picture
                0x00800118                camera_reset
 .data          0x0080011e        0x0 Ctrl/ctrl_eye.o
 .data          0x0080011e        0x0 Ctrl/ctrl_light.o
 .data          0x0080011e        0x0 Ctrl/ctrl_uart_protocole.o
 .data          0x0080011e        0x0 Ctrl/ctrl_ultrason.o
 .data          0x0080011e        0x0 Drv/drv_adc.o
 .data          0x0080011e        0x0 Drv/drv_event.o
 .data          0x0080011e        0x0 Drv/drv_i2c.o
 .data          0x0080011e        0x0 Drv/drv_i2c_ultrason.o
 .data          0x0080011e        0x0 Drv/drv_interrupt.o
 .data          0x0080011e        0x4 Drv/drv_led.o
                0x0080011e                led_pin_name
 .data          0x00800122        0x0 Drv/drv_timer.o
 .data          0x00800122        0x0 Drv/drv_uart.o
 .data          0x00800122        0x0 Mic/mic_adc.o
 .data          0x00800122        0x0 Mic/mic_interrupt.o
 .data          0x00800122        0x0 Mic/mic_io_ports.o
 .data          0x00800122        0x0 Mic/mic_power_management.o
 .data          0x00800122        0x0 Mic/mic_system_clock.o
 .data          0x00800122        0x0 Mic/mic_system_control.o
 .data          0x00800122        0x0 Mic/mic_timer_0.o
 .data          0x00800122        0x0 Mic/mic_usart.o
 .data          0x00800122        0x0 Robot_head.o
 .data          0x00800122        0x0 Tools/tools_string.o
 .data          0x00800122        0x0 c:/program files (x86)/atmel/atmel studio 6.0/extensions/atmel/avrgcc/3.3.2.31/avrtoolchain/bin/../lib/gcc/avr/4.5.1/avr51\libgcc.a(_mulsi3.o)
 .data          0x00800122        0x0 c:/program files (x86)/atmel/atmel studio 6.0/extensions/atmel/avrgcc/3.3.2.31/avrtoolchain/bin/../lib/gcc/avr/4.5.1/avr51\libgcc.a(_udivmodhi4.o)
 .data          0x00800122        0x0 c:/program files (x86)/atmel/atmel studio 6.0/extensions/atmel/avrgcc/3.3.2.31/avrtoolchain/bin/../lib/gcc/avr/4.5.1/avr51\libgcc.a(_udivmodsi4.o)
 .data          0x00800122        0x0 c:/program files (x86)/atmel/atmel studio 6.0/extensions/atmel/avrgcc/3.3.2.31/avrtoolchain/bin/../lib/gcc/avr/4.5.1/avr51\libgcc.a(_exit.o)
 .data          0x00800122        0x0 c:/program files (x86)/atmel/atmel studio 6.0/extensions/atmel/avrgcc/3.3.2.31/avrtoolchain/bin/../lib/gcc/avr/4.5.1/avr51\libgcc.a(_copy_data.o)
 .data          0x00800122        0x0 c:/program files (x86)/atmel/atmel studio 6.0/extensions/atmel/avrgcc/3.3.2.31/avrtoolchain/bin/../lib/gcc/avr/4.5.1/avr51\libgcc.a(_clear_bss.o)
 *(.data*)
 *(.rodata)
 *(.rodata*)
 *(.gnu.linkonce.d*)
                0x00800122                . = ALIGN (0x2)
                0x00800122                _edata = .
                0x00800122                PROVIDE (__data_end, .)

.bss            0x00800122     0x1623
                0x00800122                PROVIDE (__bss_start, .)
 *(.bss)
 .bss           0x00800122        0x0 c:/program files (x86)/atmel/atmel studio 6.0/extensions/atmel/avrgcc/3.3.2.31/avrtoolchain/bin/../lib/gcc/avr/4.5.1/../../../../avr/lib/avr51/crtm1284p.o
 .bss           0x00800122     0x12d9 Ctrl/ctrl_camera.o
                0x00800122                start_trame
                0x00800123                index_cam_uart
 .bss           0x008013fb        0x0 Ctrl/ctrl_eye.o
 .bss           0x008013fb        0xa Ctrl/ctrl_light.o
                0x008013fb                mesure_ldr_gauche
                0x008013fd                mesure_ldr_droite
                0x008013ff                mesure_ldr_gauche_moy
                0x00801401                mesure_ldr_droite_moy
                0x00801403                nb_ldr_mesures
 .bss           0x00801405        0x1 Ctrl/ctrl_uart_protocole.o
                0x00801405                i_message_len_from_body
 .bss           0x00801406        0x3 Ctrl/ctrl_ultrason.o
                0x00801406                send_pulse
                0x00801407                us_mesure
 .bss           0x00801409        0x0 Drv/drv_adc.o
 .bss           0x00801409        0x2 Drv/drv_event.o
 .bss           0x0080140b        0x0 Drv/drv_i2c.o
 .bss           0x0080140b        0x2 Drv/drv_i2c_ultrason.o
 .bss           0x0080140d        0x0 Drv/drv_interrupt.o
 .bss           0x0080140d        0x0 Drv/drv_led.o
 .bss           0x0080140d        0x2 Drv/drv_timer.o
                0x0080140d                timeout_ms
                0x0080140e                timeout_s
 .bss           0x0080140f        0x7 Drv/drv_uart.o
                0x0080140f                loc_ptrfct_Isr_Callback_Uart0_RX
                0x00801411                loc_ptrfct_Isr_Callback_Uart1_RX
                0x00801413                in_message_len_0
                0x00801414                ptr_buff_uart_0
                0x00801415                start_frame_uart_0
 .bss           0x00801416        0x0 Mic/mic_adc.o
 .bss           0x00801416        0x0 Mic/mic_interrupt.o
 .bss           0x00801416        0x0 Mic/mic_io_ports.o
 .bss           0x00801416        0x0 Mic/mic_power_management.o
 .bss           0x00801416        0x0 Mic/mic_system_clock.o
 .bss           0x00801416        0x0 Mic/mic_system_control.o
 .bss           0x00801416        0x0 Mic/mic_timer_0.o
 .bss           0x00801416        0x0 Mic/mic_usart.o
 .bss           0x00801416        0x2 Robot_head.o
 .bss           0x00801418        0x0 Tools/tools_string.o
 .bss           0x00801418        0x0 c:/program files (x86)/atmel/atmel studio 6.0/extensions/atmel/avrgcc/3.3.2.31/avrtoolchain/bin/../lib/gcc/avr/4.5.1/avr51\libgcc.a(_mulsi3.o)
 .bss           0x00801418        0x0 c:/program files (x86)/atmel/atmel studio 6.0/extensions/atmel/avrgcc/3.3.2.31/avrtoolchain/bin/../lib/gcc/avr/4.5.1/avr51\libgcc.a(_udivmodhi4.o)
 .bss           0x00801418        0x0 c:/program files (x86)/atmel/atmel studio 6.0/extensions/atmel/avrgcc/3.3.2.31/avrtoolchain/bin/../lib/gcc/avr/4.5.1/avr51\libgcc.a(_udivmodsi4.o)
 .bss           0x00801418        0x0 c:/program files (x86)/atmel/atmel studio 6.0/extensions/atmel/avrgcc/3.3.2.31/avrtoolchain/bin/../lib/gcc/avr/4.5.1/avr51\libgcc.a(_exit.o)
 .bss           0x00801418        0x0 c:/program files (x86)/atmel/atmel studio 6.0/extensions/atmel/avrgcc/3.3.2.31/avrtoolchain/bin/../lib/gcc/avr/4.5.1/avr51\libgcc.a(_copy_data.o)
 .bss           0x00801418        0x0 c:/program files (x86)/atmel/atmel studio 6.0/extensions/atmel/avrgcc/3.3.2.31/avrtoolchain/bin/../lib/gcc/avr/4.5.1/avr51\libgcc.a(_clear_bss.o)
 *(.bss*)
 *(COMMON)
 COMMON         0x00801418      0x268 Ctrl/ctrl_camera.o
                0x00801418                cam
                0x00801428                compress_tab_mvt
 COMMON         0x00801680       0x32 Ctrl/ctrl_uart_protocole.o
                0x00801680                i_message_from_body
 COMMON         0x008016b2       0x26 Drv/drv_led.o
                0x008016b2                MesLeds
 COMMON         0x008016d8        0x9 Drv/drv_timer.o
                0x008016d8                MesTimer
 COMMON         0x008016e1       0x64 Drv/drv_uart.o
                0x008016e1                in_message_0
                0x00801713                buff_uart_0
                0x00801745                PROVIDE (__bss_end, .)
                0x0000583a                __data_load_start = LOADADDR (.data)
                0x0000585c                __data_load_end = (__data_load_start + SIZEOF (.data))

.noinit         0x00801745        0x0
                0x00801745                PROVIDE (__noinit_start, .)
 *(.noinit*)
                0x00801745                PROVIDE (__noinit_end, .)
                0x00801745                _end = .
                0x00801745                PROVIDE (__heap_start, .)

.eeprom         0x00810000        0x0
 *(.eeprom*)
                0x00810000                __eeprom_end = .

.fuse
 *(.fuse)
 *(.lfuse)
 *(.hfuse)
 *(.efuse)

.lock
 *(.lock*)

.signature
 *(.signature*)

.stab           0x00000000      0x6cc
 *(.stab)
 .stab          0x00000000      0x6cc c:/program files (x86)/atmel/atmel studio 6.0/extensions/atmel/avrgcc/3.3.2.31/avrtoolchain/bin/../lib/gcc/avr/4.5.1/../../../../avr/lib/avr51/crtm1284p.o

.stabstr        0x00000000       0x97
 *(.stabstr)
 .stabstr       0x00000000       0x97 c:/program files (x86)/atmel/atmel studio 6.0/extensions/atmel/avrgcc/3.3.2.31/avrtoolchain/bin/../lib/gcc/avr/4.5.1/../../../../avr/lib/avr51/crtm1284p.o

.stab.excl
 *(.stab.excl)

.stab.exclstr
 *(.stab.exclstr)

.stab.index
 *(.stab.index)

.stab.indexstr
 *(.stab.indexstr)

.comment
 *(.comment)

.debug
 *(.debug)

.line
 *(.line)

.debug_srcinfo
 *(.debug_srcinfo)

.debug_sfnames
 *(.debug_sfnames)

.debug_aranges  0x00000000      0x9a0
 *(.debug_aranges)
 .debug_aranges
                0x00000000       0x88 Ctrl/ctrl_camera.o
 .debug_aranges
                0x00000088       0x50 Ctrl/ctrl_eye.o
 .debug_aranges
                0x000000d8       0x30 Ctrl/ctrl_light.o
 .debug_aranges
                0x00000108       0x30 Ctrl/ctrl_uart_protocole.o
 .debug_aranges
                0x00000138       0x48 Ctrl/ctrl_ultrason.o
 .debug_aranges
                0x00000180       0x28 Drv/drv_adc.o
 .debug_aranges
                0x000001a8       0x40 Drv/drv_event.o
 .debug_aranges
                0x000001e8       0x20 Drv/drv_i2c.o
 .debug_aranges
                0x00000208       0x30 Drv/drv_i2c_ultrason.o
 .debug_aranges
                0x00000238       0x28 Drv/drv_interrupt.o
 .debug_aranges
                0x00000260       0x50 Drv/drv_led.o
 .debug_aranges
                0x000002b0       0x60 Drv/drv_timer.o
 .debug_aranges
                0x00000310       0x48 Drv/drv_uart.o
 .debug_aranges
                0x00000358       0xa8 Mic/mic_adc.o
 .debug_aranges
                0x00000400       0xd0 Mic/mic_interrupt.o
 .debug_aranges
                0x000004d0       0xe0 Mic/mic_io_ports.o
 .debug_aranges
                0x000005b0       0x78 Mic/mic_power_management.o
 .debug_aranges
                0x00000628       0x30 Mic/mic_system_clock.o
 .debug_aranges
                0x00000658       0x68 Mic/mic_system_control.o
 .debug_aranges
                0x000006c0       0x88 Mic/mic_timer_0.o
 .debug_aranges
                0x00000748      0x1e8 Mic/mic_usart.o
 .debug_aranges
                0x00000930       0x38 Robot_head.o
 .debug_aranges
                0x00000968       0x38 Tools/tools_string.o

.debug_pubnames
                0x00000000     0x2086
 *(.debug_pubnames)
 .debug_pubnames
                0x00000000       0xfd Ctrl/ctrl_camera.o
 .debug_pubnames
                0x000000fd       0x93 Ctrl/ctrl_eye.o
 .debug_pubnames
                0x00000190       0xcc Ctrl/ctrl_light.o
 .debug_pubnames
                0x0000025c       0x9c Ctrl/ctrl_uart_protocole.o
 .debug_pubnames
                0x000002f8       0x95 Ctrl/ctrl_ultrason.o
 .debug_pubnames
                0x0000038d       0x33 Drv/drv_adc.o
 .debug_pubnames
                0x000003c0       0x75 Drv/drv_event.o
 .debug_pubnames
                0x00000435       0x1d Drv/drv_i2c.o
 .debug_pubnames
                0x00000452       0x57 Drv/drv_i2c_ultrason.o
 .debug_pubnames
                0x000004a9       0x56 Drv/drv_interrupt.o
 .debug_pubnames
                0x000004ff       0x8c Drv/drv_led.o
 .debug_pubnames
                0x0000058b       0xfd Drv/drv_timer.o
 .debug_pubnames
                0x00000688      0x144 Drv/drv_uart.o
 .debug_pubnames
                0x000007cc      0x23b Mic/mic_adc.o
 .debug_pubnames
                0x00000a07      0x3d0 Mic/mic_interrupt.o
 .debug_pubnames
                0x00000dd7      0x332 Mic/mic_io_ports.o
 .debug_pubnames
                0x00001109      0x22a Mic/mic_power_management.o
 .debug_pubnames
                0x00001333       0x8d Mic/mic_system_clock.o
 .debug_pubnames
                0x000013c0      0x253 Mic/mic_system_control.o
 .debug_pubnames
                0x00001613      0x227 Mic/mic_timer_0.o
 .debug_pubnames
                0x0000183a      0x7a6 Mic/mic_usart.o
 .debug_pubnames
                0x00001fe0       0x1b Robot_head.o
 .debug_pubnames
                0x00001ffb       0x8b Tools/tools_string.o

.debug_info     0x00000000     0x518e
 *(.debug_info)
 .debug_info    0x00000000      0x6e4 Ctrl/ctrl_camera.o
 .debug_info    0x000006e4      0x1b5 Ctrl/ctrl_eye.o
 .debug_info    0x00000899      0x270 Ctrl/ctrl_light.o
 .debug_info    0x00000b09      0x1b8 Ctrl/ctrl_uart_protocole.o
 .debug_info    0x00000cc1      0x1d3 Ctrl/ctrl_ultrason.o
 .debug_info    0x00000e94      0x1d3 Drv/drv_adc.o
 .debug_info    0x00001067      0x174 Drv/drv_event.o
 .debug_info    0x000011db      0x173 Drv/drv_i2c.o
 .debug_info    0x0000134e      0x140 Drv/drv_i2c_ultrason.o
 .debug_info    0x0000148e       0x97 Drv/drv_interrupt.o
 .debug_info    0x00001525      0x45a Drv/drv_led.o
 .debug_info    0x0000197f      0x469 Drv/drv_timer.o
 .debug_info    0x00001de8      0x3d4 Drv/drv_uart.o
 .debug_info    0x000021bc      0x537 Mic/mic_adc.o
 .debug_info    0x000026f3      0x644 Mic/mic_interrupt.o
 .debug_info    0x00002d37      0x86c Mic/mic_io_ports.o
 .debug_info    0x000035a3      0x37a Mic/mic_power_management.o
 .debug_info    0x0000391d      0x182 Mic/mic_system_clock.o
 .debug_info    0x00003a9f      0x2bc Mic/mic_system_control.o
 .debug_info    0x00003d5b      0x434 Mic/mic_timer_0.o
 .debug_info    0x0000418f      0xbe0 Mic/mic_usart.o
 .debug_info    0x00004d6f      0x1fa Robot_head.o
 .debug_info    0x00004f69      0x225 Tools/tools_string.o
 *(.gnu.linkonce.wi.*)

.debug_abbrev   0x00000000     0x12e5
 *(.debug_abbrev)
 .debug_abbrev  0x00000000      0x1d2 Ctrl/ctrl_camera.o
 .debug_abbrev  0x000001d2       0xb0 Ctrl/ctrl_eye.o
 .debug_abbrev  0x00000282       0xd1 Ctrl/ctrl_light.o
 .debug_abbrev  0x00000353       0xfa Ctrl/ctrl_uart_protocole.o
 .debug_abbrev  0x0000044d      0x101 Ctrl/ctrl_ultrason.o
 .debug_abbrev  0x0000054e       0x9d Drv/drv_adc.o
 .debug_abbrev  0x000005eb       0xb5 Drv/drv_event.o
 .debug_abbrev  0x000006a0       0x68 Drv/drv_i2c.o
 .debug_abbrev  0x00000708       0xad Drv/drv_i2c_ultrason.o
 .debug_abbrev  0x000007b5       0x43 Drv/drv_interrupt.o
 .debug_abbrev  0x000007f8      0x105 Drv/drv_led.o
 .debug_abbrev  0x000008fd      0x12f Drv/drv_timer.o
 .debug_abbrev  0x00000a2c      0x12b Drv/drv_uart.o
 .debug_abbrev  0x00000b57       0xa1 Mic/mic_adc.o
 .debug_abbrev  0x00000bf8       0xae Mic/mic_interrupt.o
 .debug_abbrev  0x00000ca6      0x124 Mic/mic_io_ports.o
 .debug_abbrev  0x00000dca       0x9f Mic/mic_power_management.o
 .debug_abbrev  0x00000e69       0x9f Mic/mic_system_clock.o
 .debug_abbrev  0x00000f08       0x9f Mic/mic_system_control.o
 .debug_abbrev  0x00000fa7       0xdc Mic/mic_timer_0.o
 .debug_abbrev  0x00001083      0x106 Mic/mic_usart.o
 .debug_abbrev  0x00001189       0xa3 Robot_head.o
 .debug_abbrev  0x0000122c       0xb9 Tools/tools_string.o

.debug_line     0x00000000     0x9112
 *(.debug_line)
 .debug_line    0x00000000      0xb95 Ctrl/ctrl_camera.o
 .debug_line    0x00000b95      0x496 Ctrl/ctrl_eye.o
 .debug_line    0x0000102b      0x4be Ctrl/ctrl_light.o
 .debug_line    0x000014e9      0x6ed Ctrl/ctrl_uart_protocole.o
 .debug_line    0x00001bd6      0x6aa Ctrl/ctrl_ultrason.o
 .debug_line    0x00002280      0x3ab Drv/drv_adc.o
 .debug_line    0x0000262b      0x3d7 Drv/drv_event.o
 .debug_line    0x00002a02      0x4a0 Drv/drv_i2c.o
 .debug_line    0x00002ea2      0x70b Drv/drv_i2c_ultrason.o
 .debug_line    0x000035ad      0x31f Drv/drv_interrupt.o
 .debug_line    0x000038cc      0x613 Drv/drv_led.o
 .debug_line    0x00003edf      0x642 Drv/drv_timer.o
 .debug_line    0x00004521      0x619 Drv/drv_uart.o
 .debug_line    0x00004b3a      0x623 Mic/mic_adc.o
 .debug_line    0x0000515d      0x859 Mic/mic_interrupt.o
 .debug_line    0x000059b6      0x9c3 Mic/mic_io_ports.o
 .debug_line    0x00006379      0x5f1 Mic/mic_power_management.o
 .debug_line    0x0000696a      0x387 Mic/mic_system_clock.o
 .debug_line    0x00006cf1      0x4c1 Mic/mic_system_control.o
 .debug_line    0x000071b2      0x533 Mic/mic_timer_0.o
 .debug_line    0x000076e5      0xe5c Mic/mic_usart.o
 .debug_line    0x00008541      0x74d Robot_head.o
 .debug_line    0x00008c8e      0x484 Tools/tools_string.o

.debug_frame    0x00000000     0x1060
 *(.debug_frame)
 .debug_frame   0x00000000       0xf0 Ctrl/ctrl_camera.o
 .debug_frame   0x000000f0       0x80 Ctrl/ctrl_eye.o
 .debug_frame   0x00000170       0x40 Ctrl/ctrl_light.o
 .debug_frame   0x000001b0       0x40 Ctrl/ctrl_uart_protocole.o
 .debug_frame   0x000001f0       0x70 Ctrl/ctrl_ultrason.o
 .debug_frame   0x00000260       0x30 Drv/drv_adc.o
 .debug_frame   0x00000290       0x60 Drv/drv_event.o
 .debug_frame   0x000002f0       0x20 Drv/drv_i2c.o
 .debug_frame   0x00000310       0x40 Drv/drv_i2c_ultrason.o
 .debug_frame   0x00000350       0x30 Drv/drv_interrupt.o
 .debug_frame   0x00000380       0x80 Drv/drv_led.o
 .debug_frame   0x00000400       0xa0 Drv/drv_timer.o
 .debug_frame   0x000004a0       0x70 Drv/drv_uart.o
 .debug_frame   0x00000510      0x130 Mic/mic_adc.o
 .debug_frame   0x00000640      0x180 Mic/mic_interrupt.o
 .debug_frame   0x000007c0      0x1a0 Mic/mic_io_ports.o
 .debug_frame   0x00000960       0xd0 Mic/mic_power_management.o
 .debug_frame   0x00000a30       0x40 Mic/mic_system_clock.o
 .debug_frame   0x00000a70       0xb0 Mic/mic_system_control.o
 .debug_frame   0x00000b20       0xf0 Mic/mic_timer_0.o
 .debug_frame   0x00000c10      0x3b0 Mic/mic_usart.o
 .debug_frame   0x00000fc0       0x50 Robot_head.o
 .debug_frame   0x00001010       0x50 Tools/tools_string.o

.debug_str      0x00000000     0x3461
 *(.debug_str)
 .debug_str     0x00000000      0x5d3 Ctrl/ctrl_camera.o
                                0x64c (size before relaxing)
 .debug_str     0x000005d3       0xac Ctrl/ctrl_eye.o
                                0x180 (size before relaxing)
 .debug_str     0x0000067f      0x34a Ctrl/ctrl_light.o
                                0x439 (size before relaxing)
 .debug_str     0x000009c9       0xb2 Ctrl/ctrl_uart_protocole.o
                                0x1cd (size before relaxing)
 .debug_str     0x00000a7b       0xd3 Ctrl/ctrl_ultrason.o
                                0x1ca (size before relaxing)
 .debug_str     0x00000b4e       0xc8 Drv/drv_adc.o
                                0x457 (size before relaxing)
 .debug_str     0x00000c16       0x76 Drv/drv_event.o
                                0x177 (size before relaxing)
 .debug_str     0x00000c8c       0x43 Drv/drv_i2c.o
                                0x31b (size before relaxing)
 .debug_str     0x00000ccf       0x70 Drv/drv_i2c_ultrason.o
                                0x152 (size before relaxing)
 .debug_str     0x00000d3f       0x53 Drv/drv_interrupt.o
                                0x11b (size before relaxing)
 .debug_str     0x00000d92      0x16d Drv/drv_led.o
                                0x4aa (size before relaxing)
 .debug_str     0x00000eff      0x34b Drv/drv_timer.o
                                0x49f (size before relaxing)
 .debug_str     0x0000124a      0x27f Drv/drv_uart.o
                                0x3a1 (size before relaxing)
 .debug_str     0x000014c9      0x34c Mic/mic_adc.o
                                0x7a7 (size before relaxing)
 .debug_str     0x00001815      0x4fe Mic/mic_interrupt.o
                                0x5ed (size before relaxing)
 .debug_str     0x00001d13      0x308 Mic/mic_io_ports.o
                                0x644 (size before relaxing)
 .debug_str     0x0000201b      0x29f Mic/mic_power_management.o
                                0x38e (size before relaxing)
 .debug_str     0x000022ba      0x12e Mic/mic_system_clock.o
                                0x21d (size before relaxing)
 .debug_str     0x000023e8      0x32b Mic/mic_system_control.o
                                0x42a (size before relaxing)
 .debug_str     0x00002713      0x352 Mic/mic_timer_0.o
                                0x6ee (size before relaxing)
 .debug_str     0x00002a65      0x8b5 Mic/mic_usart.o
                                0xafa (size before relaxing)
 .debug_str     0x0000331a       0x70 Robot_head.o
                                0x367 (size before relaxing)
 .debug_str     0x0000338a       0xd7 Tools/tools_string.o
                                0x1ca (size before relaxing)

.debug_loc
 *(.debug_loc)

.debug_macinfo  0x00000000    0xb5b06
 *(.debug_macinfo)
 .debug_macinfo
                0x00000000     0x8832 Ctrl/ctrl_camera.o
 .debug_macinfo
                0x00008832     0x81ff Ctrl/ctrl_eye.o
 .debug_macinfo
                0x00010a31     0x826b Ctrl/ctrl_light.o
 .debug_macinfo
                0x00018c9c     0x869a Ctrl/ctrl_uart_protocole.o
 .debug_macinfo
                0x00021336     0x862f Ctrl/ctrl_ultrason.o
 .debug_macinfo
                0x00029965     0x81b1 Drv/drv_adc.o
 .debug_macinfo
                0x00031b16     0x8167 Drv/drv_event.o
 .debug_macinfo
                0x00039c7d     0x8516 Drv/drv_i2c.o
 .debug_macinfo
                0x00042193     0x8531 Drv/drv_i2c_ultrason.o
 .debug_macinfo
                0x0004a6c4     0x75fd Drv/drv_interrupt.o
 .debug_macinfo
                0x00051cc1     0x81ee Drv/drv_led.o
 .debug_macinfo
                0x00059eaf     0x824b Drv/drv_timer.o
 .debug_macinfo
                0x000620fa     0x81e3 Drv/drv_uart.o
 .debug_macinfo
                0x0006a2dd     0x75f7 Mic/mic_adc.o
 .debug_macinfo
                0x000718d4     0x75fd Mic/mic_interrupt.o
 .debug_macinfo
                0x00078ed1     0x7630 Mic/mic_io_ports.o
 .debug_macinfo
                0x00080501     0x7604 Mic/mic_power_management.o
 .debug_macinfo
                0x00087b05     0x7600 Mic/mic_system_clock.o
 .debug_macinfo
                0x0008f105     0x7602 Mic/mic_system_control.o
 .debug_macinfo
                0x00096707     0x75fb Mic/mic_timer_0.o
 .debug_macinfo
                0x0009dd02     0x8156 Mic/mic_usart.o
 .debug_macinfo
                0x000a5e58     0x86b2 Robot_head.o
 .debug_macinfo
                0x000ae50a     0x75fc Tools/tools_string.o
OUTPUT(Robot_head.elf elf32-avr)
LOAD linker stubs

.debug_pubtypes
                0x00000000      0xb7d
 .debug_pubtypes
                0x00000000       0xaa Ctrl/ctrl_camera.o
 .debug_pubtypes
                0x000000aa       0x2a Ctrl/ctrl_eye.o
 .debug_pubtypes
                0x000000d4       0x56 Ctrl/ctrl_light.o
 .debug_pubtypes
                0x0000012a       0x48 Ctrl/ctrl_uart_protocole.o
 .debug_pubtypes
                0x00000172       0x48 Ctrl/ctrl_ultrason.o
 .debug_pubtypes
                0x000001ba       0x89 Drv/drv_adc.o
 .debug_pubtypes
                0x00000243       0x3f Drv/drv_event.o
 .debug_pubtypes
                0x00000282       0x3c Drv/drv_i2c.o
 .debug_pubtypes
                0x000002be       0x33 Drv/drv_i2c_ultrason.o
 .debug_pubtypes
                0x000002f1       0x12 Drv/drv_interrupt.o
 .debug_pubtypes
                0x00000303       0x86 Drv/drv_led.o
 .debug_pubtypes
                0x00000389       0xf4 Drv/drv_timer.o
 .debug_pubtypes
                0x0000047d       0xb0 Drv/drv_uart.o
 .debug_pubtypes
                0x0000052d       0xfb Mic/mic_adc.o
 .debug_pubtypes
                0x00000628       0x7c Mic/mic_interrupt.o
 .debug_pubtypes
                0x000006a4       0x6e Mic/mic_io_ports.o
 .debug_pubtypes
                0x00000712       0x51 Mic/mic_power_management.o
 .debug_pubtypes
                0x00000763       0x4d Mic/mic_system_clock.o
 .debug_pubtypes
                0x000007b0       0x51 Mic/mic_system_control.o
 .debug_pubtypes
                0x00000801      0x199 Mic/mic_timer_0.o
 .debug_pubtypes
                0x0000099a      0x15c Mic/mic_usart.o
 .debug_pubtypes
                0x00000af6       0x4b Robot_head.o
 .debug_pubtypes
                0x00000b41       0x3c Tools/tools_string.o

.debug_ranges   0x00000000      0x830
 .debug_ranges  0x00000000       0x78 Ctrl/ctrl_camera.o
 .debug_ranges  0x00000078       0x40 Ctrl/ctrl_eye.o
 .debug_ranges  0x000000b8       0x20 Ctrl/ctrl_light.o
 .debug_ranges  0x000000d8       0x20 Ctrl/ctrl_uart_protocole.o
 .debug_ranges  0x000000f8       0x38 Ctrl/ctrl_ultrason.o
 .debug_ranges  0x00000130       0x18 Drv/drv_adc.o
 .debug_ranges  0x00000148       0x30 Drv/drv_event.o
 .debug_ranges  0x00000178       0x10 Drv/drv_i2c.o
 .debug_ranges  0x00000188       0x20 Drv/drv_i2c_ultrason.o
 .debug_ranges  0x000001a8       0x18 Drv/drv_interrupt.o
 .debug_ranges  0x000001c0       0x40 Drv/drv_led.o
 .debug_ranges  0x00000200       0x50 Drv/drv_timer.o
 .debug_ranges  0x00000250       0x38 Drv/drv_uart.o
 .debug_ranges  0x00000288       0x98 Mic/mic_adc.o
 .debug_ranges  0x00000320       0xc0 Mic/mic_interrupt.o
 .debug_ranges  0x000003e0       0xd0 Mic/mic_io_ports.o
 .debug_ranges  0x000004b0       0x68 Mic/mic_power_management.o
 .debug_ranges  0x00000518       0x20 Mic/mic_system_clock.o
 .debug_ranges  0x00000538       0x58 Mic/mic_system_control.o
 .debug_ranges  0x00000590       0x78 Mic/mic_timer_0.o
 .debug_ranges  0x00000608      0x1d8 Mic/mic_usart.o
 .debug_ranges  0x000007e0       0x28 Robot_head.o
 .debug_ranges  0x00000808       0x28 Tools/tools_string.o
