Archive member included because of file (symbol)

c:/program files (x86)/atmel/atmel studio 6.0/extensions/atmel/avrgcc/3.3.2.31/avrtoolchain/bin/../lib/gcc/avr/4.5.1/avr51\libgcc.a(_mulsi3.o)
                              Drv/drv_timer.o (__mulsi3)
c:/program files (x86)/atmel/atmel studio 6.0/extensions/atmel/avrgcc/3.3.2.31/avrtoolchain/bin/../lib/gcc/avr/4.5.1/avr51\libgcc.a(_udivmodqi4.o)
                              Drv/drv_timer.o (__udivmodqi4)
c:/program files (x86)/atmel/atmel studio 6.0/extensions/atmel/avrgcc/3.3.2.31/avrtoolchain/bin/../lib/gcc/avr/4.5.1/avr51\libgcc.a(_udivmodhi4.o)
                              Drv/drv_servo.o (__udivmodhi4)
c:/program files (x86)/atmel/atmel studio 6.0/extensions/atmel/avrgcc/3.3.2.31/avrtoolchain/bin/../lib/gcc/avr/4.5.1/avr51\libgcc.a(_udivmodsi4.o)
                              Drv/drv_timer.o (__udivmodsi4)
c:/program files (x86)/atmel/atmel studio 6.0/extensions/atmel/avrgcc/3.3.2.31/avrtoolchain/bin/../lib/gcc/avr/4.5.1/avr51\libgcc.a(_exit.o)
                              c:/program files (x86)/atmel/atmel studio 6.0/extensions/atmel/avrgcc/3.3.2.31/avrtoolchain/bin/../lib/gcc/avr/4.5.1/../../../../avr/lib/avr51/crtm1284p.o (exit)
c:/program files (x86)/atmel/atmel studio 6.0/extensions/atmel/avrgcc/3.3.2.31/avrtoolchain/bin/../lib/gcc/avr/4.5.1/avr51\libgcc.a(_copy_data.o)
                              Ctrl/ctrl_marche.o (__do_copy_data)
c:/program files (x86)/atmel/atmel studio 6.0/extensions/atmel/avrgcc/3.3.2.31/avrtoolchain/bin/../lib/gcc/avr/4.5.1/avr51\libgcc.a(_clear_bss.o)
                              Ctrl/ctrl_marche.o (__do_clear_bss)

Allocating common symbols
Common symbol       size              file

MesLeds             0x3c              Drv/drv_led.o
MesTimer            0x0               Drv/drv_timer.o
i_message_from_digi
                    0x32              Ctrl/ctrl_uart_protocole.o
buff_uart_1         0x32              Drv/drv_uart.o
i_message_from_head
                    0x32              Ctrl/ctrl_uart_protocole.o
in_message_1        0x32              Drv/drv_uart.o
in_message_0        0x32              Drv/drv_uart.o
buff_uart_0         0x32              Drv/drv_uart.o

Memory Configuration

Name             Origin             Length             Attributes
text             0x00000000         0x00020000         xr
data             0x00800100         0x0000ff00         rw !x
eeprom           0x00810000         0x00010000         rw !x
fuse             0x00820000         0x00000400         rw !x
lock             0x00830000         0x00000400         rw !x
signature        0x00840000         0x00000400         rw !x
*default*        0x00000000         0xffffffff

Linker script and memory map

Address of section .data set to 0x800100
LOAD c:/program files (x86)/atmel/atmel studio 6.0/extensions/atmel/avrgcc/3.3.2.31/avrtoolchain/bin/../lib/gcc/avr/4.5.1/../../../../avr/lib/avr51/crtm1284p.o
LOAD Ctrl/ctrl_marche.o
LOAD Ctrl/ctrl_patte.o
LOAD Ctrl/ctrl_tete.o
LOAD Ctrl/ctrl_uart_protocole.o
LOAD Drv/drv_event.o
LOAD Drv/drv_interrupt.o
LOAD Drv/drv_led.o
LOAD Drv/drv_servo.o
LOAD Drv/drv_timer.o
LOAD Drv/drv_uart.o
LOAD main.o
LOAD Mic/mic_adc.o
LOAD Mic/mic_interrupt.o
LOAD Mic/mic_io_ports.o
LOAD Mic/mic_power_management.o
LOAD Mic/mic_system_clock.o
LOAD Mic/mic_system_control.o
LOAD Mic/mic_timer_0.o
LOAD Mic/mic_usart.o
LOAD Tools/tools_string.o
START GROUP
LOAD c:/program files (x86)/atmel/atmel studio 6.0/extensions/atmel/avrgcc/3.3.2.31/avrtoolchain/bin/../lib/gcc/avr/4.5.1/../../../../avr/lib/avr51\libm.a
END GROUP
                0x00004000                __stack = 0x4000
LOAD c:/program files (x86)/atmel/atmel studio 6.0/extensions/atmel/avrgcc/3.3.2.31/avrtoolchain/bin/../lib/gcc/avr/4.5.1/avr51\libgcc.a
LOAD c:/program files (x86)/atmel/atmel studio 6.0/extensions/atmel/avrgcc/3.3.2.31/avrtoolchain/bin/../lib/gcc/avr/4.5.1/../../../../avr/lib/avr51\libc.a
LOAD c:/program files (x86)/atmel/atmel studio 6.0/extensions/atmel/avrgcc/3.3.2.31/avrtoolchain/bin/../lib/gcc/avr/4.5.1/avr51\libgcc.a

.hash
 *(.hash)

.dynsym
 *(.dynsym)

.dynstr
 *(.dynstr)

.gnu.version
 *(.gnu.version)

.gnu.version_d
 *(.gnu.version_d)

.gnu.version_r
 *(.gnu.version_r)

.rel.init
 *(.rel.init)

.rela.init
 *(.rela.init)

.rel.text
 *(.rel.text)
 *(.rel.text.*)
 *(.rel.gnu.linkonce.t*)

.rela.text
 *(.rela.text)
 *(.rela.text.*)
 *(.rela.gnu.linkonce.t*)

.rel.fini
 *(.rel.fini)

.rela.fini
 *(.rela.fini)

.rel.rodata
 *(.rel.rodata)
 *(.rel.rodata.*)
 *(.rel.gnu.linkonce.r*)

.rela.rodata
 *(.rela.rodata)
 *(.rela.rodata.*)
 *(.rela.gnu.linkonce.r*)

.rel.data
 *(.rel.data)
 *(.rel.data.*)
 *(.rel.gnu.linkonce.d*)

.rela.data
 *(.rela.data)
 *(.rela.data.*)
 *(.rela.gnu.linkonce.d*)

.rel.ctors
 *(.rel.ctors)

.rela.ctors
 *(.rela.ctors)

.rel.dtors
 *(.rel.dtors)

.rela.dtors
 *(.rela.dtors)

.rel.got
 *(.rel.got)

.rela.got
 *(.rela.got)

.rel.bss
 *(.rel.bss)

.rela.bss
 *(.rela.bss)

.rel.plt
 *(.rel.plt)

.rela.plt
 *(.rela.plt)

.text           0x00000000     0x3dbe
 *(.vectors)
 .vectors       0x00000000       0x8c c:/program files (x86)/atmel/atmel studio 6.0/extensions/atmel/avrgcc/3.3.2.31/avrtoolchain/bin/../lib/gcc/avr/4.5.1/../../../../avr/lib/avr51/crtm1284p.o
                0x00000000                __vector_default
                0x00000000                __vectors
 *(.vectors)
 *(.progmem.gcc*)
 *(.progmem*)
                0x0000008c                . = ALIGN (0x2)
                0x0000008c                __trampolines_start = .
 *(.trampolines)
 .trampolines   0x0000008c        0x0 linker stubs
 *(.trampolines*)
                0x0000008c                __trampolines_end = .
 *(.jumptables)
 *(.jumptables*)
 *(.lowtext)
 *(.lowtext*)
                0x0000008c                __ctors_start = .
 *(.ctors)
                0x0000008c                __ctors_end = .
                0x0000008c                __dtors_start = .
 *(.dtors)
                0x0000008c                __dtors_end = .
 SORT(*)(.ctors)
 SORT(*)(.dtors)
 *(.init0)
 .init0         0x0000008c        0x0 c:/program files (x86)/atmel/atmel studio 6.0/extensions/atmel/avrgcc/3.3.2.31/avrtoolchain/bin/../lib/gcc/avr/4.5.1/../../../../avr/lib/avr51/crtm1284p.o
                0x0000008c                __init
 *(.init0)
 *(.init1)
 *(.init1)
 *(.init2)
 .init2         0x0000008c        0xc c:/program files (x86)/atmel/atmel studio 6.0/extensions/atmel/avrgcc/3.3.2.31/avrtoolchain/bin/../lib/gcc/avr/4.5.1/../../../../avr/lib/avr51/crtm1284p.o
 *(.init2)
 *(.init3)
 *(.init3)
 *(.init4)
 .init4         0x00000098       0x1a c:/program files (x86)/atmel/atmel studio 6.0/extensions/atmel/avrgcc/3.3.2.31/avrtoolchain/bin/../lib/gcc/avr/4.5.1/avr51\libgcc.a(_copy_data.o)
                0x00000098                __do_copy_data
 .init4         0x000000b2       0x10 c:/program files (x86)/atmel/atmel studio 6.0/extensions/atmel/avrgcc/3.3.2.31/avrtoolchain/bin/../lib/gcc/avr/4.5.1/avr51\libgcc.a(_clear_bss.o)
                0x000000b2                __do_clear_bss
 *(.init4)
 *(.init5)
 *(.init5)
 *(.init6)
 *(.init6)
 *(.init7)
 *(.init7)
 *(.init8)
 *(.init8)
 *(.init9)
 .init9         0x000000c2        0x8 c:/program files (x86)/atmel/atmel studio 6.0/extensions/atmel/avrgcc/3.3.2.31/avrtoolchain/bin/../lib/gcc/avr/4.5.1/../../../../avr/lib/avr51/crtm1284p.o
 *(.init9)
 *(.text)
 .text          0x000000ca        0x4 c:/program files (x86)/atmel/atmel studio 6.0/extensions/atmel/avrgcc/3.3.2.31/avrtoolchain/bin/../lib/gcc/avr/4.5.1/../../../../avr/lib/avr51/crtm1284p.o
                0x000000ca                __vector_22
                0x000000ca                __vector_1
                0x000000ca                __vector_32
                0x000000ca                __vector_34
                0x000000ca                __vector_24
                0x000000ca                __vector_12
                0x000000ca                __bad_interrupt
                0x000000ca                __vector_6
                0x000000ca                __vector_31
                0x000000ca                __vector_3
                0x000000ca                __vector_23
                0x000000ca                __vector_30
                0x000000ca                __vector_25
                0x000000ca                __vector_11
                0x000000ca                __vector_17
                0x000000ca                __vector_19
                0x000000ca                __vector_7
                0x000000ca                __vector_27
                0x000000ca                __vector_5
                0x000000ca                __vector_33
                0x000000ca                __vector_4
                0x000000ca                __vector_9
                0x000000ca                __vector_2
                0x000000ca                __vector_21
                0x000000ca                __vector_15
                0x000000ca                __vector_29
                0x000000ca                __vector_8
                0x000000ca                __vector_26
                0x000000ca                __vector_14
                0x000000ca                __vector_10
                0x000000ca                __vector_18
 .text          0x000000ce      0xd62 Ctrl/ctrl_marche.o
                0x00000152                CtrlMarche
                0x00000164                CtrlMarcheDispatcher
                0x00000e0e                CtrlMarcheGetStruct
                0x00000e14                CtrlMarcheMove
                0x00000e22                CtrlMarcheMoveStep
 .text          0x00000e30      0x1f2 Ctrl/ctrl_patte.o
                0x00000e30                CtrlPatte
                0x00000f76                CtrlPatteMove
                0x00000fcc                CtrlPatteDirectMove
 .text          0x00001022       0xde Ctrl/ctrl_tete.o
                0x00001022                CtrlTete
                0x00001050                CtrlTeteDispatcher
                0x000010c4                CtrlTeteStartScan
                0x000010d0                CtrlTeteStopScan
                0x000010d6                CtrlTeteMove
 .text          0x00001100      0x182 Ctrl/ctrl_uart_protocole.o
                0x00001100                CtrlUartProtocole
                0x00001102                CtrlUartProtocoleDispatcher
 .text          0x00001282       0x76 Drv/drv_event.o
                0x00001282                DrvEvent
                0x0000128c                DrvEventKillEvent
                0x000012aa                DrvEventGetEvent
                0x000012b4                DrvEventTestEvent
                0x000012d2                DrvEventAddEvent
 .text          0x000012f8        0x8 Drv/drv_interrupt.o
                0x000012f8                DrvInterruptClearAllInterrupts
                0x000012fc                DrvInterruptSetAllInterrupts
 .text          0x00001300      0x672 Drv/drv_led.o
                0x00001300                DrvLedFlash_ISR
                0x000016c8                DrvLed
                0x000018ac                DrvLedOn
                0x000018e0                DrvLedOff
                0x00001914                DrvLedToggle
                0x0000193a                DrvLedFlash
 .text          0x00001972      0xc50 Drv/drv_servo.o
                0x00001972                DrvServo
                0x00001996                DrvAddServo
                0x00001ada                DrvDeleteServo
                0x00001bb2                DrvServoMoveToPosition
                0x00001e2c                DrvServoDirectMoveToPosition
                0x0000207e                DrvServoMoving
                0x000020a0                DrvServoGetPosition
                0x000020d2                DrvServoSendUartPosition
                0x0000218a                __vector_13
 .text          0x000025c2      0x2ac Drv/drv_timer.o
                0x000025c2                DrvTimer
                0x000025e2                DrvTimerPlayTimer
                0x0000260a                DrvTimerPauseTimer
                0x00002622                DrvTimerStopTimer
                0x0000264a                DrvTimerResetTimer
                0x00002664                DrvTimerDelayTimer
                0x00002682                DrvTimerInitSystemTimer
                0x000026a2                DrvTimerComputeOCR
                0x0000278e                __vector_16
 .text          0x0000286e      0x296 Drv/drv_uart.o
                0x0000286e                DrvUart
                0x000028d0                DrvUart0ReadMessage
                0x000028fe                DrvUart0SendMessage
                0x0000291e                DrvUart1ReadMessage
                0x0000294c                DrvUart1SendMessage
                0x0000296c                __vector_20
                0x00002a38                __vector_28
 .text          0x00002b04       0x8e main.o
                0x00002b04                main
 .text          0x00002b92      0x106 Mic/mic_adc.o
                0x00002b92                micAdcSetReferenceSelectionBits
                0x00002ba4                micAdcSetLeftAdjustResult
                0x00002bb2                micAdcGetLeftAdjustResult
                0x00002bba                micAdcClearLeftAdjustResult
                0x00002bc8                micAdcSetAnalogChannelandGainSelectionBits
                0x00002bda                micAdcGetAnalogChannelandGainSelectionBits
                0x00002be2                micAdcSetAdcEnable
                0x00002bf0                micAdcSetAdcDisable
                0x00002bfe                micAdcSetStartConversion
                0x00002c0c                micAdcSetAutoTriggerEnable
                0x00002c1a                micAdcSetAutoTriggerDisable
                0x00002c28                micAdcClearConversionCompletedFlag
                0x00002c38                micAdcSetInterrupt
                0x00002c46                micAdcClearInterrupt
                0x00002c54                micAdcSetPrescalerSelectBits
                0x00002c66                micAdcSetAutoTriggerSource
                0x00002c78                micAdcReadData8
                0x00002c8c                micAdcReadData16
 .text          0x00002c98      0x1b2 Mic/mic_interrupt.o
                0x00002c98                micInterruptMasterControlUnitInterruptVectorSelect
                0x00002cb0                micInterruptMasterControlUnitInterruptVectorChangeEnable
                0x00002cc8                micInterruptSenseControlBits0
                0x00002cd6                micInterruptSenseControlBits1
                0x00002ce4                micInterruptSenseControlBits2
                0x00002cf2                micInterruptExternalInterruptRequestEnable0
                0x00002d02                micInterruptExternalInterruptRequestEnable1
                0x00002d12                micInterruptExternalInterruptRequestEnable2
                0x00002d22                micInterruptExternalInterruptFlags0
                0x00002d32                micInterruptExternalInterruptFlags1
                0x00002d42                micInterruptExternalInterruptFlags2
                0x00002d52                micInterruptPinChangeInterruptEnable0
                0x00002d72                micInterruptPinChangeInterruptEnable1
                0x00002d92                micInterruptPinChangeInterruptEnable2
                0x00002db2                micInterruptPinChangeInterruptEnable3
                0x00002dd2                micInterruptPinChangeInterruptFlag0
                0x00002de2                micInterruptPinChangeInterruptFlag1
                0x00002df2                micInterruptPinChangeInterruptFlag2
                0x00002e02                micInterruptPinChangeInterruptFlag3
                0x00002e12                micInterruptPinChangeEnableMask3
                0x00002e20                micInterruptPinChangeEnableMask2
                0x00002e2e                micInterruptPinChangeEnableMask1
                0x00002e3c                micInterruptPinChangeEnableMask0
 .text          0x00002e4a      0x64a Mic/mic_io_ports.o
                0x00002e4a                micIoPortsConfigureToToggleLevel
                0x00002ec2                micIoPortsMasterControlUnitPullUpDisable
                0x00002eda                micIoPortsDataRegister
                0x00002fb8                micIoPortsConfigureToHighLevel
                0x00002fcc                micIoPortsConfigureToLowLevel
                0x00002fe0                micIoPortsDirectionRegister
                0x000030be                micIoPortsConfigureInput
                0x0000310a                micIoPortsConfigureOutput
                0x0000311e                micIoPortsInputPinsAddress
                0x000031fc                micIoPortsDataRegisterA
                0x00003232                micIoPortsReadDataRegisterA
                0x00003236                micIoPortsDirectionRegisterA
                0x0000326c                micIoPortsInputPinsAddressA
                0x000032a2                micIoPortsDataRegisterB
                0x000032d8                micIoPortsReadDataRegisterB
                0x000032dc                micIoPortsDirectionRegisterB
                0x00003312                micIoPortsInputPinsAddressB
                0x00003348                micIoPortsDataRegisterC
                0x0000337e                micIoPortsReadDataRegisterC
                0x00003382                micIoPortsDirectionRegisterC
                0x000033b8                micIoPortsInputPinsAddressC
                0x000033ee                micIoPortsDataRegisterD
                0x00003424                micIoPortsReadDataRegisterD
                0x00003428                micIoPortsDirectionRegisterD
                0x0000345e                micIoPortsInputPinsAddressD
 .text          0x00003494      0x152 Mic/mic_power_management.o
                0x00003494                micPowerMangementSleepMode
                0x0000349e                micPowerMangementSleepEnable
                0x000034b6                micPowerMangementMasterControlUnitBrownOutVoltageSleep
                0x000034ce                micPowerMangementMasterControlUnitBrownOutVoltageSleepEnable
                0x000034e6                micPowerMangementPowerReductionTWI
                0x00003506                micPowerMangementPowerReductionTimerCounter2
                0x00003526                micPowerMangementPowerReductionTimerCounter0
                0x00003546                micPowerMangementPowerReductionUSART1
                0x00003566                micPowerMangementPowerReductionTimerCounter1
                0x00003586                micPowerMangementPowerReductionSPI
                0x000035a6                micPowerMangementPowerReductionUSART0
                0x000035c6                micPowerMangementPowerReductionADC
 .text          0x000035e6       0x38 Mic/mic_system_clock.o
                0x000035e6                micSystemClockOscillatorCalibrationValue
                0x000035ee                micSystemClockPrescalerChangeEnable
                0x0000360e                micSystemClockPrescalerSelectBits
 .text          0x0000361e       0x7c Mic/mic_system_control.o
                0x0000361e                micSystemControlMasterControlUnitJtagResetFlag
                0x00003624                micSystemControlMasterControlUnitWatchdogResetFlag
                0x0000362a                micSystemControlMasterControlUnitBrownOutResetFlag
                0x00003630                micSystemControlMasterControlUnitExternalResetFlag
                0x00003636                micSystemControlMasterControlUnitPowerOnResetFlag
                0x0000363c                micSystemControlWatchdogTimerControlWatchdogFlag
                0x00003644                micSystemControlWatchdogTimerControlWatchdogInterruptEnable
                0x00003664                micSystemControlWatchdogTimerControlWatchdogChangeEnable
                0x0000366c                micSystemControlWatchdogTimerControlWatchdogSystemResetEnable
                0x0000368c                micSystemControlWatchdogTimerControlWatchdogTimerPrescaler
 .text          0x0000369a       0xba Mic/mic_timer_0.o
                0x0000369a                micTimer0CompareMatchOutputAMode
                0x000036a8                micTimer0CompareMatchOutputBMode
                0x000036b6                micTimer0WaveformGenerationMode
                0x000036f6                micTimer0ForceOutputCompareA
                0x00003702                micTimer0SetClockDivision
                0x0000370e                micTimer0SetTimerCounterRegister
                0x00003712                micTimer0GetTimerCounterRegister
                0x00003716                micTimer0SetOutputCompareRegisterA
                0x0000371a                micTimer0GetOutputCompareRegisterA
                0x0000371e                micTimer0SetOutputCompareRegisterB
                0x00003722                micTimer0GetOutputCompareRegisterB
                0x00003726                micTimer0SetTimerCounterInterrupt
                0x00003734                micTimer0ClearTimerCounterInterrupt
                0x00003744                micTimer0ClearTimerCounterInterruptFlagRegister
 .text          0x00003754      0x47c Mic/mic_usart.o
                0x00003754                micUsart0SetIODataRegister
                0x0000375c                micUsart1SetIODataRegister
                0x00003764                micUsart0GetIODataRegister
                0x0000376a                micUsart1GetIODataRegister
                0x00003770                micUsart0GetRegisterEmpty
                0x00003778                micUsart1GetRegisterEmpty
                0x00003780                micUsart0GetError
                0x00003788                micUsart1GetError
                0x00003790                micUsart0SetSpeedMode
                0x000037aa                micUsart1SetSpeedMode
                0x000037c4                micUsart0GetSpeedMode
                0x000037cc                micUsart1GetSpeedMode
                0x000037d4                micUsart0SetMultiProcessorMode
                0x000037e2                micUsart1SetMultiProcessorMode
                0x000037f0                micUsart0GetMultiProcessorMode
                0x000037f8                micUsart1GetMultiProcessorMode
                0x00003800                micUsart0GetReceiptCompleted
                0x00003808                micUsart1GetReceiptCompleted
                0x00003810                micUsart0SetTransmitCompleted
                0x0000381e                micUsart1SetTransmitCompleted
                0x0000382c                micUsart0GetTransmitCompleted
                0x00003834                micUsart1GetTransmitCompleted
                0x0000383c                micUsart0GetDataRegisterEmpty
                0x00003844                micUsart1GetDataRegisterEmpty
                0x0000384c                micUsart0SetTransmitterEnable
                0x0000385a                micUsart1SetTransmitterEnable
                0x00003868                micUsart0SetTransmitterDisable
                0x00003876                micUsart1SetTransmitterDisable
                0x00003884                micUsart0SetReceiverEnable
                0x00003892                micUsart1SetReceiverEnable
                0x000038a0                micUsart0SetReceiverDisable
                0x000038ae                micUsart1SetReceiverDisable
                0x000038bc                micUsart0SetDataSize
                0x000038e0                micUsart1SetDataSize
                0x00003904                micUsart0SetParityMode
                0x00003916                micUsart1SetParityMode
                0x00003928                micUsart0SetStopBits
                0x0000393a                micUsart1SetStopBits
                0x0000394c                micUsart0SetRxInterrupt
                0x0000395a                micUsart1SetRxInterrupt
                0x00003968                micUsart0ClearRxInterrupt
                0x00003976                micUsart1ClearRxInterrupt
                0x00003984                micUsart0SetTxInterrupt
                0x00003992                micUsart1SetTxInterrupt
                0x000039a0                micUsart0ClearTxInterrupt
                0x000039ae                micUsart1ClearTxInterrupt
                0x000039bc                micUsart0SetDataRegisterEmptyInterrupt
                0x000039ca                micUsart1SetDataRegisterEmptyInterrupt
                0x000039d8                micUsart0ClearDataRegisterEmptyInterrupt
                0x000039e6                micUsart1ClearDataRegisterEmptyInterrupt
                0x000039f4                micUsart0SetSynchronousClockPolarity
                0x00003a06                micUsart1SetSynchronousClockPolarity
                0x00003a18                micUsart0SetBaudRateAsynchronousNormalMode
                0x00003a70                micUsart1SetBaudRateAsynchronousNormalMode
                0x00003ac8                micUsart0SetBaudRateAsynchronousDoubleSpeedMode
                0x00003b18                micUsart1SetBaudRateAsynchronousDoubleSpeedMode
                0x00003b68                micUsart0SetBaudRateSynchronousMasterMode
                0x00003b9c                micUsart1SetBaudRateSynchronousMasterMode
 .text          0x00003bd0      0x128 Tools/tools_string.o
                0x00003bd0                TlsStringSearchChar
                0x00003bf6                TlsStringConvertByteToAscii
                0x00003cc0                TlsStringConvertAsciiToByte
 .text          0x00003cf8        0x0 c:/program files (x86)/atmel/atmel studio 6.0/extensions/atmel/avrgcc/3.3.2.31/avrtoolchain/bin/../lib/gcc/avr/4.5.1/avr51\libgcc.a(_mulsi3.o)
 .text          0x00003cf8        0x0 c:/program files (x86)/atmel/atmel studio 6.0/extensions/atmel/avrgcc/3.3.2.31/avrtoolchain/bin/../lib/gcc/avr/4.5.1/avr51\libgcc.a(_udivmodqi4.o)
 .text          0x00003cf8        0x0 c:/program files (x86)/atmel/atmel studio 6.0/extensions/atmel/avrgcc/3.3.2.31/avrtoolchain/bin/../lib/gcc/avr/4.5.1/avr51\libgcc.a(_udivmodhi4.o)
 .text          0x00003cf8        0x0 c:/program files (x86)/atmel/atmel studio 6.0/extensions/atmel/avrgcc/3.3.2.31/avrtoolchain/bin/../lib/gcc/avr/4.5.1/avr51\libgcc.a(_udivmodsi4.o)
 .text          0x00003cf8        0x0 c:/program files (x86)/atmel/atmel studio 6.0/extensions/atmel/avrgcc/3.3.2.31/avrtoolchain/bin/../lib/gcc/avr/4.5.1/avr51\libgcc.a(_exit.o)
 .text          0x00003cf8        0x0 c:/program files (x86)/atmel/atmel studio 6.0/extensions/atmel/avrgcc/3.3.2.31/avrtoolchain/bin/../lib/gcc/avr/4.5.1/avr51\libgcc.a(_copy_data.o)
 .text          0x00003cf8        0x0 c:/program files (x86)/atmel/atmel studio 6.0/extensions/atmel/avrgcc/3.3.2.31/avrtoolchain/bin/../lib/gcc/avr/4.5.1/avr51\libgcc.a(_clear_bss.o)
                0x00003cf8                . = ALIGN (0x2)
 *(.text.*)
 .text.libgcc   0x00003cf8       0x3e c:/program files (x86)/atmel/atmel studio 6.0/extensions/atmel/avrgcc/3.3.2.31/avrtoolchain/bin/../lib/gcc/avr/4.5.1/avr51\libgcc.a(_mulsi3.o)
                0x00003cf8                __mulsi3
 .text.libgcc   0x00003d36       0x18 c:/program files (x86)/atmel/atmel studio 6.0/extensions/atmel/avrgcc/3.3.2.31/avrtoolchain/bin/../lib/gcc/avr/4.5.1/avr51\libgcc.a(_udivmodqi4.o)
                0x00003d36                __udivmodqi4
 .text.libgcc   0x00003d4e       0x28 c:/program files (x86)/atmel/atmel studio 6.0/extensions/atmel/avrgcc/3.3.2.31/avrtoolchain/bin/../lib/gcc/avr/4.5.1/avr51\libgcc.a(_udivmodhi4.o)
                0x00003d4e                __udivmodhi4
 .text.libgcc   0x00003d76       0x44 c:/program files (x86)/atmel/atmel studio 6.0/extensions/atmel/avrgcc/3.3.2.31/avrtoolchain/bin/../lib/gcc/avr/4.5.1/avr51\libgcc.a(_udivmodsi4.o)
                0x00003d76                __udivmodsi4
 .text.libgcc   0x00003dba        0x0 c:/program files (x86)/atmel/atmel studio 6.0/extensions/atmel/avrgcc/3.3.2.31/avrtoolchain/bin/../lib/gcc/avr/4.5.1/avr51\libgcc.a(_exit.o)
 .text.libgcc   0x00003dba        0x0 c:/program files (x86)/atmel/atmel studio 6.0/extensions/atmel/avrgcc/3.3.2.31/avrtoolchain/bin/../lib/gcc/avr/4.5.1/avr51\libgcc.a(_copy_data.o)
 .text.libgcc   0x00003dba        0x0 c:/program files (x86)/atmel/atmel studio 6.0/extensions/atmel/avrgcc/3.3.2.31/avrtoolchain/bin/../lib/gcc/avr/4.5.1/avr51\libgcc.a(_clear_bss.o)
                0x00003dba                . = ALIGN (0x2)
 *(.fini9)
 .fini9         0x00003dba        0x0 c:/program files (x86)/atmel/atmel studio 6.0/extensions/atmel/avrgcc/3.3.2.31/avrtoolchain/bin/../lib/gcc/avr/4.5.1/avr51\libgcc.a(_exit.o)
                0x00003dba                _exit
                0x00003dba                exit
 *(.fini9)
 *(.fini8)
 *(.fini8)
 *(.fini7)
 *(.fini7)
 *(.fini6)
 *(.fini6)
 *(.fini5)
 *(.fini5)
 *(.fini4)
 *(.fini4)
 *(.fini3)
 *(.fini3)
 *(.fini2)
 *(.fini2)
 *(.fini1)
 *(.fini1)
 *(.fini0)
 .fini0         0x00003dba        0x4 c:/program files (x86)/atmel/atmel studio 6.0/extensions/atmel/avrgcc/3.3.2.31/avrtoolchain/bin/../lib/gcc/avr/4.5.1/avr51\libgcc.a(_exit.o)
 *(.fini0)
                0x00003dbe                _etext = .

.data           0x00800100       0x10 load address 0x00003dbe
                0x00800100                PROVIDE (__data_start, .)
 *(.data)
 .data          0x00800100        0x0 c:/program files (x86)/atmel/atmel studio 6.0/extensions/atmel/avrgcc/3.3.2.31/avrtoolchain/bin/../lib/gcc/avr/4.5.1/../../../../avr/lib/avr51/crtm1284p.o
 .data          0x00800100        0x1 Ctrl/ctrl_marche.o
 .data          0x00800101        0x0 Ctrl/ctrl_patte.o
 .data          0x00800101        0xa Ctrl/ctrl_tete.o
                0x00800101                enable_scan
                0x00800102                scan_position
 .data          0x0080010b        0x0 Ctrl/ctrl_uart_protocole.o
 .data          0x0080010b        0x0 Drv/drv_event.o
 .data          0x0080010b        0x0 Drv/drv_interrupt.o
 .data          0x0080010b        0x4 Drv/drv_led.o
                0x0080010b                led_pin_name
 .data          0x0080010f        0x1 Drv/drv_servo.o
 .data          0x00800110        0x0 Drv/drv_timer.o
 .data          0x00800110        0x0 Drv/drv_uart.o
 .data          0x00800110        0x0 main.o
 .data          0x00800110        0x0 Mic/mic_adc.o
 .data          0x00800110        0x0 Mic/mic_interrupt.o
 .data          0x00800110        0x0 Mic/mic_io_ports.o
 .data          0x00800110        0x0 Mic/mic_power_management.o
 .data          0x00800110        0x0 Mic/mic_system_clock.o
 .data          0x00800110        0x0 Mic/mic_system_control.o
 .data          0x00800110        0x0 Mic/mic_timer_0.o
 .data          0x00800110        0x0 Mic/mic_usart.o
 .data          0x00800110        0x0 Tools/tools_string.o
 .data          0x00800110        0x0 c:/program files (x86)/atmel/atmel studio 6.0/extensions/atmel/avrgcc/3.3.2.31/avrtoolchain/bin/../lib/gcc/avr/4.5.1/avr51\libgcc.a(_mulsi3.o)
 .data          0x00800110        0x0 c:/program files (x86)/atmel/atmel studio 6.0/extensions/atmel/avrgcc/3.3.2.31/avrtoolchain/bin/../lib/gcc/avr/4.5.1/avr51\libgcc.a(_udivmodqi4.o)
 .data          0x00800110        0x0 c:/program files (x86)/atmel/atmel studio 6.0/extensions/atmel/avrgcc/3.3.2.31/avrtoolchain/bin/../lib/gcc/avr/4.5.1/avr51\libgcc.a(_udivmodhi4.o)
 .data          0x00800110        0x0 c:/program files (x86)/atmel/atmel studio 6.0/extensions/atmel/avrgcc/3.3.2.31/avrtoolchain/bin/../lib/gcc/avr/4.5.1/avr51\libgcc.a(_udivmodsi4.o)
 .data          0x00800110        0x0 c:/program files (x86)/atmel/atmel studio 6.0/extensions/atmel/avrgcc/3.3.2.31/avrtoolchain/bin/../lib/gcc/avr/4.5.1/avr51\libgcc.a(_exit.o)
 .data          0x00800110        0x0 c:/program files (x86)/atmel/atmel studio 6.0/extensions/atmel/avrgcc/3.3.2.31/avrtoolchain/bin/../lib/gcc/avr/4.5.1/avr51\libgcc.a(_copy_data.o)
 .data          0x00800110        0x0 c:/program files (x86)/atmel/atmel studio 6.0/extensions/atmel/avrgcc/3.3.2.31/avrtoolchain/bin/../lib/gcc/avr/4.5.1/avr51\libgcc.a(_clear_bss.o)
 *(.data*)
 *(.rodata)
 *(.rodata*)
 *(.gnu.linkonce.d*)
                0x00800110                . = ALIGN (0x2)
                0x00800110                _edata = .
                0x00800110                PROVIDE (__data_end, .)

.bss            0x00800110      0x23b
                0x00800110                PROVIDE (__bss_start, .)
 *(.bss)
 .bss           0x00800110        0x0 c:/program files (x86)/atmel/atmel studio 6.0/extensions/atmel/avrgcc/3.3.2.31/avrtoolchain/bin/../lib/gcc/avr/4.5.1/../../../../avr/lib/avr51/crtm1284p.o
 .bss           0x00800110        0x3 Ctrl/ctrl_marche.o
 .bss           0x00800113       0x30 Ctrl/ctrl_patte.o
 .bss           0x00800143        0x3 Ctrl/ctrl_tete.o
                0x00800143                index_scan_position
 .bss           0x00800146        0x2 Ctrl/ctrl_uart_protocole.o
                0x00800146                i_message_len_from_digi
                0x00800147                i_message_len_from_head
 .bss           0x00800148        0x2 Drv/drv_event.o
 .bss           0x0080014a        0x0 Drv/drv_interrupt.o
 .bss           0x0080014a        0x0 Drv/drv_led.o
 .bss           0x0080014a       0x8d Drv/drv_servo.o
 .bss           0x008001d7        0x4 Drv/drv_timer.o
                0x008001d7                timeout_ms
                0x008001d8                timeout_s
                0x008001d9                timeout_5s
                0x008001da                timeout_10s
 .bss           0x008001db        0x6 Drv/drv_uart.o
                0x008001db                in_message_len_0
                0x008001dc                ptr_buff_uart_0
                0x008001dd                start_frame_uart_0
                0x008001de                in_message_len_1
                0x008001df                ptr_buff_uart_1
                0x008001e0                start_frame_uart_1
 .bss           0x008001e1        0x2 main.o
                0x008001e1                main_event_flags
 .bss           0x008001e3        0x0 Mic/mic_adc.o
 .bss           0x008001e3        0x0 Mic/mic_interrupt.o
 .bss           0x008001e3        0x0 Mic/mic_io_ports.o
 .bss           0x008001e3        0x0 Mic/mic_power_management.o
 .bss           0x008001e3        0x0 Mic/mic_system_clock.o
 .bss           0x008001e3        0x0 Mic/mic_system_control.o
 .bss           0x008001e3        0x0 Mic/mic_timer_0.o
 .bss           0x008001e3        0x0 Mic/mic_usart.o
 .bss           0x008001e3        0x0 Tools/tools_string.o
 .bss           0x008001e3        0x0 c:/program files (x86)/atmel/atmel studio 6.0/extensions/atmel/avrgcc/3.3.2.31/avrtoolchain/bin/../lib/gcc/avr/4.5.1/avr51\libgcc.a(_mulsi3.o)
 .bss           0x008001e3        0x0 c:/program files (x86)/atmel/atmel studio 6.0/extensions/atmel/avrgcc/3.3.2.31/avrtoolchain/bin/../lib/gcc/avr/4.5.1/avr51\libgcc.a(_udivmodqi4.o)
 .bss           0x008001e3        0x0 c:/program files (x86)/atmel/atmel studio 6.0/extensions/atmel/avrgcc/3.3.2.31/avrtoolchain/bin/../lib/gcc/avr/4.5.1/avr51\libgcc.a(_udivmodhi4.o)
 .bss           0x008001e3        0x0 c:/program files (x86)/atmel/atmel studio 6.0/extensions/atmel/avrgcc/3.3.2.31/avrtoolchain/bin/../lib/gcc/avr/4.5.1/avr51\libgcc.a(_udivmodsi4.o)
 .bss           0x008001e3        0x0 c:/program files (x86)/atmel/atmel studio 6.0/extensions/atmel/avrgcc/3.3.2.31/avrtoolchain/bin/../lib/gcc/avr/4.5.1/avr51\libgcc.a(_exit.o)
 .bss           0x008001e3        0x0 c:/program files (x86)/atmel/atmel studio 6.0/extensions/atmel/avrgcc/3.3.2.31/avrtoolchain/bin/../lib/gcc/avr/4.5.1/avr51\libgcc.a(_copy_data.o)
 .bss           0x008001e3        0x0 c:/program files (x86)/atmel/atmel studio 6.0/extensions/atmel/avrgcc/3.3.2.31/avrtoolchain/bin/../lib/gcc/avr/4.5.1/avr51\libgcc.a(_clear_bss.o)
 *(.bss*)
 *(COMMON)
 COMMON         0x008001e3       0x64 Ctrl/ctrl_uart_protocole.o
                0x008001e3                i_message_from_digi
                0x00800215                i_message_from_head
 COMMON         0x00800247       0x3c Drv/drv_led.o
                0x00800247                MesLeds
 COMMON         0x00800283        0x0 Drv/drv_timer.o
                0x00800283                MesTimer
 COMMON         0x00800283       0xc8 Drv/drv_uart.o
                0x00800283                buff_uart_1
                0x008002b5                in_message_1
                0x008002e7                in_message_0
                0x00800319                buff_uart_0
                0x0080034b                PROVIDE (__bss_end, .)
                0x00003dbe                __data_load_start = LOADADDR (.data)
                0x00003dce                __data_load_end = (__data_load_start + SIZEOF (.data))

.noinit         0x0080034b        0x0
                0x0080034b                PROVIDE (__noinit_start, .)
 *(.noinit*)
                0x0080034b                PROVIDE (__noinit_end, .)
                0x0080034b                _end = .
                0x0080034b                PROVIDE (__heap_start, .)

.eeprom         0x00810000        0x0
 *(.eeprom*)
                0x00810000                __eeprom_end = .

.fuse
 *(.fuse)
 *(.lfuse)
 *(.hfuse)
 *(.efuse)

.lock
 *(.lock*)

.signature
 *(.signature*)

.stab           0x00000000      0x6cc
 *(.stab)
 .stab          0x00000000      0x6cc c:/program files (x86)/atmel/atmel studio 6.0/extensions/atmel/avrgcc/3.3.2.31/avrtoolchain/bin/../lib/gcc/avr/4.5.1/../../../../avr/lib/avr51/crtm1284p.o

.stabstr        0x00000000       0x97
 *(.stabstr)
 .stabstr       0x00000000       0x97 c:/program files (x86)/atmel/atmel studio 6.0/extensions/atmel/avrgcc/3.3.2.31/avrtoolchain/bin/../lib/gcc/avr/4.5.1/../../../../avr/lib/avr51/crtm1284p.o

.stab.excl
 *(.stab.excl)

.stab.exclstr
 *(.stab.exclstr)

.stab.index
 *(.stab.index)

.stab.indexstr
 *(.stab.indexstr)

.comment
 *(.comment)

.debug
 *(.debug)

.line
 *(.line)

.debug_srcinfo
 *(.debug_srcinfo)

.debug_sfnames
 *(.debug_sfnames)

.debug_aranges  0x00000000      0x280
 *(.debug_aranges)
 .debug_aranges
                0x00000000       0x20 Ctrl/ctrl_marche.o
 .debug_aranges
                0x00000020       0x20 Ctrl/ctrl_patte.o
 .debug_aranges
                0x00000040       0x20 Ctrl/ctrl_tete.o
 .debug_aranges
                0x00000060       0x20 Ctrl/ctrl_uart_protocole.o
 .debug_aranges
                0x00000080       0x20 Drv/drv_event.o
 .debug_aranges
                0x000000a0       0x20 Drv/drv_interrupt.o
 .debug_aranges
                0x000000c0       0x20 Drv/drv_led.o
 .debug_aranges
                0x000000e0       0x20 Drv/drv_servo.o
 .debug_aranges
                0x00000100       0x20 Drv/drv_timer.o
 .debug_aranges
                0x00000120       0x20 Drv/drv_uart.o
 .debug_aranges
                0x00000140       0x20 main.o
 .debug_aranges
                0x00000160       0x20 Mic/mic_adc.o
 .debug_aranges
                0x00000180       0x20 Mic/mic_interrupt.o
 .debug_aranges
                0x000001a0       0x20 Mic/mic_io_ports.o
 .debug_aranges
                0x000001c0       0x20 Mic/mic_power_management.o
 .debug_aranges
                0x000001e0       0x20 Mic/mic_system_clock.o
 .debug_aranges
                0x00000200       0x20 Mic/mic_system_control.o
 .debug_aranges
                0x00000220       0x20 Mic/mic_timer_0.o
 .debug_aranges
                0x00000240       0x20 Mic/mic_usart.o
 .debug_aranges
                0x00000260       0x20 Tools/tools_string.o

.debug_pubnames
                0x00000000     0x1f77
 *(.debug_pubnames)
 .debug_pubnames
                0x00000000       0x7c Ctrl/ctrl_marche.o
 .debug_pubnames
                0x0000007c       0x4a Ctrl/ctrl_patte.o
 .debug_pubnames
                0x000000c6       0xac Ctrl/ctrl_tete.o
 .debug_pubnames
                0x00000172       0xb0 Ctrl/ctrl_uart_protocole.o
 .debug_pubnames
                0x00000222       0x75 Drv/drv_event.o
 .debug_pubnames
                0x00000297       0x56 Drv/drv_interrupt.o
 .debug_pubnames
                0x000002ed       0x8a Drv/drv_led.o
 .debug_pubnames
                0x00000377       0xd6 Drv/drv_servo.o
 .debug_pubnames
                0x0000044d      0x11c Drv/drv_timer.o
 .debug_pubnames
                0x00000569      0x160 Drv/drv_uart.o
 .debug_pubnames
                0x000006c9       0x30 main.o
 .debug_pubnames
                0x000006f9      0x23b Mic/mic_adc.o
 .debug_pubnames
                0x00000934      0x3d0 Mic/mic_interrupt.o
 .debug_pubnames
                0x00000d04      0x332 Mic/mic_io_ports.o
 .debug_pubnames
                0x00001036      0x22a Mic/mic_power_management.o
 .debug_pubnames
                0x00001260       0x8d Mic/mic_system_clock.o
 .debug_pubnames
                0x000012ed      0x253 Mic/mic_system_control.o
 .debug_pubnames
                0x00001540      0x227 Mic/mic_timer_0.o
 .debug_pubnames
                0x00001767      0x7a6 Mic/mic_usart.o
 .debug_pubnames
                0x00001f0d       0x6a Tools/tools_string.o

.debug_info     0x00000000     0x53b0
 *(.debug_info)
 .debug_info    0x00000000      0x3fe Ctrl/ctrl_marche.o
 .debug_info    0x000003fe      0x319 Ctrl/ctrl_patte.o
 .debug_info    0x00000717      0x2f6 Ctrl/ctrl_tete.o
 .debug_info    0x00000a0d      0x25c Ctrl/ctrl_uart_protocole.o
 .debug_info    0x00000c69      0x173 Drv/drv_event.o
 .debug_info    0x00000ddc       0x93 Drv/drv_interrupt.o
 .debug_info    0x00000e6f      0x49a Drv/drv_led.o
 .debug_info    0x00001309      0x4f2 Drv/drv_servo.o
 .debug_info    0x000017fb      0x4dd Drv/drv_timer.o
 .debug_info    0x00001cd8      0x3c6 Drv/drv_uart.o
 .debug_info    0x0000209e      0x18a main.o
 .debug_info    0x00002228      0x535 Mic/mic_adc.o
 .debug_info    0x0000275d      0x629 Mic/mic_interrupt.o
 .debug_info    0x00002d86      0xbfc Mic/mic_io_ports.o
 .debug_info    0x00003982      0x36a Mic/mic_power_management.o
 .debug_info    0x00003cec      0x17b Mic/mic_system_clock.o
 .debug_info    0x00003e67      0x2a7 Mic/mic_system_control.o
 .debug_info    0x0000410e      0x42d Mic/mic_timer_0.o
 .debug_info    0x0000453b      0xc68 Mic/mic_usart.o
 .debug_info    0x000051a3      0x20d Tools/tools_string.o
 *(.gnu.linkonce.wi.*)

.debug_abbrev   0x00000000     0x1451
 *(.debug_abbrev)
 .debug_abbrev  0x00000000      0x198 Ctrl/ctrl_marche.o
 .debug_abbrev  0x00000198       0xe9 Ctrl/ctrl_patte.o
 .debug_abbrev  0x00000281       0xed Ctrl/ctrl_tete.o
 .debug_abbrev  0x0000036e      0x14a Ctrl/ctrl_uart_protocole.o
 .debug_abbrev  0x000004b8       0xd1 Drv/drv_event.o
 .debug_abbrev  0x00000589       0x41 Drv/drv_interrupt.o
 .debug_abbrev  0x000005ca      0x15c Drv/drv_led.o
 .debug_abbrev  0x00000726      0x1a3 Drv/drv_servo.o
 .debug_abbrev  0x000008c9      0x1b2 Drv/drv_timer.o
 .debug_abbrev  0x00000a7b       0xd8 Drv/drv_uart.o
 .debug_abbrev  0x00000b53       0xeb main.o
 .debug_abbrev  0x00000c3e       0xce Mic/mic_adc.o
 .debug_abbrev  0x00000d0c       0xac Mic/mic_interrupt.o
 .debug_abbrev  0x00000db8      0x1b7 Mic/mic_io_ports.o
 .debug_abbrev  0x00000f6f       0x9d Mic/mic_power_management.o
 .debug_abbrev  0x0000100c       0x9d Mic/mic_system_clock.o
 .debug_abbrev  0x000010a9       0x9d Mic/mic_system_control.o
 .debug_abbrev  0x00001146       0xe9 Mic/mic_timer_0.o
 .debug_abbrev  0x0000122f      0x142 Mic/mic_usart.o
 .debug_abbrev  0x00001371       0xe0 Tools/tools_string.o

.debug_line     0x00000000     0x77ce
 *(.debug_line)
 .debug_line    0x00000000      0xf71 Ctrl/ctrl_marche.o
 .debug_line    0x00000f71      0x583 Ctrl/ctrl_patte.o
 .debug_line    0x000014f4      0x475 Ctrl/ctrl_tete.o
 .debug_line    0x00001969      0x5fc Ctrl/ctrl_uart_protocole.o
 .debug_line    0x00001f65      0x362 Drv/drv_event.o
 .debug_line    0x000022c7      0x30b Drv/drv_interrupt.o
 .debug_line    0x000025d2      0x914 Drv/drv_led.o
 .debug_line    0x00002ee6      0x69f Drv/drv_servo.o
 .debug_line    0x00003585      0x569 Drv/drv_timer.o
 .debug_line    0x00003aee      0x5ad Drv/drv_uart.o
 .debug_line    0x0000409b      0x4dc main.o
 .debug_line    0x00004577      0x49a Mic/mic_adc.o
 .debug_line    0x00004a11      0x683 Mic/mic_interrupt.o
 .debug_line    0x00005094      0x85c Mic/mic_io_ports.o
 .debug_line    0x000058f0      0x511 Mic/mic_power_management.o
 .debug_line    0x00005e01      0x341 Mic/mic_system_clock.o
 .debug_line    0x00006142      0x405 Mic/mic_system_control.o
 .debug_line    0x00006547      0x46f Mic/mic_timer_0.o
 .debug_line    0x000069b6      0x9fa Mic/mic_usart.o
 .debug_line    0x000073b0      0x41e Tools/tools_string.o

.debug_frame    0x00000000      0xf10
 *(.debug_frame)
 .debug_frame   0x00000000       0x70 Ctrl/ctrl_marche.o
 .debug_frame   0x00000070       0x40 Ctrl/ctrl_patte.o
 .debug_frame   0x000000b0       0x60 Ctrl/ctrl_tete.o
 .debug_frame   0x00000110       0x30 Ctrl/ctrl_uart_protocole.o
 .debug_frame   0x00000140       0x60 Drv/drv_event.o
 .debug_frame   0x000001a0       0x30 Drv/drv_interrupt.o
 .debug_frame   0x000001d0       0x70 Drv/drv_led.o
 .debug_frame   0x00000240       0xa0 Drv/drv_servo.o
 .debug_frame   0x000002e0       0xa0 Drv/drv_timer.o
 .debug_frame   0x00000380       0x80 Drv/drv_uart.o
 .debug_frame   0x00000400       0x20 main.o
 .debug_frame   0x00000420      0x130 Mic/mic_adc.o
 .debug_frame   0x00000550      0x180 Mic/mic_interrupt.o
 .debug_frame   0x000006d0      0x1a0 Mic/mic_io_ports.o
 .debug_frame   0x00000870       0xd0 Mic/mic_power_management.o
 .debug_frame   0x00000940       0x40 Mic/mic_system_clock.o
 .debug_frame   0x00000980       0xb0 Mic/mic_system_control.o
 .debug_frame   0x00000a30       0xf0 Mic/mic_timer_0.o
 .debug_frame   0x00000b20      0x3b0 Mic/mic_usart.o
 .debug_frame   0x00000ed0       0x40 Tools/tools_string.o

.debug_str      0x00000000     0x3354
 *(.debug_str)
 .debug_str     0x00000000      0x2ec Ctrl/ctrl_marche.o
                                0x344 (size before relaxing)
 .debug_str     0x000002ec      0x2a3 Ctrl/ctrl_patte.o
                                0x41c (size before relaxing)
 .debug_str     0x0000058f       0xbc Ctrl/ctrl_tete.o
                                0x44d (size before relaxing)
 .debug_str     0x0000064b      0x11d Ctrl/ctrl_uart_protocole.o
                                0x290 (size before relaxing)
 .debug_str     0x00000768       0x80 Drv/drv_event.o
                                0x17e (size before relaxing)
 .debug_str     0x000007e8       0x53 Drv/drv_interrupt.o
                                0x122 (size before relaxing)
 .debug_str     0x0000083b      0x180 Drv/drv_led.o
                                0x49f (size before relaxing)
 .debug_str     0x000009bb      0x136 Drv/drv_servo.o
                                0x4db (size before relaxing)
 .debug_str     0x00000af1      0x362 Drv/drv_timer.o
                                0x4aa (size before relaxing)
 .debug_str     0x00000e53      0x12f Drv/drv_uart.o
                                0x235 (size before relaxing)
 .debug_str     0x00000f82       0x84 main.o
                                0x17a (size before relaxing)
 .debug_str     0x00001006      0x670 Mic/mic_adc.o
                                0x7ae (size before relaxing)
 .debug_str     0x00001676      0x4fe Mic/mic_interrupt.o
                                0x5f4 (size before relaxing)
 .debug_str     0x00001b74      0x333 Mic/mic_io_ports.o
                                0x64b (size before relaxing)
 .debug_str     0x00001ea7      0x29f Mic/mic_power_management.o
                                0x395 (size before relaxing)
 .debug_str     0x00002146      0x12e Mic/mic_system_clock.o
                                0x224 (size before relaxing)
 .debug_str     0x00002274      0x32b Mic/mic_system_control.o
                                0x431 (size before relaxing)
 .debug_str     0x0000259f      0x352 Mic/mic_timer_0.o
                                0x6f5 (size before relaxing)
 .debug_str     0x000028f1      0x996 Mic/mic_usart.o
                                0xb01 (size before relaxing)
 .debug_str     0x00003287       0xcd Tools/tools_string.o
                                0x1c7 (size before relaxing)

.debug_loc      0x00000000     0x2833
 *(.debug_loc)
 .debug_loc     0x00000000      0x853 Ctrl/ctrl_marche.o
 .debug_loc     0x00000853      0x15a Ctrl/ctrl_patte.o
 .debug_loc     0x000009ad       0xa6 Ctrl/ctrl_tete.o
 .debug_loc     0x00000a53       0x9f Ctrl/ctrl_uart_protocole.o
 .debug_loc     0x00000af2       0x76 Drv/drv_event.o
 .debug_loc     0x00000b68      0x310 Drv/drv_led.o
 .debug_loc     0x00000e78      0x2a0 Drv/drv_servo.o
 .debug_loc     0x00001118      0x105 Drv/drv_timer.o
 .debug_loc     0x0000121d      0x174 Drv/drv_uart.o
 .debug_loc     0x00001391       0x4c Mic/mic_adc.o
 .debug_loc     0x000013dd      0x265 Mic/mic_interrupt.o
 .debug_loc     0x00001642      0x9b3 Mic/mic_io_ports.o
 .debug_loc     0x00001ff5      0x15d Mic/mic_power_management.o
 .debug_loc     0x00002152       0x50 Mic/mic_system_clock.o
 .debug_loc     0x000021a2       0x4f Mic/mic_system_control.o
 .debug_loc     0x000021f1       0xa3 Mic/mic_timer_0.o
 .debug_loc     0x00002294      0x382 Mic/mic_usart.o
 .debug_loc     0x00002616      0x21d Tools/tools_string.o

.debug_macinfo  0x00000000    0x9e3fa
 *(.debug_macinfo)
 .debug_macinfo
                0x00000000     0x888b Ctrl/ctrl_marche.o
 .debug_macinfo
                0x0000888b     0x879a Ctrl/ctrl_patte.o
 .debug_macinfo
                0x00011025     0x848c Ctrl/ctrl_tete.o
 .debug_macinfo
                0x000194b1     0x8996 Ctrl/ctrl_uart_protocole.o
 .debug_macinfo
                0x00021e47     0x8255 Drv/drv_event.o
 .debug_macinfo
                0x0002a09c     0x7668 Drv/drv_interrupt.o
 .debug_macinfo
                0x00031704     0x82dc Drv/drv_led.o
 .debug_macinfo
                0x000399e0     0x8470 Drv/drv_servo.o
 .debug_macinfo
                0x00041e50     0x8339 Drv/drv_timer.o
 .debug_macinfo
                0x0004a189     0x82f6 Drv/drv_uart.o
 .debug_macinfo
                0x0005247f     0x89be main.o
 .debug_macinfo
                0x0005ae3d     0x7662 Mic/mic_adc.o
 .debug_macinfo
                0x0006249f     0x7668 Mic/mic_interrupt.o
 .debug_macinfo
                0x00069b07     0x769b Mic/mic_io_ports.o
 .debug_macinfo
                0x000711a2     0x766f Mic/mic_power_management.o
 .debug_macinfo
                0x00078811     0x766b Mic/mic_system_clock.o
 .debug_macinfo
                0x0007fe7c     0x766d Mic/mic_system_control.o
 .debug_macinfo
                0x000874e9     0x7666 Mic/mic_timer_0.o
 .debug_macinfo
                0x0008eb4f     0x8244 Mic/mic_usart.o
 .debug_macinfo
                0x00096d93     0x7667 Tools/tools_string.o
OUTPUT(Robot.elf elf32-avr)
LOAD linker stubs

.debug_pubtypes
                0x00000000      0xab2
 .debug_pubtypes
                0x00000000       0x84 Ctrl/ctrl_marche.o
 .debug_pubtypes
                0x00000084       0x81 Ctrl/ctrl_patte.o
 .debug_pubtypes
                0x00000105       0x73 Ctrl/ctrl_tete.o
 .debug_pubtypes
                0x00000178       0x58 Ctrl/ctrl_uart_protocole.o
 .debug_pubtypes
                0x000001d0       0x3f Drv/drv_event.o
 .debug_pubtypes
                0x0000020f       0x12 Drv/drv_interrupt.o
 .debug_pubtypes
                0x00000221       0x86 Drv/drv_led.o
 .debug_pubtypes
                0x000002a7       0x9e Drv/drv_servo.o
 .debug_pubtypes
                0x00000345       0xe8 Drv/drv_timer.o
 .debug_pubtypes
                0x0000042d       0x41 Drv/drv_uart.o
 .debug_pubtypes
                0x0000046e       0x3f main.o
 .debug_pubtypes
                0x000004ad       0xfb Mic/mic_adc.o
 .debug_pubtypes
                0x000005a8       0x7c Mic/mic_interrupt.o
 .debug_pubtypes
                0x00000624       0x6e Mic/mic_io_ports.o
 .debug_pubtypes
                0x00000692       0x51 Mic/mic_power_management.o
 .debug_pubtypes
                0x000006e3       0x4d Mic/mic_system_clock.o
 .debug_pubtypes
                0x00000730       0x51 Mic/mic_system_control.o
 .debug_pubtypes
                0x00000781      0x199 Mic/mic_timer_0.o
 .debug_pubtypes
                0x0000091a      0x15c Mic/mic_usart.o
 .debug_pubtypes
                0x00000a76       0x3c Tools/tools_string.o

.debug_ranges   0x00000000      0x6d0
 .debug_ranges  0x00000000      0x2b0 Ctrl/ctrl_marche.o
 .debug_ranges  0x000002b0       0xc0 Ctrl/ctrl_uart_protocole.o
 .debug_ranges  0x00000370       0xd8 Drv/drv_led.o
 .debug_ranges  0x00000448       0x30 Drv/drv_servo.o
 .debug_ranges  0x00000478      0x240 Mic/mic_io_ports.o
 .debug_ranges  0x000006b8       0x18 Tools/tools_string.o
